Archive member included to satisfy reference by file (symbol)

d:/00_program_installation/microchip/xc32/v2.10/bin/bin/../../lib/gcc/pic32c/6.2.1/../../../../pic32c/lib/v7e-m/fpv5/hard\libpic32c.a(data_init.o)
                              build/default/production/_ext/1171490990/startup.o (__pic32c_data_initialization)
d:/00_program_installation/microchip/xc32/v2.10/bin/bin/../../lib/gcc/pic32c/6.2.1/v7e-m/fpv5/hard\libgcc.a(_aeabi_uldivmod.o)
                              build/default/production/_ext/444070925/drv_ethphy.o (__aeabi_uldivmod)
d:/00_program_installation/microchip/xc32/v2.10/bin/bin/../../lib/gcc/pic32c/6.2.1/v7e-m/fpv5/hard\libgcc.a(_udivmoddi4.o)
                              d:/00_program_installation/microchip/xc32/v2.10/bin/bin/../../lib/gcc/pic32c/6.2.1/v7e-m/fpv5/hard\libgcc.a(_aeabi_uldivmod.o) (__udivmoddi4)
d:/00_program_installation/microchip/xc32/v2.10/bin/bin/../../lib/gcc/pic32c/6.2.1/v7e-m/fpv5/hard\libgcc.a(_dvmd_tls.o)
                              d:/00_program_installation/microchip/xc32/v2.10/bin/bin/../../lib/gcc/pic32c/6.2.1/v7e-m/fpv5/hard\libgcc.a(_aeabi_uldivmod.o) (__aeabi_ldiv0)
d:/00_program_installation/microchip/xc32/v2.10/bin/bin/../../lib/gcc/pic32c/6.2.1/../../../../pic32c/lib/v7e-m/fpv5/hard\libc.a(lib_a-calloc.o)
                              build/default/production/_ext/1171490990/initialization.o (calloc)
d:/00_program_installation/microchip/xc32/v2.10/bin/bin/../../lib/gcc/pic32c/6.2.1/../../../../pic32c/lib/v7e-m/fpv5/hard\libc.a(lib_a-callocr.o)
                              d:/00_program_installation/microchip/xc32/v2.10/bin/bin/../../lib/gcc/pic32c/6.2.1/../../../../pic32c/lib/v7e-m/fpv5/hard\libc.a(lib_a-calloc.o) (_calloc_r)
d:/00_program_installation/microchip/xc32/v2.10/bin/bin/../../lib/gcc/pic32c/6.2.1/../../../../pic32c/lib/v7e-m/fpv5/hard\libc.a(lib_a-errno.o)
                              build/default/production/_ext/1033058136/berkeley_api.o (__errno)
d:/00_program_installation/microchip/xc32/v2.10/bin/bin/../../lib/gcc/pic32c/6.2.1/../../../../pic32c/lib/v7e-m/fpv5/hard\libc.a(lib_a-exit.o)
                              d:/00_program_installation/microchip/xc32/v2.10/bin/bin/../../lib/gcc/pic32c/6.2.1/../../../../pic32c/lib/v7e-m/fpv5/hard/crt0.o (exit)
d:/00_program_installation/microchip/xc32/v2.10/bin/bin/../../lib/gcc/pic32c/6.2.1/../../../../pic32c/lib/v7e-m/fpv5/hard\libc.a(lib_a-impure.o)
                              d:/00_program_installation/microchip/xc32/v2.10/bin/bin/../../lib/gcc/pic32c/6.2.1/../../../../pic32c/lib/v7e-m/fpv5/hard\libc.a(lib_a-exit.o) (_global_impure_ptr)
d:/00_program_installation/microchip/xc32/v2.10/bin/bin/../../lib/gcc/pic32c/6.2.1/../../../../pic32c/lib/v7e-m/fpv5/hard\libc.a(lib_a-init.o)
                              d:/00_program_installation/microchip/xc32/v2.10/bin/bin/../../lib/gcc/pic32c/6.2.1/../../../../pic32c/lib/v7e-m/fpv5/hard/crt0.o (__libc_init_array)
d:/00_program_installation/microchip/xc32/v2.10/bin/bin/../../lib/gcc/pic32c/6.2.1/../../../../pic32c/lib/v7e-m/fpv5/hard\libc.a(lib_a-locale.o)
                              build/default/production/_ext/1033058136/dhcp.o (__locale_ctype_ptr)
d:/00_program_installation/microchip/xc32/v2.10/bin/bin/../../lib/gcc/pic32c/6.2.1/../../../../pic32c/lib/v7e-m/fpv5/hard\libc.a(lib_a-malloc.o)
                              build/default/production/_ext/1171490990/initialization.o (malloc)
d:/00_program_installation/microchip/xc32/v2.10/bin/bin/../../lib/gcc/pic32c/6.2.1/../../../../pic32c/lib/v7e-m/fpv5/hard\libc.a(lib_a-mallocr.o)
                              d:/00_program_installation/microchip/xc32/v2.10/bin/bin/../../lib/gcc/pic32c/6.2.1/../../../../pic32c/lib/v7e-m/fpv5/hard\libc.a(lib_a-callocr.o) (_malloc_r)
d:/00_program_installation/microchip/xc32/v2.10/bin/bin/../../lib/gcc/pic32c/6.2.1/../../../../pic32c/lib/v7e-m/fpv5/hard\libc.a(lib_a-mbtowc_r.o)
                              d:/00_program_installation/microchip/xc32/v2.10/bin/bin/../../lib/gcc/pic32c/6.2.1/../../../../pic32c/lib/v7e-m/fpv5/hard\libc.a(lib_a-locale.o) (__ascii_mbtowc)
d:/00_program_installation/microchip/xc32/v2.10/bin/bin/../../lib/gcc/pic32c/6.2.1/../../../../pic32c/lib/v7e-m/fpv5/hard\libc.a(lib_a-memcmp.o)
                              build/default/production/_ext/1546807373/drv_gmac.o (memcmp)
d:/00_program_installation/microchip/xc32/v2.10/bin/bin/../../lib/gcc/pic32c/6.2.1/../../../../pic32c/lib/v7e-m/fpv5/hard\libc.a(lib_a-memcpy.o)
                              build/default/production/_ext/1546807373/drv_gmac.o (memcpy)
d:/00_program_installation/microchip/xc32/v2.10/bin/bin/../../lib/gcc/pic32c/6.2.1/../../../../pic32c/lib/v7e-m/fpv5/hard\libc.a(lib_a-memset.o)
                              d:/00_program_installation/microchip/xc32/v2.10/bin/bin/../../lib/gcc/pic32c/6.2.1/../../../../pic32c/lib/v7e-m/fpv5/hard/crt0.o (memset)
[...]
Memory Configuration

Name             Origin             Length             Attributes
rom              0x00400000         0x00200000         xr
ram              0x20400000         0x00060000         xrw
itcm             0x00000000         0x00000000         xrw
dtcm             0x20000000         0x00000000         xrw
*default*        0x00000000         0xffffffff
tcm              0x00000000         0xffffffff

Linker script and memory map

LOAD d:/00_program_installation/microchip/xc32/v2.10/bin/bin/../../lib/gcc/pic32c/6.2.1/v7e-m/fpv5/hard/crti.o
LOAD d:/00_program_installation/microchip/xc32/v2.10/bin/bin/../../lib/gcc/pic32c/6.2.1/v7e-m/fpv5/hard/crtbegin.o
LOAD d:/00_program_installation/microchip/xc32/v2.10/bin/bin/../../lib/gcc/pic32c/6.2.1/../../../../pic32c/lib/v7e-m/fpv5/hard/crt0.o
LOAD build/default/production/_ext/1360937237/main.o
LOAD build/default/production/_ext/1360937237/app.o
LOAD build/default/production/_ext/1171490990/initialization.o
LOAD build/default/production/_ext/1171490990/tasks.o
LOAD build/default/production/_ext/1171490990/interrupts.o
LOAD build/default/production/_ext/1171490990/exceptions.o
LOAD build/default/production/_ext/60165520/plib_clk.o
LOAD build/default/production/_ext/60177924/plib_pio.o
LOAD build/default/production/_ext/1865468468/plib_nvic.o
LOAD build/default/production/_ext/60175264/plib_mpu.o
LOAD build/default/production/_ext/1171490990/startup.o
LOAD build/default/production/_ext/1171490990/libc_syscalls.o
LOAD build/default/production/_ext/1881668453/sys_int.o
LOAD build/default/production/_ext/444070925/drv_ethphy.o
LOAD build/default/production/_ext/444070925/drv_extphy_smsc8740.o
LOAD build/default/production/_ext/438849557/drv_miim.o
LOAD build/default/production/_ext/1546807373/drv_gmac.o
LOAD build/default/production/_ext/1546807373/drv_gmac_lib.o
LOAD build/default/production/_ext/718466696/net_pres.o
LOAD build/default/production/_ext/678723491/net_pres_enc_glue.o
LOAD build/default/production/_ext/678723491/net_pres_cert_store.o
LOAD build/default/production/_ext/101884895/sys_time.o
LOAD build/default/production/_ext/829342655/plib_tc0.o
LOAD build/default/production/_ext/1033058136/arp.o
LOAD build/default/production/_ext/1033058136/berkeley_api.o
LOAD build/default/production/_ext/1033058136/dhcp.o
LOAD build/default/production/_ext/1033058136/dns.o
LOAD build/default/production/_ext/1033058136/ipv4.o
LOAD build/default/production/_ext/1033058136/icmp.o
LOAD build/default/production/_ext/1033058136/tcpip_heap_alloc.o
LOAD build/default/production/_ext/1033058136/tcpip_heap_internal.o
LOAD build/default/production/_ext/1033058136/helpers.o
LOAD build/default/production/_ext/1033058136/hash_fnv.o
LOAD build/default/production/_ext/1033058136/oahash.o
LOAD build/default/production/_ext/1033058136/tcpip_helpers.o
LOAD build/default/production/_ext/1033058136/tcpip_manager.o
LOAD build/default/production/_ext/1033058136/tcpip_notify.o
LOAD build/default/production/_ext/1033058136/tcpip_packet.o
LOAD build/default/production/_ext/753841488/sys_time_h2_adapter.o
LOAD build/default/production/_ext/1033058136/tcp.o
LOAD build/default/production/_ext/1033058136/udp.o
                0x00000001                __MPLAB_BUILD = 0x1
                0x0000afa0                _min_heap_size = 0xafa0
START GROUP
LOAD d:/00_program_installation/microchip/xc32/v2.10/bin/bin/../../lib/gcc/pic32c/6.2.1/../../../../pic32c/lib/v7e-m/fpv5/hard\libpic32c.a
LOAD d:/00_program_installation/microchip/xc32/v2.10/bin/bin/../../lib/gcc/pic32c/6.2.1/v7e-m/fpv5/hard\libgcc.a
LOAD d:/00_program_installation/microchip/xc32/v2.10/bin/bin/../../lib/gcc/pic32c/6.2.1/../../../../pic32c/lib/v7e-m/fpv5/hard\libc.a
LOAD d:/00_program_installation/microchip/xc32/v2.10/bin/bin/../../lib/gcc/pic32c/6.2.1/../../../../pic32c/lib/v7e-m/fpv5/hard\libm.a
END GROUP
LOAD d:/00_program_installation/microchip/xc32/v2.10/bin/bin/../../lib/gcc/pic32c/6.2.1/v7e-m/fpv5/hard/crtend.o
LOAD d:/00_program_installation/microchip/xc32/v2.10/bin/bin/../../lib/gcc/pic32c/6.2.1/v7e-m/fpv5/hard/crtn.o

.vectors        0x00400000      0x168
                0x00400000                . = ALIGN (0x4)
                0x00400000                _sfixed = .
 *(.vectors .vectors.*)
 .vectors       0x00400000      0x168 build/default/production/_ext/1171490990/interrupts.o
                0x00400000                exception_table

.text           0x00400168       0x24
                0x00400168                . = ALIGN (0x4)
 *(.glue_7t)
 .glue_7t       0x00400168        0x0 linker stubs
 *(.glue_7)
 .glue_7        0x00400168        0x0 linker stubs
 *(.gnu.linkonce.r.*)
 *(.ARM.extab* .gnu.linkonce.armextab.*)
                0x00400168                . = ALIGN (0x4)
 *(.init)
 .init          0x00400168        0x4 d:/00_program_installation/microchip/xc32/v2.10/bin/bin/../../lib/gcc/pic32c/6.2.1/v7e-m/fpv5/hard/crti.o
                0x00400168                _init
 .init          0x0040016c        0x8 d:/00_program_installation/microchip/xc32/v2.10/bin/bin/../../lib/gcc/pic32c/6.2.1/v7e-m/fpv5/hard/crtn.o
                0x00400174                . = ALIGN (0x4)
                0x00400174                __preinit_array_start = .
 *(.preinit_array)
                0x00400174                __preinit_array_end = .
                0x00400174                . = ALIGN (0x4)
                0x00400174                __init_array_start = .
 *(SORT(.init_array.*))
 .init_array.00000
                0x00400174        0x4 d:/00_program_installation/microchip/xc32/v2.10/bin/bin/../../lib/gcc/pic32c/6.2.1/../../../../pic32c/lib/v7e-m/fpv5/hard\libc.a(lib_a-__call_atexit.o)
 *(.init_array)
 .init_array    0x00400178        0x4 d:/00_program_installation/microchip/xc32/v2.10/bin/bin/../../lib/gcc/pic32c/6.2.1/v7e-m/fpv5/hard/crtbegin.o
                0x0040017c                __init_array_end = .
                0x0040017c                . = ALIGN (0x4)
 *crtbegin.o(.ctors)
 *(EXCLUDE_FILE(*crtend.o) .ctors)
 *(SORT(.ctors.*))
 *crtend.o(.ctors)
                0x0040017c                . = ALIGN (0x4)
 *(.fini)
 .fini          0x0040017c        0x4 d:/00_program_installation/microchip/xc32/v2.10/bin/bin/../../lib/gcc/pic32c/6.2.1/v7e-m/fpv5/hard/crti.o
                0x0040017c                _fini
 .fini          0x00400180        0x8 d:/00_program_installation/microchip/xc32/v2.10/bin/bin/../../lib/gcc/pic32c/6.2.1/v7e-m/fpv5/hard/crtn.o
                0x00400188                . = ALIGN (0x4)
                0x00400188                __fini_array_start = .
 *(.fini_array)
 .fini_array    0x00400188        0x4 d:/00_program_installation/microchip/xc32/v2.10/bin/bin/../../lib/gcc/pic32c/6.2.1/v7e-m/fpv5/hard/crtbegin.o
 *(SORT(.fini_array.*))
                0x0040018c                __fini_array_end = .
 *crtbegin.o(.dtors)
 *(EXCLUDE_FILE(*crtend.o) .dtors)
 *(SORT(.dtors.*))
 *crtend.o(.dtors)
                0x0040018c                . = ALIGN (0x4)
                0x0040018c                _efixed = .
                [!provide]                PROVIDE (__exidx_start, .)

.ARM.exidx      0x0040018c        0x8
 *(.ARM.exidx* .gnu.linkonce.armexidx.*)
 .ARM.exidx     0x0040018c        0x8 d:/00_program_installation/microchip/xc32/v2.10/bin/bin/../../lib/gcc/pic32c/6.2.1/v7e-m/fpv5/hard\libgcc.a(_udivmoddi4.o)
                [!provide]                PROVIDE (__exidx_end, .)
                0x00400194                . = ALIGN (0x4)
                0x00400194                _etext = .

.bss            0x20400000      0x334
                0x20400000                . = ALIGN (0x4)
                0x20400000                __bss_start__ = .
                0x20400000                _sbss = .
                0x20400000                _szero = .
 *(COMMON)
 COMMON         0x20400000        0x4 build/default/production/_ext/1360937237/app.o
                0x20400000                appData
 COMMON         0x20400004       0x10 build/default/production/_ext/1171490990/initialization.o
                0x20400004                sysObj
 COMMON         0x20400014      0x314 build/default/production/_ext/718466696/net_pres.o
                0x20400014                sNetPresData
                0x20400238                sNetPresSockets
 COMMON         0x20400328        0x8 build/default/production/_ext/829342655/plib_tc0.o
                0x20400328                TC0_CH0_CallbackObj
 COMMON         0x20400330        0x4 d:/00_program_installation/microchip/xc32/v2.10/bin/bin/../../lib/gcc/pic32c/6.2.1/../../../../pic32c/lib/v7e-m/fpv5/hard\libc.a(lib_a-reent.o)
                0x20400330                errno
                0x20400334                . = ALIGN (0x4)
                0x20400334                __bss_end__ = .
                0x20400334                _ebss = .
                0x20400334                _ezero = .
                0x20400334                . = ALIGN (0x4)
                0x20400334                _end = .
                0x2045ffff                _ram_end_ = ((ORIGIN (ram) + LENGTH (ram)) - 0x1)
OUTPUT(dist/default/production/berkeley_udp_server.X.production.elf elf32-littlearm)
LOAD stack
LOAD data_init

.ARM.attributes
                0x00000000       0x2e
 .ARM.attributes
                0x00000000       0x20 d:/00_program_installation/microchip/xc32/v2.10/bin/bin/../../lib/gcc/pic32c/6.2.1/v7e-m/fpv5/hard/crti.o
 .ARM.attributes
                0x00000020       0x32 d:/00_program_installation/microchip/xc32/v2.10/bin/bin/../../lib/gcc/pic32c/6.2.1/v7e-m/fpv5/hard/crtbegin.o
 .ARM.attributes
                0x00000052       0x37 build/default/production/_ext/1360937237/main.o
 .ARM.attributes
                0x00000089       0x37 build/default/production/_ext/1360937237/app.o
 .ARM.attributes
                0x000000c0       0x37 build/default/production/_ext/1171490990/initialization.o
 .ARM.attributes
                0x000000f7       0x37 build/default/production/_ext/1171490990/tasks.o
 .ARM.attributes
                0x0000012e       0x37 build/default/production/_ext/1171490990/interrupts.o
 .ARM.attributes
                0x00000165       0x37 build/default/production/_ext/1171490990/exceptions.o
 .ARM.attributes
                0x0000019c       0x37 build/default/production/_ext/60165520/plib_clk.o
 .ARM.attributes
                0x000001d3       0x37 build/default/production/_ext/60177924/plib_pio.o
 .ARM.attributes
                0x0000020a       0x37 build/default/production/_ext/1865468468/plib_nvic.o
 .ARM.attributes
                0x00000241       0x37 build/default/production/_ext/60175264/plib_mpu.o
 .ARM.attributes
                0x00000278       0x37 build/default/production/_ext/1171490990/startup.o
 .ARM.attributes
                0x000002af       0x37 build/default/production/_ext/1881668453/sys_int.o
 .ARM.attributes
                0x000002e6       0x37 build/default/production/_ext/444070925/drv_ethphy.o
 .ARM.attributes
                0x0000031d       0x37 build/default/production/_ext/444070925/drv_extphy_smsc8740.o
 .ARM.attributes
                0x00000354       0x37 build/default/production/_ext/438849557/drv_miim.o
 .ARM.attributes
                0x0000038b       0x37 build/default/production/_ext/1546807373/drv_gmac.o
 .ARM.attributes
                0x000003c2       0x37 build/default/production/_ext/1546807373/drv_gmac_lib.o
 .ARM.attributes
                0x000003f9       0x37 build/default/production/_ext/718466696/net_pres.o
 .ARM.attributes
                0x00000430       0x37 build/default/production/_ext/101884895/sys_time.o
 .ARM.attributes
                0x00000467       0x37 build/default/production/_ext/829342655/plib_tc0.o
 .ARM.attributes
                0x0000049e       0x37 build/default/production/_ext/1033058136/arp.o
 .ARM.attributes
                0x000004d5       0x37 build/default/production/_ext/1033058136/berkeley_api.o
 .ARM.attributes
                0x0000050c       0x37 build/default/production/_ext/1033058136/dhcp.o
 .ARM.attributes
                0x00000543       0x37 build/default/production/_ext/1033058136/dns.o
 .ARM.attributes
                0x0000057a       0x37 build/default/production/_ext/1033058136/ipv4.o
 .ARM.attributes
                0x000005b1       0x37 build/default/production/_ext/1033058136/icmp.o
 .ARM.attributes
                0x000005e8       0x37 build/default/production/_ext/1033058136/tcpip_heap_alloc.o
 .ARM.attributes
                0x0000061f       0x37 build/default/production/_ext/1033058136/tcpip_heap_internal.o
 .ARM.attributes
                0x00000656       0x37 build/default/production/_ext/1033058136/helpers.o
 .ARM.attributes
                0x0000068d       0x37 build/default/production/_ext/1033058136/hash_fnv.o
 .ARM.attributes
                0x000006c4       0x37 build/default/production/_ext/1033058136/oahash.o
 .ARM.attributes
                0x000006fb       0x37 build/default/production/_ext/1033058136/tcpip_helpers.o
 .ARM.attributes
                0x00000732       0x37 build/default/production/_ext/1033058136/tcpip_manager.o
 .ARM.attributes
                0x00000769       0x37 build/default/production/_ext/1033058136/tcpip_notify.o
 .ARM.attributes
                0x000007a0       0x37 build/default/production/_ext/1033058136/tcpip_packet.o
 .ARM.attributes
                0x000007d7       0x37 build/default/production/_ext/753841488/sys_time_h2_adapter.o
 .ARM.attributes
                0x0000080e       0x37 build/default/production/_ext/1033058136/tcp.o
 .ARM.attributes
                0x00000845       0x37 build/default/production/_ext/1033058136/udp.o
 .ARM.attributes
                0x0000087c       0x32 d:/00_program_installation/microchip/xc32/v2.10/bin/bin/../../lib/gcc/pic32c/6.2.1/../../../../pic32c/lib/v7e-m/fpv5/hard\libpic32c.a(data_init.o)
 .ARM.attributes
                0x000008ae       0x20 d:/00_program_installation/microchip/xc32/v2.10/bin/bin/../../lib/gcc/pic32c/6.2.1/v7e-m/fpv5/hard\libgcc.a(_aeabi_uldivmod.o)
 .ARM.attributes
                0x000008ce       0x32 d:/00_program_installation/microchip/xc32/v2.10/bin/bin/../../lib/gcc/pic32c/6.2.1/v7e-m/fpv5/hard\libgcc.a(_udivmoddi4.o)
 .ARM.attributes
                0x00000900       0x20 d:/00_program_installation/microchip/xc32/v2.10/bin/bin/../../lib/gcc/pic32c/6.2.1/v7e-m/fpv5/hard\libgcc.a(_dvmd_tls.o)
 .ARM.attributes
                0x00000920       0x32 d:/00_program_installation/microchip/xc32/v2.10/bin/bin/../../lib/gcc/pic32c/6.2.1/../../../../pic32c/lib/v7e-m/fpv5/hard\libc.a(lib_a-calloc.o)
 .ARM.attributes
                0x00000952       0x32 d:/00_program_installation/microchip/xc32/v2.10/bin/bin/../../lib/gcc/pic32c/6.2.1/../../../../pic32c/lib/v7e-m/fpv5/hard\libc.a(lib_a-callocr.o)
 .ARM.attributes
                0x00000984       0x32 d:/00_program_installation/microchip/xc32/v2.10/bin/bin/../../lib/gcc/pic32c/6.2.1/../../../../pic32c/lib/v7e-m/fpv5/hard\libc.a(lib_a-errno.o)
 .ARM.attributes
                0x000009b6       0x32 d:/00_program_installation/microchip/xc32/v2.10/bin/bin/../../lib/gcc/pic32c/6.2.1/../../../../pic32c/lib/v7e-m/fpv5/hard\libc.a(lib_a-impure.o)
 .ARM.attributes
                0x000009e8       0x32 d:/00_program_installation/microchip/xc32/v2.10/bin/bin/../../lib/gcc/pic32c/6.2.1/../../../../pic32c/lib/v7e-m/fpv5/hard\libc.a(lib_a-init.o)
 .ARM.attributes
                0x00000a1a       0x32 d:/00_program_installation/microchip/xc32/v2.10/bin/bin/../../lib/gcc/pic32c/6.2.1/../../../../pic32c/lib/v7e-m/fpv5/hard\libc.a(lib_a-locale.o)
 .ARM.attributes
                0x00000a4c       0x32 d:/00_program_installation/microchip/xc32/v2.10/bin/bin/../../lib/gcc/pic32c/6.2.1/../../../../pic32c/lib/v7e-m/fpv5/hard\libc.a(lib_a-malloc.o)
 .ARM.attributes
                0x00000a7e       0x32 d:/00_program_installation/microchip/xc32/v2.10/bin/bin/../../lib/gcc/pic32c/6.2.1/../../../../pic32c/lib/v7e-m/fpv5/hard\libc.a(lib_a-mallocr.o)
 .ARM.attributes
                0x00000ab0       0x32 d:/00_program_installation/microchip/xc32/v2.10/bin/bin/../../lib/gcc/pic32c/6.2.1/../../../../pic32c/lib/v7e-m/fpv5/hard\libc.a(lib_a-mbtowc_r.o)
 .ARM.attributes
                0x00000ae2       0x32 d:/00_program_installation/microchip/xc32/v2.10/bin/bin/../../lib/gcc/pic32c/6.2.1/../../../../pic32c/lib/v7e-m/fpv5/hard\libc.a(lib_a-memcmp.o)
 .ARM.attributes
                0x00000b14       0x1e d:/00_program_installation/microchip/xc32/v2.10/bin/bin/../../lib/gcc/pic32c/6.2.1/../../../../pic32c/lib/v7e-m/fpv5/hard\libc.a(lib_a-memcpy.o)
 .ARM.attributes
                0x00000b32       0x32 d:/00_program_installation/microchip/xc32/v2.10/bin/bin/../../lib/gcc/pic32c/6.2.1/../../../../pic32c/lib/v7e-m/fpv5/hard\libc.a(lib_a-memset.o)
 .ARM.attributes
                0x00000b64       0x32 d:/00_program_installation/microchip/xc32/v2.10/bin/bin/../../lib/gcc/pic32c/6.2.1/../../../../pic32c/lib/v7e-m/fpv5/hard\libc.a(lib_a-mlock.o)
 .ARM.attributes
                0x00000b96       0x32 d:/00_program_installation/microchip/xc32/v2.10/bin/bin/../../lib/gcc/pic32c/6.2.1/../../../../pic32c/lib/v7e-m/fpv5/hard\libc.a(lib_a-rand.o)
 .ARM.attributes
                0x00000bc8       0x32 d:/00_program_installation/microchip/xc32/v2.10/bin/bin/../../lib/gcc/pic32c/6.2.1/../../../../pic32c/lib/v7e-m/fpv5/hard\libc.a(lib_a-sbrkr.o)
 .ARM.attributes
                0x00000bfa       0x1e d:/00_program_installation/microchip/xc32/v2.10/bin/bin/../../lib/gcc/pic32c/6.2.1/../../../../pic32c/lib/v7e-m/fpv5/hard\libc.a(lib_a-strcmp.o)
 .ARM.attributes
                0x00000c18       0x1e d:/00_program_installation/microchip/xc32/v2.10/bin/bin/../../lib/gcc/pic32c/6.2.1/../../../../pic32c/lib/v7e-m/fpv5/hard\libc.a(lib_a-strlen.o)
 .ARM.attributes
                0x00000c36       0x32 d:/00_program_installation/microchip/xc32/v2.10/bin/bin/../../lib/gcc/pic32c/6.2.1/../../../../pic32c/lib/v7e-m/fpv5/hard\libc.a(lib_a-strncpy.o)
 .ARM.attributes
                0x00000c68       0x32 d:/00_program_installation/microchip/xc32/v2.10/bin/bin/../../lib/gcc/pic32c/6.2.1/../../../../pic32c/lib/v7e-m/fpv5/hard\libc.a(lib_a-wctomb_r.o)
 .ARM.attributes
                0x00000c9a       0x32 d:/00_program_installation/microchip/xc32/v2.10/bin/bin/../../lib/gcc/pic32c/6.2.1/../../../../pic32c/lib/v7e-m/fpv5/hard\libc.a(snprintf.cdnopsuxX.o)
 .ARM.attributes
                0x00000ccc       0x32 d:/00_program_installation/microchip/xc32/v2.10/bin/bin/../../lib/gcc/pic32c/6.2.1/../../../../pic32c/lib/v7e-m/fpv5/hard\libc.a(vfprintf.cdnopsuxX.o)
 .ARM.attributes
                0x00000cfe       0x32 d:/00_program_installation/microchip/xc32/v2.10/bin/bin/../../lib/gcc/pic32c/6.2.1/../../../../pic32c/lib/v7e-m/fpv5/hard\libc.a(vsnprintf.cdnopsuxX.o)
 .ARM.attributes
                0x00000d30       0x32 d:/00_program_installation/microchip/xc32/v2.10/bin/bin/../../lib/gcc/pic32c/6.2.1/../../../../pic32c/lib/v7e-m/fpv5/hard\libc.a(lib_a-__call_atexit.o)
 .ARM.attributes
                0x00000d62       0x32 d:/00_program_installation/microchip/xc32/v2.10/bin/bin/../../lib/gcc/pic32c/6.2.1/../../../../pic32c/lib/v7e-m/fpv5/hard\libc.a(lib_a-atexit.o)
 .ARM.attributes
                0x00000d94       0x32 d:/00_program_installation/microchip/xc32/v2.10/bin/bin/../../lib/gcc/pic32c/6.2.1/../../../../pic32c/lib/v7e-m/fpv5/hard\libc.a(lib_a-ctype_.o)
 .ARM.attributes
                0x00000dc6       0x32 d:/00_program_installation/microchip/xc32/v2.10/bin/bin/../../lib/gcc/pic32c/6.2.1/../../../../pic32c/lib/v7e-m/fpv5/hard\libc.a(lib_a-fflush.o)
 .ARM.attributes
                0x00000df8       0x32 d:/00_program_installation/microchip/xc32/v2.10/bin/bin/../../lib/gcc/pic32c/6.2.1/../../../../pic32c/lib/v7e-m/fpv5/hard\libc.a(lib_a-findfp.o)
 .ARM.attributes
                0x00000e2a       0x32 d:/00_program_installation/microchip/xc32/v2.10/bin/bin/../../lib/gcc/pic32c/6.2.1/../../../../pic32c/lib/v7e-m/fpv5/hard\libc.a(lib_a-fini.o)
 .ARM.attributes
                0x00000e5c       0x32 d:/00_program_installation/microchip/xc32/v2.10/bin/bin/../../lib/gcc/pic32c/6.2.1/../../../../pic32c/lib/v7e-m/fpv5/hard\libc.a(lib_a-freer.o)
 .ARM.attributes
                0x00000e8e       0x32 d:/00_program_installation/microchip/xc32/v2.10/bin/bin/../../lib/gcc/pic32c/6.2.1/../../../../pic32c/lib/v7e-m/fpv5/hard\libc.a(lib_a-fwalk.o)
 .ARM.attributes
                0x00000ec0       0x1e d:/00_program_installation/microchip/xc32/v2.10/bin/bin/../../lib/gcc/pic32c/6.2.1/../../../../pic32c/lib/v7e-m/fpv5/hard\libc.a(lib_a-memchr.o)
 .ARM.attributes
                0x00000ede       0x32 d:/00_program_installation/microchip/xc32/v2.10/bin/bin/../../lib/gcc/pic32c/6.2.1/../../../../pic32c/lib/v7e-m/fpv5/hard\libc.a(lib_a-reent.o)
 .ARM.attributes
                0x00000f10       0x32 d:/00_program_installation/microchip/xc32/v2.10/bin/bin/../../lib/gcc/pic32c/6.2.1/../../../../pic32c/lib/v7e-m/fpv5/hard\libc.a(lib_a-stdio.o)
 .ARM.attributes
                0x00000f42       0x32 d:/00_program_installation/microchip/xc32/v2.10/bin/bin/../../lib/gcc/pic32c/6.2.1/../../../../pic32c/lib/v7e-m/fpv5/hard\libc.a(lib_a-vfiprintf.o)
 .ARM.attributes
                0x00000f74       0x32 d:/00_program_installation/microchip/xc32/v2.10/bin/bin/../../lib/gcc/pic32c/6.2.1/../../../../pic32c/lib/v7e-m/fpv5/hard\libc.a(lib_a-writer.o)
 .ARM.attributes
                0x00000fa6       0x32 d:/00_program_installation/microchip/xc32/v2.10/bin/bin/../../lib/gcc/pic32c/6.2.1/../../../../pic32c/lib/v7e-m/fpv5/hard\libc.a(lib_a-wsetup.o)
 .ARM.attributes
                0x00000fd8       0x32 d:/00_program_installation/microchip/xc32/v2.10/bin/bin/../../lib/gcc/pic32c/6.2.1/../../../../pic32c/lib/v7e-m/fpv5/hard\libc.a(lib_a-__atexit.o)
 .ARM.attributes
                0x0000100a       0x32 d:/00_program_installation/microchip/xc32/v2.10/bin/bin/../../lib/gcc/pic32c/6.2.1/../../../../pic32c/lib/v7e-m/fpv5/hard\libc.a(lib_a-closer.o)
 .ARM.attributes
                0x0000103c       0x32 d:/00_program_installation/microchip/xc32/v2.10/bin/bin/../../lib/gcc/pic32c/6.2.1/../../../../pic32c/lib/v7e-m/fpv5/hard\libc.a(lib_a-fclose.o)
 .ARM.attributes
                0x0000106e       0x32 d:/00_program_installation/microchip/xc32/v2.10/bin/bin/../../lib/gcc/pic32c/6.2.1/../../../../pic32c/lib/v7e-m/fpv5/hard\libc.a(lib_a-fputwc.o)
 .ARM.attributes
                0x000010a0       0x32 d:/00_program_installation/microchip/xc32/v2.10/bin/bin/../../lib/gcc/pic32c/6.2.1/../../../../pic32c/lib/v7e-m/fpv5/hard\libc.a(lib_a-fvwrite.o)
 .ARM.attributes
                0x000010d2       0x32 d:/00_program_installation/microchip/xc32/v2.10/bin/bin/../../lib/gcc/pic32c/6.2.1/../../../../pic32c/lib/v7e-m/fpv5/hard\libc.a(lib_a-lseekr.o)
 .ARM.attributes
                0x00001104       0x32 d:/00_program_installation/microchip/xc32/v2.10/bin/bin/../../lib/gcc/pic32c/6.2.1/../../../../pic32c/lib/v7e-m/fpv5/hard\libc.a(lib_a-makebuf.o)
 .ARM.attributes
                0x00001136       0x32 d:/00_program_installation/microchip/xc32/v2.10/bin/bin/../../lib/gcc/pic32c/6.2.1/../../../../pic32c/lib/v7e-m/fpv5/hard\libc.a(lib_a-memmove.o)
 .ARM.attributes
                0x00001168       0x32 d:/00_program_installation/microchip/xc32/v2.10/bin/bin/../../lib/gcc/pic32c/6.2.1/../../../../pic32c/lib/v7e-m/fpv5/hard\libc.a(lib_a-readr.o)
 .ARM.attributes
                0x0000119a       0x32 d:/00_program_installation/microchip/xc32/v2.10/bin/bin/../../lib/gcc/pic32c/6.2.1/../../../../pic32c/lib/v7e-m/fpv5/hard\libc.a(lib_a-reallocr.o)
 .ARM.attributes
                0x000011cc       0x32 d:/00_program_installation/microchip/xc32/v2.10/bin/bin/../../lib/gcc/pic32c/6.2.1/../../../../pic32c/lib/v7e-m/fpv5/hard\libc.a(lib_a-wbuf.o)
 .ARM.attributes
                0x000011fe       0x32 d:/00_program_installation/microchip/xc32/v2.10/bin/bin/../../lib/gcc/pic32c/6.2.1/../../../../pic32c/lib/v7e-m/fpv5/hard\libc.a(lib_a-wcrtomb.o)
 .ARM.attributes
                0x00001230       0x32 d:/00_program_installation/microchip/xc32/v2.10/bin/bin/../../lib/gcc/pic32c/6.2.1/../../../../pic32c/lib/v7e-m/fpv5/hard\libc.a(lib_a-fstatr.o)
 .ARM.attributes
                0x00001262       0x32 d:/00_program_installation/microchip/xc32/v2.10/bin/bin/../../lib/gcc/pic32c/6.2.1/../../../../pic32c/lib/v7e-m/fpv5/hard\libc.a(lib_a-isattyr.o)
 .ARM.attributes
                0x00001294       0x32 d:/00_program_installation/microchip/xc32/v2.10/bin/bin/../../lib/gcc/pic32c/6.2.1/../../../../pic32c/lib/v7e-m/fpv5/hard\libpic32c.a(close.o)
 .ARM.attributes
                0x000012c6       0x32 d:/00_program_installation/microchip/xc32/v2.10/bin/bin/../../lib/gcc/pic32c/6.2.1/../../../../pic32c/lib/v7e-m/fpv5/hard\libpic32c.a(fstat.o)
 .ARM.attributes
                0x000012f8       0x32 d:/00_program_installation/microchip/xc32/v2.10/bin/bin/../../lib/gcc/pic32c/6.2.1/../../../../pic32c/lib/v7e-m/fpv5/hard\libpic32c.a(isatty.o)
 .ARM.attributes
                0x0000132a       0x32 d:/00_program_installation/microchip/xc32/v2.10/bin/bin/../../lib/gcc/pic32c/6.2.1/../../../../pic32c/lib/v7e-m/fpv5/hard\libpic32c.a(lseek.o)
 .ARM.attributes
                0x0000135c       0x32 d:/00_program_installation/microchip/xc32/v2.10/bin/bin/../../lib/gcc/pic32c/6.2.1/../../../../pic32c/lib/v7e-m/fpv5/hard\libpic32c.a(read.o)
 .ARM.attributes
                0x0000138e       0x32 d:/00_program_installation/microchip/xc32/v2.10/bin/bin/../../lib/gcc/pic32c/6.2.1/../../../../pic32c/lib/v7e-m/fpv5/hard\libpic32c.a(sbrk.o)
 .ARM.attributes
                0x000013c0       0x32 d:/00_program_installation/microchip/xc32/v2.10/bin/bin/../../lib/gcc/pic32c/6.2.1/../../../../pic32c/lib/v7e-m/fpv5/hard\libpic32c.a(write.o)
 .ARM.attributes
                0x000013f2       0x32 d:/00_program_installation/microchip/xc32/v2.10/bin/bin/../../lib/gcc/pic32c/6.2.1/../../../../pic32c/lib/v7e-m/fpv5/hard\libpic32c.a(_mon_getc.o)
 .ARM.attributes
                0x00001424       0x32 d:/00_program_installation/microchip/xc32/v2.10/bin/bin/../../lib/gcc/pic32c/6.2.1/../../../../pic32c/lib/v7e-m/fpv5/hard\libpic32c.a(_mon_putc.o)
 .ARM.attributes
                0x00001456       0x20 d:/00_program_installation/microchip/xc32/v2.10/bin/bin/../../lib/gcc/pic32c/6.2.1/v7e-m/fpv5/hard/crtn.o

.comment        0x00000000       0x3c
 .comment       0x00000000       0x3c d:/00_program_installation/microchip/xc32/v2.10/bin/bin/../../lib/gcc/pic32c/6.2.1/v7e-m/fpv5/hard/crtbegin.o
                                 0x3d (size before relaxing)
 .comment       0x0000003c       0x3d build/default/production/_ext/1360937237/main.o
 .comment       0x0000003c       0x3d build/default/production/_ext/1360937237/app.o
 .comment       0x0000003c       0x3d build/default/production/_ext/1171490990/initialization.o
 .comment       0x0000003c       0x3d build/default/production/_ext/1171490990/tasks.o
 .comment       0x0000003c       0x3d build/default/production/_ext/1171490990/interrupts.o
 .comment       0x0000003c       0x3d build/default/production/_ext/1171490990/exceptions.o
 .comment       0x0000003c       0x3d build/default/production/_ext/60165520/plib_clk.o
 .comment       0x0000003c       0x3d build/default/production/_ext/60177924/plib_pio.o
 .comment       0x0000003c       0x3d build/default/production/_ext/1865468468/plib_nvic.o
 .comment       0x0000003c       0x3d build/default/production/_ext/60175264/plib_mpu.o
 .comment       0x0000003c       0x3d build/default/production/_ext/1171490990/startup.o
 .comment       0x0000003c       0x3d build/default/production/_ext/1881668453/sys_int.o
 .comment       0x0000003c       0x3d build/default/production/_ext/444070925/drv_ethphy.o
 .comment       0x0000003c       0x3d build/default/production/_ext/444070925/drv_extphy_smsc8740.o
 .comment       0x0000003c       0x3d build/default/production/_ext/438849557/drv_miim.o
 .comment       0x0000003c       0x3d build/default/production/_ext/1546807373/drv_gmac.o
 .comment       0x0000003c       0x3d build/default/production/_ext/1546807373/drv_gmac_lib.o
 .comment       0x0000003c       0x3d build/default/production/_ext/718466696/net_pres.o
 .comment       0x0000003c       0x3d build/default/production/_ext/101884895/sys_time.o
 .comment       0x0000003c       0x3d build/default/production/_ext/829342655/plib_tc0.o
 .comment       0x0000003c       0x3d build/default/production/_ext/1033058136/arp.o
 .comment       0x0000003c       0x3d build/default/production/_ext/1033058136/berkeley_api.o
 .comment       0x0000003c       0x3d build/default/production/_ext/1033058136/dhcp.o
 .comment       0x0000003c       0x3d build/default/production/_ext/1033058136/dns.o
 .comment       0x0000003c       0x3d build/default/production/_ext/1033058136/ipv4.o
 .comment       0x0000003c       0x3d build/default/production/_ext/1033058136/icmp.o
 .comment       0x0000003c       0x3d build/default/production/_ext/1033058136/tcpip_heap_alloc.o
 .comment       0x0000003c       0x3d build/default/production/_ext/1033058136/tcpip_heap_internal.o
 .comment       0x0000003c       0x3d build/default/production/_ext/1033058136/helpers.o
 .comment       0x0000003c       0x3d build/default/production/_ext/1033058136/hash_fnv.o
 .comment       0x0000003c       0x3d build/default/production/_ext/1033058136/oahash.o
 .comment       0x0000003c       0x3d build/default/production/_ext/1033058136/tcpip_helpers.o
 .comment       0x0000003c       0x3d build/default/production/_ext/1033058136/tcpip_manager.o
 .comment       0x0000003c       0x3d build/default/production/_ext/1033058136/tcpip_notify.o
 .comment       0x0000003c       0x3d build/default/production/_ext/1033058136/tcpip_packet.o
 .comment       0x0000003c       0x3d build/default/production/_ext/753841488/sys_time_h2_adapter.o
 .comment       0x0000003c       0x3d build/default/production/_ext/1033058136/tcp.o
 .comment       0x0000003c       0x3d build/default/production/_ext/1033058136/udp.o
 .comment       0x0000003c       0x3d d:/00_program_installation/microchip/xc32/v2.10/bin/bin/../../lib/gcc/pic32c/6.2.1/../../../../pic32c/lib/v7e-m/fpv5/hard\libpic32c.a(data_init.o)
 .comment       0x0000003c       0x3d d:/00_program_installation/microchip/xc32/v2.10/bin/bin/../../lib/gcc/pic32c/6.2.1/v7e-m/fpv5/hard\libgcc.a(_udivmoddi4.o)
 .comment       0x0000003c       0x3d d:/00_program_installation/microchip/xc32/v2.10/bin/bin/../../lib/gcc/pic32c/6.2.1/../../../../pic32c/lib/v7e-m/fpv5/hard\libc.a(lib_a-calloc.o)
 .comment       0x0000003c       0x3d d:/00_program_installation/microchip/xc32/v2.10/bin/bin/../../lib/gcc/pic32c/6.2.1/../../../../pic32c/lib/v7e-m/fpv5/hard\libc.a(lib_a-callocr.o)
 .comment       0x0000003c       0x3d d:/00_program_installation/microchip/xc32/v2.10/bin/bin/../../lib/gcc/pic32c/6.2.1/../../../../pic32c/lib/v7e-m/fpv5/hard\libc.a(lib_a-errno.o)
 .comment       0x0000003c       0x3d d:/00_program_installation/microchip/xc32/v2.10/bin/bin/../../lib/gcc/pic32c/6.2.1/../../../../pic32c/lib/v7e-m/fpv5/hard\libc.a(lib_a-impure.o)
 .comment       0x0000003c       0x3d d:/00_program_installation/microchip/xc32/v2.10/bin/bin/../../lib/gcc/pic32c/6.2.1/../../../../pic32c/lib/v7e-m/fpv5/hard\libc.a(lib_a-init.o)
 .comment       0x0000003c       0x3d d:/00_program_installation/microchip/xc32/v2.10/bin/bin/../../lib/gcc/pic32c/6.2.1/../../../../pic32c/lib/v7e-m/fpv5/hard\libc.a(lib_a-locale.o)
 .comment       0x0000003c       0x3d d:/00_program_installation/microchip/xc32/v2.10/bin/bin/../../lib/gcc/pic32c/6.2.1/../../../../pic32c/lib/v7e-m/fpv5/hard\libc.a(lib_a-malloc.o)
 .comment       0x0000003c       0x3d d:/00_program_installation/microchip/xc32/v2.10/bin/bin/../../lib/gcc/pic32c/6.2.1/../../../../pic32c/lib/v7e-m/fpv5/hard\libc.a(lib_a-mallocr.o)
 .comment       0x0000003c       0x3d d:/00_program_installation/microchip/xc32/v2.10/bin/bin/../../lib/gcc/pic32c/6.2.1/../../../../pic32c/lib/v7e-m/fpv5/hard\libc.a(lib_a-mbtowc_r.o)
 .comment       0x0000003c       0x3d d:/00_program_installation/microchip/xc32/v2.10/bin/bin/../../lib/gcc/pic32c/6.2.1/../../../../pic32c/lib/v7e-m/fpv5/hard\libc.a(lib_a-memcmp.o)
 .comment       0x0000003c       0x3d d:/00_program_installation/microchip/xc32/v2.10/bin/bin/../../lib/gcc/pic32c/6.2.1/../../../../pic32c/lib/v7e-m/fpv5/hard\libc.a(lib_a-memset.o)
 .comment       0x0000003c       0x3d d:/00_program_installation/microchip/xc32/v2.10/bin/bin/../../lib/gcc/pic32c/6.2.1/../../../../pic32c/lib/v7e-m/fpv5/hard\libc.a(lib_a-mlock.o)
 .comment       0x0000003c       0x3d d:/00_program_installation/microchip/xc32/v2.10/bin/bin/../../lib/gcc/pic32c/6.2.1/../../../../pic32c/lib/v7e-m/fpv5/hard\libc.a(lib_a-rand.o)
 .comment       0x0000003c       0x3d d:/00_program_installation/microchip/xc32/v2.10/bin/bin/../../lib/gcc/pic32c/6.2.1/../../../../pic32c/lib/v7e-m/fpv5/hard\libc.a(lib_a-sbrkr.o)
 .comment       0x0000003c       0x3d d:/00_program_installation/microchip/xc32/v2.10/bin/bin/../../lib/gcc/pic32c/6.2.1/../../../../pic32c/lib/v7e-m/fpv5/hard\libc.a(lib_a-strncpy.o)
 .comment       0x0000003c       0x3d d:/00_program_installation/microchip/xc32/v2.10/bin/bin/../../lib/gcc/pic32c/6.2.1/../../../../pic32c/lib/v7e-m/fpv5/hard\libc.a(lib_a-wctomb_r.o)
 .comment       0x0000003c       0x3d d:/00_program_installation/microchip/xc32/v2.10/bin/bin/../../lib/gcc/pic32c/6.2.1/../../../../pic32c/lib/v7e-m/fpv5/hard\libc.a(snprintf.cdnopsuxX.o)
 .comment       0x0000003c       0x3d d:/00_program_installation/microchip/xc32/v2.10/bin/bin/../../lib/gcc/pic32c/6.2.1/../../../../pic32c/lib/v7e-m/fpv5/hard\libc.a(vfprintf.cdnopsuxX.o)
 .comment       0x0000003c       0x3d d:/00_program_installation/microchip/xc32/v2.10/bin/bin/../../lib/gcc/pic32c/6.2.1/../../../../pic32c/lib/v7e-m/fpv5/hard\libc.a(vsnprintf.cdnopsuxX.o)
 .comment       0x0000003c       0x3d d:/00_program_installation/microchip/xc32/v2.10/bin/bin/../../lib/gcc/pic32c/6.2.1/../../../../pic32c/lib/v7e-m/fpv5/hard\libc.a(lib_a-__call_atexit.o)
 .comment       0x0000003c       0x3d d:/00_program_installation/microchip/xc32/v2.10/bin/bin/../../lib/gcc/pic32c/6.2.1/../../../../pic32c/lib/v7e-m/fpv5/hard\libc.a(lib_a-atexit.o)
 .comment       0x0000003c       0x3d d:/00_program_installation/microchip/xc32/v2.10/bin/bin/../../lib/gcc/pic32c/6.2.1/../../../../pic32c/lib/v7e-m/fpv5/hard\libc.a(lib_a-ctype_.o)
 .comment       0x0000003c       0x3d d:/00_program_installation/microchip/xc32/v2.10/bin/bin/../../lib/gcc/pic32c/6.2.1/../../../../pic32c/lib/v7e-m/fpv5/hard\libc.a(lib_a-fflush.o)
 .comment       0x0000003c       0x3d d:/00_program_installation/microchip/xc32/v2.10/bin/bin/../../lib/gcc/pic32c/6.2.1/../../../../pic32c/lib/v7e-m/fpv5/hard\libc.a(lib_a-findfp.o)
 .comment       0x0000003c       0x3d d:/00_program_installation/microchip/xc32/v2.10/bin/bin/../../lib/gcc/pic32c/6.2.1/../../../../pic32c/lib/v7e-m/fpv5/hard\libc.a(lib_a-fini.o)
 .comment       0x0000003c       0x3d d:/00_program_installation/microchip/xc32/v2.10/bin/bin/../../lib/gcc/pic32c/6.2.1/../../../../pic32c/lib/v7e-m/fpv5/hard\libc.a(lib_a-freer.o)
 .comment       0x0000003c       0x3d d:/00_program_installation/microchip/xc32/v2.10/bin/bin/../../lib/gcc/pic32c/6.2.1/../../../../pic32c/lib/v7e-m/fpv5/hard\libc.a(lib_a-fwalk.o)
 .comment       0x0000003c       0x3d d:/00_program_installation/microchip/xc32/v2.10/bin/bin/../../lib/gcc/pic32c/6.2.1/../../../../pic32c/lib/v7e-m/fpv5/hard\libc.a(lib_a-reent.o)
 .comment       0x0000003c       0x3d d:/00_program_installation/microchip/xc32/v2.10/bin/bin/../../lib/gcc/pic32c/6.2.1/../../../../pic32c/lib/v7e-m/fpv5/hard\libc.a(lib_a-stdio.o)
 .comment       0x0000003c       0x3d d:/00_program_installation/microchip/xc32/v2.10/bin/bin/../../lib/gcc/pic32c/6.2.1/../../../../pic32c/lib/v7e-m/fpv5/hard\libc.a(lib_a-vfiprintf.o)
 .comment       0x0000003c       0x3d d:/00_program_installation/microchip/xc32/v2.10/bin/bin/../../lib/gcc/pic32c/6.2.1/../../../../pic32c/lib/v7e-m/fpv5/hard\libc.a(lib_a-writer.o)
 .comment       0x0000003c       0x3d d:/00_program_installation/microchip/xc32/v2.10/bin/bin/../../lib/gcc/pic32c/6.2.1/../../../../pic32c/lib/v7e-m/fpv5/hard\libc.a(lib_a-wsetup.o)
 .comment       0x0000003c       0x3d d:/00_program_installation/microchip/xc32/v2.10/bin/bin/../../lib/gcc/pic32c/6.2.1/../../../../pic32c/lib/v7e-m/fpv5/hard\libc.a(lib_a-__atexit.o)
 .comment       0x0000003c       0x3d d:/00_program_installation/microchip/xc32/v2.10/bin/bin/../../lib/gcc/pic32c/6.2.1/../../../../pic32c/lib/v7e-m/fpv5/hard\libc.a(lib_a-closer.o)
 .comment       0x0000003c       0x3d d:/00_program_installation/microchip/xc32/v2.10/bin/bin/../../lib/gcc/pic32c/6.2.1/../../../../pic32c/lib/v7e-m/fpv5/hard\libc.a(lib_a-fclose.o)
 .comment       0x0000003c       0x3d d:/00_program_installation/microchip/xc32/v2.10/bin/bin/../../lib/gcc/pic32c/6.2.1/../../../../pic32c/lib/v7e-m/fpv5/hard\libc.a(lib_a-fputwc.o)
 .comment       0x0000003c       0x3d d:/00_program_installation/microchip/xc32/v2.10/bin/bin/../../lib/gcc/pic32c/6.2.1/../../../../pic32c/lib/v7e-m/fpv5/hard\libc.a(lib_a-fvwrite.o)
 .comment       0x0000003c       0x3d d:/00_program_installation/microchip/xc32/v2.10/bin/bin/../../lib/gcc/pic32c/6.2.1/../../../../pic32c/lib/v7e-m/fpv5/hard\libc.a(lib_a-lseekr.o)
 .comment       0x0000003c       0x3d d:/00_program_installation/microchip/xc32/v2.10/bin/bin/../../lib/gcc/pic32c/6.2.1/../../../../pic32c/lib/v7e-m/fpv5/hard\libc.a(lib_a-makebuf.o)
 .comment       0x0000003c       0x3d d:/00_program_installation/microchip/xc32/v2.10/bin/bin/../../lib/gcc/pic32c/6.2.1/../../../../pic32c/lib/v7e-m/fpv5/hard\libc.a(lib_a-memmove.o)
 .comment       0x0000003c       0x3d d:/00_program_installation/microchip/xc32/v2.10/bin/bin/../../lib/gcc/pic32c/6.2.1/../../../../pic32c/lib/v7e-m/fpv5/hard\libc.a(lib_a-readr.o)
 .comment       0x0000003c       0x3d d:/00_program_installation/microchip/xc32/v2.10/bin/bin/../../lib/gcc/pic32c/6.2.1/../../../../pic32c/lib/v7e-m/fpv5/hard\libc.a(lib_a-reallocr.o)
 .comment       0x0000003c       0x3d d:/00_program_installation/microchip/xc32/v2.10/bin/bin/../../lib/gcc/pic32c/6.2.1/../../../../pic32c/lib/v7e-m/fpv5/hard\libc.a(lib_a-wbuf.o)
 .comment       0x0000003c       0x3d d:/00_program_installation/microchip/xc32/v2.10/bin/bin/../../lib/gcc/pic32c/6.2.1/../../../../pic32c/lib/v7e-m/fpv5/hard\libc.a(lib_a-wcrtomb.o)
 .comment       0x0000003c       0x3d d:/00_program_installation/microchip/xc32/v2.10/bin/bin/../../lib/gcc/pic32c/6.2.1/../../../../pic32c/lib/v7e-m/fpv5/hard\libc.a(lib_a-fstatr.o)
 .comment       0x0000003c       0x3d d:/00_program_installation/microchip/xc32/v2.10/bin/bin/../../lib/gcc/pic32c/6.2.1/../../../../pic32c/lib/v7e-m/fpv5/hard\libc.a(lib_a-isattyr.o)
 .comment       0x0000003c       0x3d d:/00_program_installation/microchip/xc32/v2.10/bin/bin/../../lib/gcc/pic32c/6.2.1/../../../../pic32c/lib/v7e-m/fpv5/hard\libpic32c.a(close.o)
 .comment       0x0000003c       0x3d d:/00_program_installation/microchip/xc32/v2.10/bin/bin/../../lib/gcc/pic32c/6.2.1/../../../../pic32c/lib/v7e-m/fpv5/hard\libpic32c.a(fstat.o)
 .comment       0x0000003c       0x3d d:/00_program_installation/microchip/xc32/v2.10/bin/bin/../../lib/gcc/pic32c/6.2.1/../../../../pic32c/lib/v7e-m/fpv5/hard\libpic32c.a(isatty.o)
 .comment       0x0000003c       0x3d d:/00_program_installation/microchip/xc32/v2.10/bin/bin/../../lib/gcc/pic32c/6.2.1/../../../../pic32c/lib/v7e-m/fpv5/hard\libpic32c.a(lseek.o)
 .comment       0x0000003c       0x3d d:/00_program_installation/microchip/xc32/v2.10/bin/bin/../../lib/gcc/pic32c/6.2.1/../../../../pic32c/lib/v7e-m/fpv5/hard\libpic32c.a(read.o)
 .comment       0x0000003c       0x3d d:/00_program_installation/microchip/xc32/v2.10/bin/bin/../../lib/gcc/pic32c/6.2.1/../../../../pic32c/lib/v7e-m/fpv5/hard\libpic32c.a(sbrk.o)
 .comment       0x0000003c       0x3d d:/00_program_installation/microchip/xc32/v2.10/bin/bin/../../lib/gcc/pic32c/6.2.1/../../../../pic32c/lib/v7e-m/fpv5/hard\libpic32c.a(write.o)
 .comment       0x0000003c       0x3d d:/00_program_installation/microchip/xc32/v2.10/bin/bin/../../lib/gcc/pic32c/6.2.1/../../../../pic32c/lib/v7e-m/fpv5/hard\libpic32c.a(_mon_getc.o)
 .comment       0x0000003c       0x3d d:/00_program_installation/microchip/xc32/v2.10/bin/bin/../../lib/gcc/pic32c/6.2.1/../../../../pic32c/lib/v7e-m/fpv5/hard\libpic32c.a(_mon_putc.o)

.debug_info     0x00000000    0xfde95
 .debug_info    0x00000000     0x4380 build/default/production/_ext/1360937237/main.o
 .debug_info    0x00004380     0x4a27 build/default/production/_ext/1360937237/app.o
 .debug_info    0x00008da7     0x712f build/default/production/_ext/1171490990/initialization.o
 .debug_info    0x0000fed6     0x43ab build/default/production/_ext/1171490990/tasks.o
 .debug_info    0x00014281     0x4e41 build/default/production/_ext/1171490990/interrupts.o
 .debug_info    0x000190c2     0x4420 build/default/production/_ext/1171490990/exceptions.o
 .debug_info    0x0001d4e2      0x913 build/default/production/_ext/60165520/plib_clk.o
 .debug_info    0x0001ddf5      0xcc5 build/default/production/_ext/60177924/plib_pio.o
 .debug_info    0x0001eaba      0xf24 build/default/production/_ext/1865468468/plib_nvic.o
 .debug_info    0x0001f9de      0x8a4 build/default/production/_ext/60175264/plib_mpu.o
 .debug_info    0x00020282     0x4d24 build/default/production/_ext/1171490990/startup.o
 .debug_info    0x00024fa6      0xbed build/default/production/_ext/1881668453/sys_int.o
 .debug_info    0x00025b93     0x85bf build/default/production/_ext/444070925/drv_ethphy.o
 .debug_info    0x0002e152     0x31cb build/default/production/_ext/444070925/drv_extphy_smsc8740.o
 .debug_info    0x0003131d     0x591c build/default/production/_ext/438849557/drv_miim.o
 .debug_info    0x00036c39     0xa63c build/default/production/_ext/1546807373/drv_gmac.o
 .debug_info    0x00041275     0x8c36 build/default/production/_ext/1546807373/drv_gmac_lib.o
 .debug_info    0x00049eab     0x3ade build/default/production/_ext/718466696/net_pres.o
 .debug_info    0x0004d989     0x2b9f build/default/production/_ext/101884895/sys_time.o
 .debug_info    0x00050528      0xeff build/default/production/_ext/829342655/plib_tc0.o
 .debug_info    0x00051427     0x8543 build/default/production/_ext/1033058136/arp.o
 .debug_info    0x0005996a     0x8b5d build/default/production/_ext/1033058136/berkeley_api.o
 .debug_info    0x000624c7     0xad41 build/default/production/_ext/1033058136/dhcp.o
 .debug_info    0x0006d208     0x916c build/default/production/_ext/1033058136/dns.o
 .debug_info    0x00076374     0x7de7 build/default/production/_ext/1033058136/ipv4.o
 .debug_info    0x0007e15b     0x54c2 build/default/production/_ext/1033058136/icmp.o
 .debug_info    0x0008361d     0x4535 build/default/production/_ext/1033058136/tcpip_heap_alloc.o
 .debug_info    0x00087b52     0x5439 build/default/production/_ext/1033058136/tcpip_heap_internal.o
 .debug_info    0x0008cf8b     0x10fb build/default/production/_ext/1033058136/helpers.o
 .debug_info    0x0008e086      0xf18 build/default/production/_ext/1033058136/hash_fnv.o
 .debug_info    0x0008ef9e     0x1592 build/default/production/_ext/1033058136/oahash.o
 .debug_info    0x00090530     0x81cf build/default/production/_ext/1033058136/tcpip_helpers.o
 .debug_info    0x000986ff     0xca04 build/default/production/_ext/1033058136/tcpip_manager.o
 .debug_info    0x000a5103     0x4384 build/default/production/_ext/1033058136/tcpip_notify.o
 .debug_info    0x000a9487     0x53a1 build/default/production/_ext/1033058136/tcpip_packet.o
 .debug_info    0x000ae828      0x4fd build/default/production/_ext/753841488/sys_time_h2_adapter.o
 .debug_info    0x000aed25     0xc988 build/default/production/_ext/1033058136/tcp.o
 .debug_info    0x000bb6ad     0xa760 build/default/production/_ext/1033058136/udp.o
 .debug_info    0x000c5e0d      0x29f d:/00_program_installation/microchip/xc32/v2.10/bin/bin/../../lib/gcc/pic32c/6.2.1/../../../../pic32c/lib/v7e-m/fpv5/hard\libpic32c.a(data_init.o)
 .debug_info    0x000c60ac      0x10f d:/00_program_installation/microchip/xc32/v2.10/bin/bin/../../lib/gcc/pic32c/6.2.1/v7e-m/fpv5/hard\libgcc.a(_aeabi_uldivmod.o)
 .debug_info    0x000c61bb     0x2288 d:/00_program_installation/microchip/xc32/v2.10/bin/bin/../../lib/gcc/pic32c/6.2.1/v7e-m/fpv5/hard\libgcc.a(_udivmoddi4.o)
 .debug_info    0x000c8443      0x113 d:/00_program_installation/microchip/xc32/v2.10/bin/bin/../../lib/gcc/pic32c/6.2.1/v7e-m/fpv5/hard\libgcc.a(_dvmd_tls.o)
 .debug_info    0x000c8556      0xe42 d:/00_program_installation/microchip/xc32/v2.10/bin/bin/../../lib/gcc/pic32c/6.2.1/../../../../pic32c/lib/v7e-m/fpv5/hard\libc.a(lib_a-calloc.o)
 .debug_info    0x000c9398     0x1248 d:/00_program_installation/microchip/xc32/v2.10/bin/bin/../../lib/gcc/pic32c/6.2.1/../../../../pic32c/lib/v7e-m/fpv5/hard\libc.a(lib_a-callocr.o)
 .debug_info    0x000ca5e0      0xe1b d:/00_program_installation/microchip/xc32/v2.10/bin/bin/../../lib/gcc/pic32c/6.2.1/../../../../pic32c/lib/v7e-m/fpv5/hard\libc.a(lib_a-errno.o)
 .debug_info    0x000cb3fb      0xdde d:/00_program_installation/microchip/xc32/v2.10/bin/bin/../../lib/gcc/pic32c/6.2.1/../../../../pic32c/lib/v7e-m/fpv5/hard\libc.a(lib_a-impure.o)
 .debug_info    0x000cc1d9      0x40a d:/00_program_installation/microchip/xc32/v2.10/bin/bin/../../lib/gcc/pic32c/6.2.1/../../../../pic32c/lib/v7e-m/fpv5/hard\libc.a(lib_a-init.o)
 .debug_info    0x000cc5e3     0x1884 d:/00_program_installation/microchip/xc32/v2.10/bin/bin/../../lib/gcc/pic32c/6.2.1/../../../../pic32c/lib/v7e-m/fpv5/hard\libc.a(lib_a-locale.o)
 .debug_info    0x000cde67      0xe81 d:/00_program_installation/microchip/xc32/v2.10/bin/bin/../../lib/gcc/pic32c/6.2.1/../../../../pic32c/lib/v7e-m/fpv5/hard\libc.a(lib_a-malloc.o)
 .debug_info    0x000cece8     0x155d d:/00_program_installation/microchip/xc32/v2.10/bin/bin/../../lib/gcc/pic32c/6.2.1/../../../../pic32c/lib/v7e-m/fpv5/hard\libc.a(lib_a-mallocr.o)
 .debug_info    0x000d0245     0x176c d:/00_program_installation/microchip/xc32/v2.10/bin/bin/../../lib/gcc/pic32c/6.2.1/../../../../pic32c/lib/v7e-m/fpv5/hard\libc.a(lib_a-mbtowc_r.o)
 .debug_info    0x000d19b1      0xe5a d:/00_program_installation/microchip/xc32/v2.10/bin/bin/../../lib/gcc/pic32c/6.2.1/../../../../pic32c/lib/v7e-m/fpv5/hard\libc.a(lib_a-memcmp.o)
 .debug_info    0x000d280b      0x129 d:/00_program_installation/microchip/xc32/v2.10/bin/bin/../../lib/gcc/pic32c/6.2.1/../../../../pic32c/lib/v7e-m/fpv5/hard\libc.a(lib_a-memcpy.o)
 .debug_info    0x000d2934     0x15e9 d:/00_program_installation/microchip/xc32/v2.10/bin/bin/../../lib/gcc/pic32c/6.2.1/../../../../pic32c/lib/v7e-m/fpv5/hard\libc.a(lib_a-memset.o)
 .debug_info    0x000d3f1d      0xe38 d:/00_program_installation/microchip/xc32/v2.10/bin/bin/../../lib/gcc/pic32c/6.2.1/../../../../pic32c/lib/v7e-m/fpv5/hard\libc.a(lib_a-mlock.o)
 .debug_info    0x000d4d55      0xe33 d:/00_program_installation/microchip/xc32/v2.10/bin/bin/../../lib/gcc/pic32c/6.2.1/../../../../pic32c/lib/v7e-m/fpv5/hard\libc.a(lib_a-rand.o)
 .debug_info    0x000d5b88      0xece d:/00_program_installation/microchip/xc32/v2.10/bin/bin/../../lib/gcc/pic32c/6.2.1/../../../../pic32c/lib/v7e-m/fpv5/hard\libc.a(lib_a-sbrkr.o)
 .debug_info    0x000d6a56      0x128 d:/00_program_installation/microchip/xc32/v2.10/bin/bin/../../lib/gcc/pic32c/6.2.1/../../../../pic32c/lib/v7e-m/fpv5/hard\libc.a(lib_a-strcmp.o)
 .debug_info    0x000d6b7e      0x128 d:/00_program_installation/microchip/xc32/v2.10/bin/bin/../../lib/gcc/pic32c/6.2.1/../../../../pic32c/lib/v7e-m/fpv5/hard\libc.a(lib_a-strlen.o)
 .debug_info    0x000d6ca6      0xe7a d:/00_program_installation/microchip/xc32/v2.10/bin/bin/../../lib/gcc/pic32c/6.2.1/../../../../pic32c/lib/v7e-m/fpv5/hard\libc.a(lib_a-strncpy.o)
 .debug_info    0x000d7b20     0x1737 d:/00_program_installation/microchip/xc32/v2.10/bin/bin/../../lib/gcc/pic32c/6.2.1/../../../../pic32c/lib/v7e-m/fpv5/hard\libc.a(lib_a-wctomb_r.o)
 .debug_info    0x000d9257      0xf36 d:/00_program_installation/microchip/xc32/v2.10/bin/bin/../../lib/gcc/pic32c/6.2.1/../../../../pic32c/lib/v7e-m/fpv5/hard\libc.a(snprintf.cdnopsuxX.o)
 .debug_info    0x000da18d     0x2137 d:/00_program_installation/microchip/xc32/v2.10/bin/bin/../../lib/gcc/pic32c/6.2.1/../../../../pic32c/lib/v7e-m/fpv5/hard\libc.a(vfprintf.cdnopsuxX.o)
 .debug_info    0x000dc2c4      0xf75 d:/00_program_installation/microchip/xc32/v2.10/bin/bin/../../lib/gcc/pic32c/6.2.1/../../../../pic32c/lib/v7e-m/fpv5/hard\libc.a(vsnprintf.cdnopsuxX.o)
 .debug_info    0x000dd239      0xf5a d:/00_program_installation/microchip/xc32/v2.10/bin/bin/../../lib/gcc/pic32c/6.2.1/../../../../pic32c/lib/v7e-m/fpv5/hard\libc.a(lib_a-__call_atexit.o)
 .debug_info    0x000de193      0xe6f d:/00_program_installation/microchip/xc32/v2.10/bin/bin/../../lib/gcc/pic32c/6.2.1/../../../../pic32c/lib/v7e-m/fpv5/hard\libc.a(lib_a-atexit.o)
 .debug_info    0x000df002     0x1569 d:/00_program_installation/microchip/xc32/v2.10/bin/bin/../../lib/gcc/pic32c/6.2.1/../../../../pic32c/lib/v7e-m/fpv5/hard\libc.a(lib_a-ctype_.o)
 .debug_info    0x000e056b     0x1342 d:/00_program_installation/microchip/xc32/v2.10/bin/bin/../../lib/gcc/pic32c/6.2.1/../../../../pic32c/lib/v7e-m/fpv5/hard\libc.a(lib_a-fflush.o)
 .debug_info    0x000e18ad     0x170a d:/00_program_installation/microchip/xc32/v2.10/bin/bin/../../lib/gcc/pic32c/6.2.1/../../../../pic32c/lib/v7e-m/fpv5/hard\libc.a(lib_a-findfp.o)
 .debug_info    0x000e2fb7      0x3cf d:/00_program_installation/microchip/xc32/v2.10/bin/bin/../../lib/gcc/pic32c/6.2.1/../../../../pic32c/lib/v7e-m/fpv5/hard\libc.a(lib_a-fini.o)
 .debug_info    0x000e3386     0x13bc d:/00_program_installation/microchip/xc32/v2.10/bin/bin/../../lib/gcc/pic32c/6.2.1/../../../../pic32c/lib/v7e-m/fpv5/hard\libc.a(lib_a-freer.o)
 .debug_info    0x000e4742     0x1255 d:/00_program_installation/microchip/xc32/v2.10/bin/bin/../../lib/gcc/pic32c/6.2.1/../../../../pic32c/lib/v7e-m/fpv5/hard\libc.a(lib_a-fwalk.o)
 .debug_info    0x000e5997      0x122 d:/00_program_installation/microchip/xc32/v2.10/bin/bin/../../lib/gcc/pic32c/6.2.1/../../../../pic32c/lib/v7e-m/fpv5/hard\libc.a(lib_a-memchr.o)
 .debug_info    0x000e5ab9      0xf8a d:/00_program_installation/microchip/xc32/v2.10/bin/bin/../../lib/gcc/pic32c/6.2.1/../../../../pic32c/lib/v7e-m/fpv5/hard\libc.a(lib_a-reent.o)
 .debug_info    0x000e6a43     0x140c d:/00_program_installation/microchip/xc32/v2.10/bin/bin/../../lib/gcc/pic32c/6.2.1/../../../../pic32c/lib/v7e-m/fpv5/hard\libc.a(lib_a-stdio.o)
 .debug_info    0x000e7e4f     0x2682 d:/00_program_installation/microchip/xc32/v2.10/bin/bin/../../lib/gcc/pic32c/6.2.1/../../../../pic32c/lib/v7e-m/fpv5/hard\libc.a(lib_a-vfiprintf.o)
 .debug_info    0x000ea4d1      0xf05 d:/00_program_installation/microchip/xc32/v2.10/bin/bin/../../lib/gcc/pic32c/6.2.1/../../../../pic32c/lib/v7e-m/fpv5/hard\libc.a(lib_a-writer.o)
 .debug_info    0x000eb3d6     0x11d7 d:/00_program_installation/microchip/xc32/v2.10/bin/bin/../../lib/gcc/pic32c/6.2.1/../../../../pic32c/lib/v7e-m/fpv5/hard\libc.a(lib_a-wsetup.o)
 .debug_info    0x000ec5ad      0xedb d:/00_program_installation/microchip/xc32/v2.10/bin/bin/../../lib/gcc/pic32c/6.2.1/../../../../pic32c/lib/v7e-m/fpv5/hard\libc.a(lib_a-__atexit.o)
 .debug_info    0x000ed488      0xeb5 d:/00_program_installation/microchip/xc32/v2.10/bin/bin/../../lib/gcc/pic32c/6.2.1/../../../../pic32c/lib/v7e-m/fpv5/hard\libc.a(lib_a-closer.o)
 .debug_info    0x000ee33d     0x1291 d:/00_program_installation/microchip/xc32/v2.10/bin/bin/../../lib/gcc/pic32c/6.2.1/../../../../pic32c/lib/v7e-m/fpv5/hard\libc.a(lib_a-fclose.o)
 .debug_info    0x000ef5ce     0x13fc d:/00_program_installation/microchip/xc32/v2.10/bin/bin/../../lib/gcc/pic32c/6.2.1/../../../../pic32c/lib/v7e-m/fpv5/hard\libc.a(lib_a-fputwc.o)
 .debug_info    0x000f09ca     0x14ef d:/00_program_installation/microchip/xc32/v2.10/bin/bin/../../lib/gcc/pic32c/6.2.1/../../../../pic32c/lib/v7e-m/fpv5/hard\libc.a(lib_a-fvwrite.o)
 .debug_info    0x000f1eb9      0xee6 d:/00_program_installation/microchip/xc32/v2.10/bin/bin/../../lib/gcc/pic32c/6.2.1/../../../../pic32c/lib/v7e-m/fpv5/hard\libc.a(lib_a-lseekr.o)
 .debug_info    0x000f2d9f     0x15a4 d:/00_program_installation/microchip/xc32/v2.10/bin/bin/../../lib/gcc/pic32c/6.2.1/../../../../pic32c/lib/v7e-m/fpv5/hard\libc.a(lib_a-makebuf.o)
 .debug_info    0x000f4343     0x160b d:/00_program_installation/microchip/xc32/v2.10/bin/bin/../../lib/gcc/pic32c/6.2.1/../../../../pic32c/lib/v7e-m/fpv5/hard\libc.a(lib_a-memmove.o)
 .debug_info    0x000f594e      0xefd d:/00_program_installation/microchip/xc32/v2.10/bin/bin/../../lib/gcc/pic32c/6.2.1/../../../../pic32c/lib/v7e-m/fpv5/hard\libc.a(lib_a-readr.o)
 .debug_info    0x000f684b     0x14db d:/00_program_installation/microchip/xc32/v2.10/bin/bin/../../lib/gcc/pic32c/6.2.1/../../../../pic32c/lib/v7e-m/fpv5/hard\libc.a(lib_a-reallocr.o)
 .debug_info    0x000f7d26     0x125c d:/00_program_installation/microchip/xc32/v2.10/bin/bin/../../lib/gcc/pic32c/6.2.1/../../../../pic32c/lib/v7e-m/fpv5/hard\libc.a(lib_a-wbuf.o)
 .debug_info    0x000f8f82     0x17ed d:/00_program_installation/microchip/xc32/v2.10/bin/bin/../../lib/gcc/pic32c/6.2.1/../../../../pic32c/lib/v7e-m/fpv5/hard\libc.a(lib_a-wcrtomb.o)
 .debug_info    0x000fa76f     0x11aa d:/00_program_installation/microchip/xc32/v2.10/bin/bin/../../lib/gcc/pic32c/6.2.1/../../../../pic32c/lib/v7e-m/fpv5/hard\libc.a(lib_a-fstatr.o)
 .debug_info    0x000fb919      0xeba d:/00_program_installation/microchip/xc32/v2.10/bin/bin/../../lib/gcc/pic32c/6.2.1/../../../../pic32c/lib/v7e-m/fpv5/hard\libc.a(lib_a-isattyr.o)
 .debug_info    0x000fc7d3      0x294 d:/00_program_installation/microchip/xc32/v2.10/bin/bin/../../lib/gcc/pic32c/6.2.1/../../../../pic32c/lib/v7e-m/fpv5/hard\libpic32c.a(close.o)
 .debug_info    0x000fca67      0x284 d:/00_program_installation/microchip/xc32/v2.10/bin/bin/../../lib/gcc/pic32c/6.2.1/../../../../pic32c/lib/v7e-m/fpv5/hard\libpic32c.a(fstat.o)
 .debug_info    0x000fcceb      0x286 d:/00_program_installation/microchip/xc32/v2.10/bin/bin/../../lib/gcc/pic32c/6.2.1/../../../../pic32c/lib/v7e-m/fpv5/hard\libpic32c.a(isatty.o)
 .debug_info    0x000fcf71      0x284 d:/00_program_installation/microchip/xc32/v2.10/bin/bin/../../lib/gcc/pic32c/6.2.1/../../../../pic32c/lib/v7e-m/fpv5/hard\libpic32c.a(lseek.o)
 .debug_info    0x000fd1f5      0x283 d:/00_program_installation/microchip/xc32/v2.10/bin/bin/../../lib/gcc/pic32c/6.2.1/../../../../pic32c/lib/v7e-m/fpv5/hard\libpic32c.a(read.o)
 .debug_info    0x000fd478      0x282 d:/00_program_installation/microchip/xc32/v2.10/bin/bin/../../lib/gcc/pic32c/6.2.1/../../../../pic32c/lib/v7e-m/fpv5/hard\libpic32c.a(sbrk.o)
 .debug_info    0x000fd6fa      0x285 d:/00_program_installation/microchip/xc32/v2.10/bin/bin/../../lib/gcc/pic32c/6.2.1/../../../../pic32c/lib/v7e-m/fpv5/hard\libpic32c.a(write.o)
 .debug_info    0x000fd97f      0x28b d:/00_program_installation/microchip/xc32/v2.10/bin/bin/../../lib/gcc/pic32c/6.2.1/../../../../pic32c/lib/v7e-m/fpv5/hard\libpic32c.a(_mon_getc.o)
 .debug_info    0x000fdc0a      0x28b d:/00_program_installation/microchip/xc32/v2.10/bin/bin/../../lib/gcc/pic32c/6.2.1/../../../../pic32c/lib/v7e-m/fpv5/hard\libpic32c.a(_mon_putc.o)

.debug_abbrev   0x00000000     0xf38d
 .debug_abbrev  0x00000000      0x270 build/default/production/_ext/1360937237/main.o
 .debug_abbrev  0x00000270      0x2f3 build/default/production/_ext/1360937237/app.o
 .debug_abbrev  0x00000563      0x34c build/default/production/_ext/1171490990/initialization.o
 .debug_abbrev  0x000008af      0x276 build/default/production/_ext/1171490990/tasks.o
 .debug_abbrev  0x00000b25      0x247 build/default/production/_ext/1171490990/interrupts.o
 .debug_abbrev  0x00000d6c      0x236 build/default/production/_ext/1171490990/exceptions.o
 .debug_abbrev  0x00000fa2       0xfa build/default/production/_ext/60165520/plib_clk.o
 .debug_abbrev  0x0000109c      0x144 build/default/production/_ext/60177924/plib_pio.o
 .debug_abbrev  0x000011e0      0x179 build/default/production/_ext/1865468468/plib_nvic.o
 .debug_abbrev  0x00001359       0xcd build/default/production/_ext/60175264/plib_mpu.o
 .debug_abbrev  0x00001426      0x366 build/default/production/_ext/1171490990/startup.o
 .debug_abbrev  0x0000178c      0x1f1 build/default/production/_ext/1881668453/sys_int.o
 .debug_abbrev  0x0000197d      0x587 build/default/production/_ext/444070925/drv_ethphy.o
 .debug_abbrev  0x00001f04      0x2d7 build/default/production/_ext/444070925/drv_extphy_smsc8740.o
 .debug_abbrev  0x000021db      0x69a build/default/production/_ext/438849557/drv_miim.o
 .debug_abbrev  0x00002875      0x624 build/default/production/_ext/1546807373/drv_gmac.o
 .debug_abbrev  0x00002e99      0x542 build/default/production/_ext/1546807373/drv_gmac_lib.o
 .debug_abbrev  0x000033db      0x45e build/default/production/_ext/718466696/net_pres.o
 .debug_abbrev  0x00003839      0x50d build/default/production/_ext/101884895/sys_time.o
 .debug_abbrev  0x00003d46      0x228 build/default/production/_ext/829342655/plib_tc0.o
 .debug_abbrev  0x00003f6e      0x543 build/default/production/_ext/1033058136/arp.o
 .debug_abbrev  0x000044b1      0x5ad build/default/production/_ext/1033058136/berkeley_api.o
 .debug_abbrev  0x00004a5e      0x5b0 build/default/production/_ext/1033058136/dhcp.o
 .debug_abbrev  0x0000500e      0x5e4 build/default/production/_ext/1033058136/dns.o
 .debug_abbrev  0x000055f2      0x530 build/default/production/_ext/1033058136/ipv4.o
 .debug_abbrev  0x00005b22      0x415 build/default/production/_ext/1033058136/icmp.o
 .debug_abbrev  0x00005f37      0x299 build/default/production/_ext/1033058136/tcpip_heap_alloc.o
 .debug_abbrev  0x000061d0      0x48f build/default/production/_ext/1033058136/tcpip_heap_internal.o
 .debug_abbrev  0x0000665f      0x243 build/default/production/_ext/1033058136/helpers.o
 .debug_abbrev  0x000068a2      0x1d0 build/default/production/_ext/1033058136/hash_fnv.o
 .debug_abbrev  0x00006a72      0x34c build/default/production/_ext/1033058136/oahash.o
 .debug_abbrev  0x00006dbe      0x580 build/default/production/_ext/1033058136/tcpip_helpers.o
 .debug_abbrev  0x0000733e      0x67e build/default/production/_ext/1033058136/tcpip_manager.o
 .debug_abbrev  0x000079bc      0x2eb build/default/production/_ext/1033058136/tcpip_notify.o
 .debug_abbrev  0x00007ca7      0x47d build/default/production/_ext/1033058136/tcpip_packet.o
 .debug_abbrev  0x00008124      0x128 build/default/production/_ext/753841488/sys_time_h2_adapter.o
 .debug_abbrev  0x0000824c      0x62d build/default/production/_ext/1033058136/tcp.o
 .debug_abbrev  0x00008879      0x5dc build/default/production/_ext/1033058136/udp.o
 .debug_abbrev  0x00008e55       0x2a d:/00_program_installation/microchip/xc32/v2.10/bin/bin/../../lib/gcc/pic32c/6.2.1/../../../../pic32c/lib/v7e-m/fpv5/hard\libpic32c.a(data_init.o)
 .debug_abbrev  0x00008e7f       0x14 d:/00_program_installation/microchip/xc32/v2.10/bin/bin/../../lib/gcc/pic32c/6.2.1/v7e-m/fpv5/hard\libgcc.a(_aeabi_uldivmod.o)
 .debug_abbrev  0x00008e93      0x201 d:/00_program_installation/microchip/xc32/v2.10/bin/bin/../../lib/gcc/pic32c/6.2.1/v7e-m/fpv5/hard\libgcc.a(_udivmoddi4.o)
 .debug_abbrev  0x00009094       0x14 d:/00_program_installation/microchip/xc32/v2.10/bin/bin/../../lib/gcc/pic32c/6.2.1/v7e-m/fpv5/hard\libgcc.a(_dvmd_tls.o)
 .debug_abbrev  0x000090a8      0x1cc d:/00_program_installation/microchip/xc32/v2.10/bin/bin/../../lib/gcc/pic32c/6.2.1/../../../../pic32c/lib/v7e-m/fpv5/hard\libc.a(lib_a-calloc.o)
 .debug_abbrev  0x00009274      0x203 d:/00_program_installation/microchip/xc32/v2.10/bin/bin/../../lib/gcc/pic32c/6.2.1/../../../../pic32c/lib/v7e-m/fpv5/hard\libc.a(lib_a-callocr.o)
 .debug_abbrev  0x00009477      0x194 d:/00_program_installation/microchip/xc32/v2.10/bin/bin/../../lib/gcc/pic32c/6.2.1/../../../../pic32c/lib/v7e-m/fpv5/hard\libc.a(lib_a-errno.o)
 .debug_abbrev  0x0000960b      0x176 d:/00_program_installation/microchip/xc32/v2.10/bin/bin/../../lib/gcc/pic32c/6.2.1/../../../../pic32c/lib/v7e-m/fpv5/hard\libc.a(lib_a-impure.o)
 .debug_abbrev  0x00009781       0xa3 d:/00_program_installation/microchip/xc32/v2.10/bin/bin/../../lib/gcc/pic32c/6.2.1/../../../../pic32c/lib/v7e-m/fpv5/hard\libc.a(lib_a-init.o)
 .debug_abbrev  0x00009824      0x299 d:/00_program_installation/microchip/xc32/v2.10/bin/bin/../../lib/gcc/pic32c/6.2.1/../../../../pic32c/lib/v7e-m/fpv5/hard\libc.a(lib_a-locale.o)
 .debug_abbrev  0x00009abd      0x1f8 d:/00_program_installation/microchip/xc32/v2.10/bin/bin/../../lib/gcc/pic32c/6.2.1/../../../../pic32c/lib/v7e-m/fpv5/hard\libc.a(lib_a-malloc.o)
 .debug_abbrev  0x00009cb5      0x2ad d:/00_program_installation/microchip/xc32/v2.10/bin/bin/../../lib/gcc/pic32c/6.2.1/../../../../pic32c/lib/v7e-m/fpv5/hard\libc.a(lib_a-mallocr.o)
 .debug_abbrev  0x00009f62      0x203 d:/00_program_installation/microchip/xc32/v2.10/bin/bin/../../lib/gcc/pic32c/6.2.1/../../../../pic32c/lib/v7e-m/fpv5/hard\libc.a(lib_a-mbtowc_r.o)
 .debug_abbrev  0x0000a165      0x1a3 d:/00_program_installation/microchip/xc32/v2.10/bin/bin/../../lib/gcc/pic32c/6.2.1/../../../../pic32c/lib/v7e-m/fpv5/hard\libc.a(lib_a-memcmp.o)
 .debug_abbrev  0x0000a308       0x14 d:/00_program_installation/microchip/xc32/v2.10/bin/bin/../../lib/gcc/pic32c/6.2.1/../../../../pic32c/lib/v7e-m/fpv5/hard\libc.a(lib_a-memcpy.o)
 .debug_abbrev  0x0000a31c      0x1b7 d:/00_program_installation/microchip/xc32/v2.10/bin/bin/../../lib/gcc/pic32c/6.2.1/../../../../pic32c/lib/v7e-m/fpv5/hard\libc.a(lib_a-memset.o)
 .debug_abbrev  0x0000a4d3      0x1b9 d:/00_program_installation/microchip/xc32/v2.10/bin/bin/../../lib/gcc/pic32c/6.2.1/../../../../pic32c/lib/v7e-m/fpv5/hard\libc.a(lib_a-mlock.o)
 .debug_abbrev  0x0000a68c      0x1d6 d:/00_program_installation/microchip/xc32/v2.10/bin/bin/../../lib/gcc/pic32c/6.2.1/../../../../pic32c/lib/v7e-m/fpv5/hard\libc.a(lib_a-rand.o)
 .debug_abbrev  0x0000a862      0x1ed d:/00_program_installation/microchip/xc32/v2.10/bin/bin/../../lib/gcc/pic32c/6.2.1/../../../../pic32c/lib/v7e-m/fpv5/hard\libc.a(lib_a-sbrkr.o)
 .debug_abbrev  0x0000aa4f       0x14 d:/00_program_installation/microchip/xc32/v2.10/bin/bin/../../lib/gcc/pic32c/6.2.1/../../../../pic32c/lib/v7e-m/fpv5/hard\libc.a(lib_a-strcmp.o)
 .debug_abbrev  0x0000aa63       0x14 d:/00_program_installation/microchip/xc32/v2.10/bin/bin/../../lib/gcc/pic32c/6.2.1/../../../../pic32c/lib/v7e-m/fpv5/hard\libc.a(lib_a-strlen.o)
 .debug_abbrev  0x0000aa77      0x1ad d:/00_program_installation/microchip/xc32/v2.10/bin/bin/../../lib/gcc/pic32c/6.2.1/../../../../pic32c/lib/v7e-m/fpv5/hard\libc.a(lib_a-strncpy.o)
 .debug_abbrev  0x0000ac24      0x21f d:/00_program_installation/microchip/xc32/v2.10/bin/bin/../../lib/gcc/pic32c/6.2.1/../../../../pic32c/lib/v7e-m/fpv5/hard\libc.a(lib_a-wctomb_r.o)
 .debug_abbrev  0x0000ae43      0x1ea d:/00_program_installation/microchip/xc32/v2.10/bin/bin/../../lib/gcc/pic32c/6.2.1/../../../../pic32c/lib/v7e-m/fpv5/hard\libc.a(snprintf.cdnopsuxX.o)
 .debug_abbrev  0x0000b02d      0x2ef d:/00_program_installation/microchip/xc32/v2.10/bin/bin/../../lib/gcc/pic32c/6.2.1/../../../../pic32c/lib/v7e-m/fpv5/hard\libc.a(vfprintf.cdnopsuxX.o)
 .debug_abbrev  0x0000b31c      0x203 d:/00_program_installation/microchip/xc32/v2.10/bin/bin/../../lib/gcc/pic32c/6.2.1/../../../../pic32c/lib/v7e-m/fpv5/hard\libc.a(vsnprintf.cdnopsuxX.o)
 .debug_abbrev  0x0000b51f      0x242 d:/00_program_installation/microchip/xc32/v2.10/bin/bin/../../lib/gcc/pic32c/6.2.1/../../../../pic32c/lib/v7e-m/fpv5/hard\libc.a(lib_a-__call_atexit.o)
 .debug_abbrev  0x0000b761      0x1e6 d:/00_program_installation/microchip/xc32/v2.10/bin/bin/../../lib/gcc/pic32c/6.2.1/../../../../pic32c/lib/v7e-m/fpv5/hard\libc.a(lib_a-atexit.o)
 .debug_abbrev  0x0000b947      0x176 d:/00_program_installation/microchip/xc32/v2.10/bin/bin/../../lib/gcc/pic32c/6.2.1/../../../../pic32c/lib/v7e-m/fpv5/hard\libc.a(lib_a-ctype_.o)
 .debug_abbrev  0x0000babd      0x2d2 d:/00_program_installation/microchip/xc32/v2.10/bin/bin/../../lib/gcc/pic32c/6.2.1/../../../../pic32c/lib/v7e-m/fpv5/hard\libc.a(lib_a-fflush.o)
 .debug_abbrev  0x0000bd8f      0x3a1 d:/00_program_installation/microchip/xc32/v2.10/bin/bin/../../lib/gcc/pic32c/6.2.1/../../../../pic32c/lib/v7e-m/fpv5/hard\libc.a(lib_a-findfp.o)
 .debug_abbrev  0x0000c130       0xa6 d:/00_program_installation/microchip/xc32/v2.10/bin/bin/../../lib/gcc/pic32c/6.2.1/../../../../pic32c/lib/v7e-m/fpv5/hard\libc.a(lib_a-fini.o)
 .debug_abbrev  0x0000c1d6      0x24f d:/00_program_installation/microchip/xc32/v2.10/bin/bin/../../lib/gcc/pic32c/6.2.1/../../../../pic32c/lib/v7e-m/fpv5/hard\libc.a(lib_a-freer.o)
 .debug_abbrev  0x0000c425      0x1e3 d:/00_program_installation/microchip/xc32/v2.10/bin/bin/../../lib/gcc/pic32c/6.2.1/../../../../pic32c/lib/v7e-m/fpv5/hard\libc.a(lib_a-fwalk.o)
 .debug_abbrev  0x0000c608       0x14 d:/00_program_installation/microchip/xc32/v2.10/bin/bin/../../lib/gcc/pic32c/6.2.1/../../../../pic32c/lib/v7e-m/fpv5/hard\libc.a(lib_a-memchr.o)
 .debug_abbrev  0x0000c61c      0x23f d:/00_program_installation/microchip/xc32/v2.10/bin/bin/../../lib/gcc/pic32c/6.2.1/../../../../pic32c/lib/v7e-m/fpv5/hard\libc.a(lib_a-reent.o)
 .debug_abbrev  0x0000c85b      0x284 d:/00_program_installation/microchip/xc32/v2.10/bin/bin/../../lib/gcc/pic32c/6.2.1/../../../../pic32c/lib/v7e-m/fpv5/hard\libc.a(lib_a-stdio.o)
 .debug_abbrev  0x0000cadf      0x3a2 d:/00_program_installation/microchip/xc32/v2.10/bin/bin/../../lib/gcc/pic32c/6.2.1/../../../../pic32c/lib/v7e-m/fpv5/hard\libc.a(lib_a-vfiprintf.o)
 .debug_abbrev  0x0000ce81      0x1fc d:/00_program_installation/microchip/xc32/v2.10/bin/bin/../../lib/gcc/pic32c/6.2.1/../../../../pic32c/lib/v7e-m/fpv5/hard\libc.a(lib_a-writer.o)
 .debug_abbrev  0x0000d07d      0x23c d:/00_program_installation/microchip/xc32/v2.10/bin/bin/../../lib/gcc/pic32c/6.2.1/../../../../pic32c/lib/v7e-m/fpv5/hard\libc.a(lib_a-wsetup.o)
 .debug_abbrev  0x0000d2b9      0x1f2 d:/00_program_installation/microchip/xc32/v2.10/bin/bin/../../lib/gcc/pic32c/6.2.1/../../../../pic32c/lib/v7e-m/fpv5/hard\libc.a(lib_a-__atexit.o)
 .debug_abbrev  0x0000d4ab      0x1f7 d:/00_program_installation/microchip/xc32/v2.10/bin/bin/../../lib/gcc/pic32c/6.2.1/../../../../pic32c/lib/v7e-m/fpv5/hard\libc.a(lib_a-closer.o)
 .debug_abbrev  0x0000d6a2      0x2b9 d:/00_program_installation/microchip/xc32/v2.10/bin/bin/../../lib/gcc/pic32c/6.2.1/../../../../pic32c/lib/v7e-m/fpv5/hard\libc.a(lib_a-fclose.o)
 .debug_abbrev  0x0000d95b      0x309 d:/00_program_installation/microchip/xc32/v2.10/bin/bin/../../lib/gcc/pic32c/6.2.1/../../../../pic32c/lib/v7e-m/fpv5/hard\libc.a(lib_a-fputwc.o)
 .debug_abbrev  0x0000dc64      0x263 d:/00_program_installation/microchip/xc32/v2.10/bin/bin/../../lib/gcc/pic32c/6.2.1/../../../../pic32c/lib/v7e-m/fpv5/hard\libc.a(lib_a-fvwrite.o)
 .debug_abbrev  0x0000dec7      0x1f7 d:/00_program_installation/microchip/xc32/v2.10/bin/bin/../../lib/gcc/pic32c/6.2.1/../../../../pic32c/lib/v7e-m/fpv5/hard\libc.a(lib_a-lseekr.o)
 .debug_abbrev  0x0000e0be      0x2b6 d:/00_program_installation/microchip/xc32/v2.10/bin/bin/../../lib/gcc/pic32c/6.2.1/../../../../pic32c/lib/v7e-m/fpv5/hard\libc.a(lib_a-makebuf.o)
 .debug_abbrev  0x0000e374      0x1bc d:/00_program_installation/microchip/xc32/v2.10/bin/bin/../../lib/gcc/pic32c/6.2.1/../../../../pic32c/lib/v7e-m/fpv5/hard\libc.a(lib_a-memmove.o)
 .debug_abbrev  0x0000e530      0x1f7 d:/00_program_installation/microchip/xc32/v2.10/bin/bin/../../lib/gcc/pic32c/6.2.1/../../../../pic32c/lib/v7e-m/fpv5/hard\libc.a(lib_a-readr.o)
 .debug_abbrev  0x0000e727      0x262 d:/00_program_installation/microchip/xc32/v2.10/bin/bin/../../lib/gcc/pic32c/6.2.1/../../../../pic32c/lib/v7e-m/fpv5/hard\libc.a(lib_a-reallocr.o)
 .debug_abbrev  0x0000e989      0x266 d:/00_program_installation/microchip/xc32/v2.10/bin/bin/../../lib/gcc/pic32c/6.2.1/../../../../pic32c/lib/v7e-m/fpv5/hard\libc.a(lib_a-wbuf.o)
 .debug_abbrev  0x0000ebef      0x220 d:/00_program_installation/microchip/xc32/v2.10/bin/bin/../../lib/gcc/pic32c/6.2.1/../../../../pic32c/lib/v7e-m/fpv5/hard\libc.a(lib_a-wcrtomb.o)
 .debug_abbrev  0x0000ee0f      0x1f7 d:/00_program_installation/microchip/xc32/v2.10/bin/bin/../../lib/gcc/pic32c/6.2.1/../../../../pic32c/lib/v7e-m/fpv5/hard\libc.a(lib_a-fstatr.o)
 .debug_abbrev  0x0000f006      0x1f7 d:/00_program_installation/microchip/xc32/v2.10/bin/bin/../../lib/gcc/pic32c/6.2.1/../../../../pic32c/lib/v7e-m/fpv5/hard\libc.a(lib_a-isattyr.o)
 .debug_abbrev  0x0000f1fd       0x40 d:/00_program_installation/microchip/xc32/v2.10/bin/bin/../../lib/gcc/pic32c/6.2.1/../../../../pic32c/lib/v7e-m/fpv5/hard\libpic32c.a(close.o)
 .debug_abbrev  0x0000f23d       0x2a d:/00_program_installation/microchip/xc32/v2.10/bin/bin/../../lib/gcc/pic32c/6.2.1/../../../../pic32c/lib/v7e-m/fpv5/hard\libpic32c.a(fstat.o)
 .debug_abbrev  0x0000f267       0x2a d:/00_program_installation/microchip/xc32/v2.10/bin/bin/../../lib/gcc/pic32c/6.2.1/../../../../pic32c/lib/v7e-m/fpv5/hard\libpic32c.a(isatty.o)
 .debug_abbrev  0x0000f291       0x2a d:/00_program_installation/microchip/xc32/v2.10/bin/bin/../../lib/gcc/pic32c/6.2.1/../../../../pic32c/lib/v7e-m/fpv5/hard\libpic32c.a(lseek.o)
 .debug_abbrev  0x0000f2bb       0x2a d:/00_program_installation/microchip/xc32/v2.10/bin/bin/../../lib/gcc/pic32c/6.2.1/../../../../pic32c/lib/v7e-m/fpv5/hard\libpic32c.a(read.o)
 .debug_abbrev  0x0000f2e5       0x2a d:/00_program_installation/microchip/xc32/v2.10/bin/bin/../../lib/gcc/pic32c/6.2.1/../../../../pic32c/lib/v7e-m/fpv5/hard\libpic32c.a(sbrk.o)
 .debug_abbrev  0x0000f30f       0x2a d:/00_program_installation/microchip/xc32/v2.10/bin/bin/../../lib/gcc/pic32c/6.2.1/../../../../pic32c/lib/v7e-m/fpv5/hard\libpic32c.a(write.o)
 .debug_abbrev  0x0000f339       0x2a d:/00_program_installation/microchip/xc32/v2.10/bin/bin/../../lib/gcc/pic32c/6.2.1/../../../../pic32c/lib/v7e-m/fpv5/hard\libpic32c.a(_mon_getc.o)
 .debug_abbrev  0x0000f363       0x2a d:/00_program_installation/microchip/xc32/v2.10/bin/bin/../../lib/gcc/pic32c/6.2.1/../../../../pic32c/lib/v7e-m/fpv5/hard\libpic32c.a(_mon_putc.o)

.debug_loc      0x00000000    0x3a909
 .debug_loc     0x00000000       0x20 build/default/production/_ext/1360937237/main.o
 .debug_loc     0x00000020      0x12f build/default/production/_ext/1360937237/app.o
 .debug_loc     0x0000014f       0x79 build/default/production/_ext/1171490990/initialization.o
 .debug_loc     0x000001c8       0x20 build/default/production/_ext/1171490990/tasks.o
 .debug_loc     0x000001e8       0x84 build/default/production/_ext/60177924/plib_pio.o
 .debug_loc     0x0000026c       0xb7 build/default/production/_ext/1865468468/plib_nvic.o
 .debug_loc     0x00000323       0x6d build/default/production/_ext/1171490990/startup.o
 .debug_loc     0x00000390       0xaa build/default/production/_ext/1881668453/sys_int.o
 .debug_loc     0x0000043a     0x38b6 build/default/production/_ext/444070925/drv_ethphy.o
 .debug_loc     0x00003cf0      0x29b build/default/production/_ext/444070925/drv_extphy_smsc8740.o
 .debug_loc     0x00003f8b     0x24c2 build/default/production/_ext/438849557/drv_miim.o
 .debug_loc     0x0000644d     0x1db8 build/default/production/_ext/1546807373/drv_gmac.o
 .debug_loc     0x00008205     0x1847 build/default/production/_ext/1546807373/drv_gmac_lib.o
 .debug_loc     0x00009a4c     0x1fb6 build/default/production/_ext/718466696/net_pres.o
 .debug_loc     0x0000ba02     0x1115 build/default/production/_ext/101884895/sys_time.o
 .debug_loc     0x0000cb17       0x8e build/default/production/_ext/829342655/plib_tc0.o
 .debug_loc     0x0000cba5     0x2a93 build/default/production/_ext/1033058136/arp.o
 .debug_loc     0x0000f638     0x3326 build/default/production/_ext/1033058136/berkeley_api.o
 .debug_loc     0x0001295e     0x2d25 build/default/production/_ext/1033058136/dhcp.o
 .debug_loc     0x00015683     0x2d55 build/default/production/_ext/1033058136/dns.o
 .debug_loc     0x000183d8     0x1f0c build/default/production/_ext/1033058136/ipv4.o
 .debug_loc     0x0001a2e4      0x37c build/default/production/_ext/1033058136/icmp.o
 .debug_loc     0x0001a660      0x1fe build/default/production/_ext/1033058136/tcpip_heap_alloc.o
 .debug_loc     0x0001a85e      0xe5c build/default/production/_ext/1033058136/tcpip_heap_internal.o
 .debug_loc     0x0001b6ba      0x3af build/default/production/_ext/1033058136/helpers.o
 .debug_loc     0x0001ba69      0x278 build/default/production/_ext/1033058136/hash_fnv.o
 .debug_loc     0x0001bce1      0x3ce build/default/production/_ext/1033058136/oahash.o
 .debug_loc     0x0001c0af     0x3b7a build/default/production/_ext/1033058136/tcpip_helpers.o
 .debug_loc     0x0001fc29     0x5656 build/default/production/_ext/1033058136/tcpip_manager.o
 .debug_loc     0x0002527f      0x2dc build/default/production/_ext/1033058136/tcpip_notify.o
 .debug_loc     0x0002555b      0xa00 build/default/production/_ext/1033058136/tcpip_packet.o
 .debug_loc     0x00025f5b       0xde build/default/production/_ext/753841488/sys_time_h2_adapter.o
 .debug_loc     0x00026039     0x651c build/default/production/_ext/1033058136/tcp.o
 .debug_loc     0x0002c555     0x417e build/default/production/_ext/1033058136/udp.o
 .debug_loc     0x000306d3       0x14 d:/00_program_installation/microchip/xc32/v2.10/bin/bin/../../lib/gcc/pic32c/6.2.1/../../../../pic32c/lib/v7e-m/fpv5/hard\libpic32c.a(data_init.o)
 .debug_loc     0x000306e7      0xda6 d:/00_program_installation/microchip/xc32/v2.10/bin/bin/../../lib/gcc/pic32c/6.2.1/v7e-m/fpv5/hard\libgcc.a(_udivmoddi4.o)
 .debug_loc     0x0003148d       0x58 d:/00_program_installation/microchip/xc32/v2.10/bin/bin/../../lib/gcc/pic32c/6.2.1/../../../../pic32c/lib/v7e-m/fpv5/hard\libc.a(lib_a-calloc.o)
 .debug_loc     0x000314e5      0x2b1 d:/00_program_installation/microchip/xc32/v2.10/bin/bin/../../lib/gcc/pic32c/6.2.1/../../../../pic32c/lib/v7e-m/fpv5/hard\libc.a(lib_a-callocr.o)
 .debug_loc     0x00031796       0xce d:/00_program_installation/microchip/xc32/v2.10/bin/bin/../../lib/gcc/pic32c/6.2.1/../../../../pic32c/lib/v7e-m/fpv5/hard\libc.a(lib_a-init.o)
 .debug_loc     0x00031864      0x173 d:/00_program_installation/microchip/xc32/v2.10/bin/bin/../../lib/gcc/pic32c/6.2.1/../../../../pic32c/lib/v7e-m/fpv5/hard\libc.a(lib_a-locale.o)
 .debug_loc     0x000319d7       0x58 d:/00_program_installation/microchip/xc32/v2.10/bin/bin/../../lib/gcc/pic32c/6.2.1/../../../../pic32c/lib/v7e-m/fpv5/hard\libc.a(lib_a-malloc.o)
 .debug_loc     0x00031a2f      0xc66 d:/00_program_installation/microchip/xc32/v2.10/bin/bin/../../lib/gcc/pic32c/6.2.1/../../../../pic32c/lib/v7e-m/fpv5/hard\libc.a(lib_a-mallocr.o)
 .debug_loc     0x00032695      0x259 d:/00_program_installation/microchip/xc32/v2.10/bin/bin/../../lib/gcc/pic32c/6.2.1/../../../../pic32c/lib/v7e-m/fpv5/hard\libc.a(lib_a-mbtowc_r.o)
 .debug_loc     0x000328ee      0x1da d:/00_program_installation/microchip/xc32/v2.10/bin/bin/../../lib/gcc/pic32c/6.2.1/../../../../pic32c/lib/v7e-m/fpv5/hard\libc.a(lib_a-memcmp.o)
 .debug_loc     0x00032ac8      0x1f5 d:/00_program_installation/microchip/xc32/v2.10/bin/bin/../../lib/gcc/pic32c/6.2.1/../../../../pic32c/lib/v7e-m/fpv5/hard\libc.a(lib_a-memset.o)
 .debug_loc     0x00032cbd       0x4b d:/00_program_installation/microchip/xc32/v2.10/bin/bin/../../lib/gcc/pic32c/6.2.1/../../../../pic32c/lib/v7e-m/fpv5/hard\libc.a(lib_a-rand.o)
 .debug_loc     0x00032d08       0x6d d:/00_program_installation/microchip/xc32/v2.10/bin/bin/../../lib/gcc/pic32c/6.2.1/../../../../pic32c/lib/v7e-m/fpv5/hard\libc.a(lib_a-sbrkr.o)
 .debug_loc     0x00032d75      0x175 d:/00_program_installation/microchip/xc32/v2.10/bin/bin/../../lib/gcc/pic32c/6.2.1/../../../../pic32c/lib/v7e-m/fpv5/hard\libc.a(lib_a-strncpy.o)
 .debug_loc     0x00032eea      0x124 d:/00_program_installation/microchip/xc32/v2.10/bin/bin/../../lib/gcc/pic32c/6.2.1/../../../../pic32c/lib/v7e-m/fpv5/hard\libc.a(lib_a-wctomb_r.o)
 .debug_loc     0x0003300e       0x9e d:/00_program_installation/microchip/xc32/v2.10/bin/bin/../../lib/gcc/pic32c/6.2.1/../../../../pic32c/lib/v7e-m/fpv5/hard\libc.a(snprintf.cdnopsuxX.o)
 .debug_loc     0x000330ac     0x1354 d:/00_program_installation/microchip/xc32/v2.10/bin/bin/../../lib/gcc/pic32c/6.2.1/../../../../pic32c/lib/v7e-m/fpv5/hard\libc.a(vfprintf.cdnopsuxX.o)
 .debug_loc     0x00034400      0x166 d:/00_program_installation/microchip/xc32/v2.10/bin/bin/../../lib/gcc/pic32c/6.2.1/../../../../pic32c/lib/v7e-m/fpv5/hard\libc.a(vsnprintf.cdnopsuxX.o)
 .debug_loc     0x00034566      0x1dd d:/00_program_installation/microchip/xc32/v2.10/bin/bin/../../lib/gcc/pic32c/6.2.1/../../../../pic32c/lib/v7e-m/fpv5/hard\libc.a(lib_a-__call_atexit.o)
 .debug_loc     0x00034743       0x2c d:/00_program_installation/microchip/xc32/v2.10/bin/bin/../../lib/gcc/pic32c/6.2.1/../../../../pic32c/lib/v7e-m/fpv5/hard\libc.a(lib_a-atexit.o)
 .debug_loc     0x0003476f      0x327 d:/00_program_installation/microchip/xc32/v2.10/bin/bin/../../lib/gcc/pic32c/6.2.1/../../../../pic32c/lib/v7e-m/fpv5/hard\libc.a(lib_a-fflush.o)
 .debug_loc     0x00034a96      0x38a d:/00_program_installation/microchip/xc32/v2.10/bin/bin/../../lib/gcc/pic32c/6.2.1/../../../../pic32c/lib/v7e-m/fpv5/hard\libc.a(lib_a-findfp.o)
 .debug_loc     0x00034e20       0x88 d:/00_program_installation/microchip/xc32/v2.10/bin/bin/../../lib/gcc/pic32c/6.2.1/../../../../pic32c/lib/v7e-m/fpv5/hard\libc.a(lib_a-fini.o)
 .debug_loc     0x00034ea8      0x5dd d:/00_program_installation/microchip/xc32/v2.10/bin/bin/../../lib/gcc/pic32c/6.2.1/../../../../pic32c/lib/v7e-m/fpv5/hard\libc.a(lib_a-freer.o)
 .debug_loc     0x00035485      0x247 d:/00_program_installation/microchip/xc32/v2.10/bin/bin/../../lib/gcc/pic32c/6.2.1/../../../../pic32c/lib/v7e-m/fpv5/hard\libc.a(lib_a-fwalk.o)
 .debug_loc     0x000356cc      0x175 d:/00_program_installation/microchip/xc32/v2.10/bin/bin/../../lib/gcc/pic32c/6.2.1/../../../../pic32c/lib/v7e-m/fpv5/hard\libc.a(lib_a-reent.o)
 .debug_loc     0x00035841      0x32b d:/00_program_installation/microchip/xc32/v2.10/bin/bin/../../lib/gcc/pic32c/6.2.1/../../../../pic32c/lib/v7e-m/fpv5/hard\libc.a(lib_a-stdio.o)
 .debug_loc     0x00035b6c     0x22c8 d:/00_program_installation/microchip/xc32/v2.10/bin/bin/../../lib/gcc/pic32c/6.2.1/../../../../pic32c/lib/v7e-m/fpv5/hard\libc.a(lib_a-vfiprintf.o)
 .debug_loc     0x00037e34       0xd0 d:/00_program_installation/microchip/xc32/v2.10/bin/bin/../../lib/gcc/pic32c/6.2.1/../../../../pic32c/lib/v7e-m/fpv5/hard\libc.a(lib_a-writer.o)
 .debug_loc     0x00037f04       0xc2 d:/00_program_installation/microchip/xc32/v2.10/bin/bin/../../lib/gcc/pic32c/6.2.1/../../../../pic32c/lib/v7e-m/fpv5/hard\libc.a(lib_a-wsetup.o)
 .debug_loc     0x00037fc6      0x1b7 d:/00_program_installation/microchip/xc32/v2.10/bin/bin/../../lib/gcc/pic32c/6.2.1/../../../../pic32c/lib/v7e-m/fpv5/hard\libc.a(lib_a-__atexit.o)
 .debug_loc     0x0003817d       0x6d d:/00_program_installation/microchip/xc32/v2.10/bin/bin/../../lib/gcc/pic32c/6.2.1/../../../../pic32c/lib/v7e-m/fpv5/hard\libc.a(lib_a-closer.o)
 .debug_loc     0x000381ea      0x18a d:/00_program_installation/microchip/xc32/v2.10/bin/bin/../../lib/gcc/pic32c/6.2.1/../../../../pic32c/lib/v7e-m/fpv5/hard\libc.a(lib_a-fclose.o)
 .debug_loc     0x00038374      0x400 d:/00_program_installation/microchip/xc32/v2.10/bin/bin/../../lib/gcc/pic32c/6.2.1/../../../../pic32c/lib/v7e-m/fpv5/hard\libc.a(lib_a-fputwc.o)
 .debug_loc     0x00038774      0x75c d:/00_program_installation/microchip/xc32/v2.10/bin/bin/../../lib/gcc/pic32c/6.2.1/../../../../pic32c/lib/v7e-m/fpv5/hard\libc.a(lib_a-fvwrite.o)
 .debug_loc     0x00038ed0       0xd0 d:/00_program_installation/microchip/xc32/v2.10/bin/bin/../../lib/gcc/pic32c/6.2.1/../../../../pic32c/lib/v7e-m/fpv5/hard\libc.a(lib_a-lseekr.o)
 .debug_loc     0x00038fa0      0x1cf d:/00_program_installation/microchip/xc32/v2.10/bin/bin/../../lib/gcc/pic32c/6.2.1/../../../../pic32c/lib/v7e-m/fpv5/hard\libc.a(lib_a-makebuf.o)
 .debug_loc     0x0003916f      0x289 d:/00_program_installation/microchip/xc32/v2.10/bin/bin/../../lib/gcc/pic32c/6.2.1/../../../../pic32c/lib/v7e-m/fpv5/hard\libc.a(lib_a-memmove.o)
 .debug_loc     0x000393f8       0xd0 d:/00_program_installation/microchip/xc32/v2.10/bin/bin/../../lib/gcc/pic32c/6.2.1/../../../../pic32c/lib/v7e-m/fpv5/hard\libc.a(lib_a-readr.o)
 .debug_loc     0x000394c8      0xf24 d:/00_program_installation/microchip/xc32/v2.10/bin/bin/../../lib/gcc/pic32c/6.2.1/../../../../pic32c/lib/v7e-m/fpv5/hard\libc.a(lib_a-reallocr.o)
 .debug_loc     0x0003a3ec      0x14b d:/00_program_installation/microchip/xc32/v2.10/bin/bin/../../lib/gcc/pic32c/6.2.1/../../../../pic32c/lib/v7e-m/fpv5/hard\libc.a(lib_a-wbuf.o)
 .debug_loc     0x0003a537      0x299 d:/00_program_installation/microchip/xc32/v2.10/bin/bin/../../lib/gcc/pic32c/6.2.1/../../../../pic32c/lib/v7e-m/fpv5/hard\libc.a(lib_a-wcrtomb.o)
 .debug_loc     0x0003a7d0       0xa4 d:/00_program_installation/microchip/xc32/v2.10/bin/bin/../../lib/gcc/pic32c/6.2.1/../../../../pic32c/lib/v7e-m/fpv5/hard\libc.a(lib_a-fstatr.o)
 .debug_loc     0x0003a874       0x6d d:/00_program_installation/microchip/xc32/v2.10/bin/bin/../../lib/gcc/pic32c/6.2.1/../../../../pic32c/lib/v7e-m/fpv5/hard\libc.a(lib_a-isattyr.o)
 .debug_loc     0x0003a8e1       0x14 d:/00_program_installation/microchip/xc32/v2.10/bin/bin/../../lib/gcc/pic32c/6.2.1/../../../../pic32c/lib/v7e-m/fpv5/hard\libpic32c.a(read.o)
 .debug_loc     0x0003a8f5       0x14 d:/00_program_installation/microchip/xc32/v2.10/bin/bin/../../lib/gcc/pic32c/6.2.1/../../../../pic32c/lib/v7e-m/fpv5/hard\libpic32c.a(write.o)

.debug_aranges  0x00000000     0x25f0
 .debug_aranges
                0x00000000       0x20 build/default/production/_ext/1360937237/main.o
 .debug_aranges
                0x00000020       0x28 build/default/production/_ext/1360937237/app.o
 .debug_aranges
                0x00000048       0x28 build/default/production/_ext/1171490990/initialization.o
 .debug_aranges
                0x00000070       0x20 build/default/production/_ext/1171490990/tasks.o
 .debug_aranges
                0x00000090       0x20 build/default/production/_ext/1171490990/interrupts.o
 .debug_aranges
                0x000000b0       0x48 build/default/production/_ext/1171490990/exceptions.o
 .debug_aranges
                0x000000f8       0x20 build/default/production/_ext/60165520/plib_clk.o
 .debug_aranges
                0x00000118       0x70 build/default/production/_ext/60177924/plib_pio.o
 .debug_aranges
                0x00000188       0x20 build/default/production/_ext/1865468468/plib_nvic.o
 .debug_aranges
                0x000001a8       0x20 build/default/production/_ext/60175264/plib_mpu.o
 .debug_aranges
                0x000001c8       0x20 build/default/production/_ext/1171490990/startup.o
 .debug_aranges
                0x000001e8       0x38 build/default/production/_ext/1881668453/sys_int.o
 .debug_aranges
                0x00000220      0x278 build/default/production/_ext/444070925/drv_ethphy.o
 .debug_aranges
                0x00000498       0x30 build/default/production/_ext/444070925/drv_extphy_smsc8740.o
 .debug_aranges
                0x000004c8       0xe8 build/default/production/_ext/438849557/drv_miim.o
 .debug_aranges
                0x000005b0      0x280 build/default/production/_ext/1546807373/drv_gmac.o
 .debug_aranges
                0x00000830       0xa0 build/default/production/_ext/1546807373/drv_gmac_lib.o
 .debug_aranges
                0x000008d0      0x110 build/default/production/_ext/718466696/net_pres.o
 .debug_aranges
                0x000009e0      0x100 build/default/production/_ext/101884895/sys_time.o
 .debug_aranges
                0x00000ae0       0x60 build/default/production/_ext/829342655/plib_tc0.o
 .debug_aranges
                0x00000b40      0x110 build/default/production/_ext/1033058136/arp.o
 .debug_aranges
                0x00000c50      0x130 build/default/production/_ext/1033058136/berkeley_api.o
 .debug_aranges
                0x00000d80      0x188 build/default/production/_ext/1033058136/dhcp.o
 .debug_aranges
                0x00000f08      0x140 build/default/production/_ext/1033058136/dns.o
 .debug_aranges
                0x00001048       0xc0 build/default/production/_ext/1033058136/ipv4.o
 .debug_aranges
                0x00001108       0x38 build/default/production/_ext/1033058136/icmp.o
 .debug_aranges
                0x00001140       0x48 build/default/production/_ext/1033058136/tcpip_heap_alloc.o
 .debug_aranges
                0x00001188       0x68 build/default/production/_ext/1033058136/tcpip_heap_internal.o
 .debug_aranges
                0x000011f0       0x40 build/default/production/_ext/1033058136/helpers.o
 .debug_aranges
                0x00001230       0x28 build/default/production/_ext/1033058136/hash_fnv.o
 .debug_aranges
                0x00001258       0x50 build/default/production/_ext/1033058136/oahash.o
 .debug_aranges
                0x000012a8      0x218 build/default/production/_ext/1033058136/tcpip_helpers.o
 .debug_aranges
                0x000014c0      0x370 build/default/production/_ext/1033058136/tcpip_manager.o
 .debug_aranges
                0x00001830       0x40 build/default/production/_ext/1033058136/tcpip_notify.o
 .debug_aranges
                0x00001870       0x78 build/default/production/_ext/1033058136/tcpip_packet.o
 .debug_aranges
                0x000018e8       0x28 build/default/production/_ext/753841488/sys_time_h2_adapter.o
 .debug_aranges
                0x00001910      0x220 build/default/production/_ext/1033058136/tcp.o
 .debug_aranges
                0x00001b30      0x1b8 build/default/production/_ext/1033058136/udp.o
 .debug_aranges
                0x00001ce8       0x20 d:/00_program_installation/microchip/xc32/v2.10/bin/bin/../../lib/gcc/pic32c/6.2.1/../../../../pic32c/lib/v7e-m/fpv5/hard\libpic32c.a(data_init.o)
 .debug_aranges
                0x00001d08       0x20 d:/00_program_installation/microchip/xc32/v2.10/bin/bin/../../lib/gcc/pic32c/6.2.1/v7e-m/fpv5/hard\libgcc.a(_aeabi_uldivmod.o)
 .debug_aranges
                0x00001d28       0x20 d:/00_program_installation/microchip/xc32/v2.10/bin/bin/../../lib/gcc/pic32c/6.2.1/v7e-m/fpv5/hard\libgcc.a(_udivmoddi4.o)
 .debug_aranges
                0x00001d48       0x20 d:/00_program_installation/microchip/xc32/v2.10/bin/bin/../../lib/gcc/pic32c/6.2.1/v7e-m/fpv5/hard\libgcc.a(_dvmd_tls.o)
 .debug_aranges
                0x00001d68       0x20 d:/00_program_installation/microchip/xc32/v2.10/bin/bin/../../lib/gcc/pic32c/6.2.1/../../../../pic32c/lib/v7e-m/fpv5/hard\libc.a(lib_a-calloc.o)
 .debug_aranges
                0x00001d88       0x20 d:/00_program_installation/microchip/xc32/v2.10/bin/bin/../../lib/gcc/pic32c/6.2.1/../../../../pic32c/lib/v7e-m/fpv5/hard\libc.a(lib_a-callocr.o)
 .debug_aranges
                0x00001da8       0x20 d:/00_program_installation/microchip/xc32/v2.10/bin/bin/../../lib/gcc/pic32c/6.2.1/../../../../pic32c/lib/v7e-m/fpv5/hard\libc.a(lib_a-errno.o)
 .debug_aranges
                0x00001dc8       0x18 d:/00_program_installation/microchip/xc32/v2.10/bin/bin/../../lib/gcc/pic32c/6.2.1/../../../../pic32c/lib/v7e-m/fpv5/hard\libc.a(lib_a-impure.o)
 .debug_aranges
                0x00001de0       0x20 d:/00_program_installation/microchip/xc32/v2.10/bin/bin/../../lib/gcc/pic32c/6.2.1/../../../../pic32c/lib/v7e-m/fpv5/hard\libc.a(lib_a-init.o)
 .debug_aranges
                0x00001e00       0x40 d:/00_program_installation/microchip/xc32/v2.10/bin/bin/../../lib/gcc/pic32c/6.2.1/../../../../pic32c/lib/v7e-m/fpv5/hard\libc.a(lib_a-locale.o)
 .debug_aranges
                0x00001e40       0x28 d:/00_program_installation/microchip/xc32/v2.10/bin/bin/../../lib/gcc/pic32c/6.2.1/../../../../pic32c/lib/v7e-m/fpv5/hard\libc.a(lib_a-malloc.o)
 .debug_aranges
                0x00001e68       0x20 d:/00_program_installation/microchip/xc32/v2.10/bin/bin/../../lib/gcc/pic32c/6.2.1/../../../../pic32c/lib/v7e-m/fpv5/hard\libc.a(lib_a-mallocr.o)
 .debug_aranges
                0x00001e88       0x28 d:/00_program_installation/microchip/xc32/v2.10/bin/bin/../../lib/gcc/pic32c/6.2.1/../../../../pic32c/lib/v7e-m/fpv5/hard\libc.a(lib_a-mbtowc_r.o)
 .debug_aranges
                0x00001eb0       0x20 d:/00_program_installation/microchip/xc32/v2.10/bin/bin/../../lib/gcc/pic32c/6.2.1/../../../../pic32c/lib/v7e-m/fpv5/hard\libc.a(lib_a-memcmp.o)
 .debug_aranges
                0x00001ed0       0x20 d:/00_program_installation/microchip/xc32/v2.10/bin/bin/../../lib/gcc/pic32c/6.2.1/../../../../pic32c/lib/v7e-m/fpv5/hard\libc.a(lib_a-memcpy.o)
 .debug_aranges
                0x00001ef0       0x20 d:/00_program_installation/microchip/xc32/v2.10/bin/bin/../../lib/gcc/pic32c/6.2.1/../../../../pic32c/lib/v7e-m/fpv5/hard\libc.a(lib_a-memset.o)
 .debug_aranges
                0x00001f10       0x20 d:/00_program_installation/microchip/xc32/v2.10/bin/bin/../../lib/gcc/pic32c/6.2.1/../../../../pic32c/lib/v7e-m/fpv5/hard\libc.a(lib_a-mlock.o)
 .debug_aranges
                0x00001f30       0x28 d:/00_program_installation/microchip/xc32/v2.10/bin/bin/../../lib/gcc/pic32c/6.2.1/../../../../pic32c/lib/v7e-m/fpv5/hard\libc.a(lib_a-rand.o)
 .debug_aranges
                0x00001f58       0x20 d:/00_program_installation/microchip/xc32/v2.10/bin/bin/../../lib/gcc/pic32c/6.2.1/../../../../pic32c/lib/v7e-m/fpv5/hard\libc.a(lib_a-sbrkr.o)
 .debug_aranges
                0x00001f78       0x20 d:/00_program_installation/microchip/xc32/v2.10/bin/bin/../../lib/gcc/pic32c/6.2.1/../../../../pic32c/lib/v7e-m/fpv5/hard\libc.a(lib_a-strcmp.o)
 .debug_aranges
                0x00001f98       0x20 d:/00_program_installation/microchip/xc32/v2.10/bin/bin/../../lib/gcc/pic32c/6.2.1/../../../../pic32c/lib/v7e-m/fpv5/hard\libc.a(lib_a-strlen.o)
 .debug_aranges
                0x00001fb8       0x20 d:/00_program_installation/microchip/xc32/v2.10/bin/bin/../../lib/gcc/pic32c/6.2.1/../../../../pic32c/lib/v7e-m/fpv5/hard\libc.a(lib_a-strncpy.o)
 .debug_aranges
                0x00001fd8       0x28 d:/00_program_installation/microchip/xc32/v2.10/bin/bin/../../lib/gcc/pic32c/6.2.1/../../../../pic32c/lib/v7e-m/fpv5/hard\libc.a(lib_a-wctomb_r.o)
 .debug_aranges
                0x00002000       0x20 d:/00_program_installation/microchip/xc32/v2.10/bin/bin/../../lib/gcc/pic32c/6.2.1/../../../../pic32c/lib/v7e-m/fpv5/hard\libc.a(snprintf.cdnopsuxX.o)
 .debug_aranges
                0x00002020       0x30 d:/00_program_installation/microchip/xc32/v2.10/bin/bin/../../lib/gcc/pic32c/6.2.1/../../../../pic32c/lib/v7e-m/fpv5/hard\libc.a(vfprintf.cdnopsuxX.o)
 .debug_aranges
                0x00002050       0x20 d:/00_program_installation/microchip/xc32/v2.10/bin/bin/../../lib/gcc/pic32c/6.2.1/../../../../pic32c/lib/v7e-m/fpv5/hard\libc.a(vsnprintf.cdnopsuxX.o)
 .debug_aranges
                0x00002070       0x28 d:/00_program_installation/microchip/xc32/v2.10/bin/bin/../../lib/gcc/pic32c/6.2.1/../../../../pic32c/lib/v7e-m/fpv5/hard\libc.a(lib_a-__call_atexit.o)
 .debug_aranges
                0x00002098       0x20 d:/00_program_installation/microchip/xc32/v2.10/bin/bin/../../lib/gcc/pic32c/6.2.1/../../../../pic32c/lib/v7e-m/fpv5/hard\libc.a(lib_a-atexit.o)
 .debug_aranges
                0x000020b8       0x18 d:/00_program_installation/microchip/xc32/v2.10/bin/bin/../../lib/gcc/pic32c/6.2.1/../../../../pic32c/lib/v7e-m/fpv5/hard\libc.a(lib_a-ctype_.o)
 .debug_aranges
                0x000020d0       0x30 d:/00_program_installation/microchip/xc32/v2.10/bin/bin/../../lib/gcc/pic32c/6.2.1/../../../../pic32c/lib/v7e-m/fpv5/hard\libc.a(lib_a-fflush.o)
 .debug_aranges
                0x00002100       0x68 d:/00_program_installation/microchip/xc32/v2.10/bin/bin/../../lib/gcc/pic32c/6.2.1/../../../../pic32c/lib/v7e-m/fpv5/hard\libc.a(lib_a-findfp.o)
 .debug_aranges
                0x00002168       0x20 d:/00_program_installation/microchip/xc32/v2.10/bin/bin/../../lib/gcc/pic32c/6.2.1/../../../../pic32c/lib/v7e-m/fpv5/hard\libc.a(lib_a-fini.o)
 .debug_aranges
                0x00002188       0x28 d:/00_program_installation/microchip/xc32/v2.10/bin/bin/../../lib/gcc/pic32c/6.2.1/../../../../pic32c/lib/v7e-m/fpv5/hard\libc.a(lib_a-freer.o)
 .debug_aranges
                0x000021b0       0x28 d:/00_program_installation/microchip/xc32/v2.10/bin/bin/../../lib/gcc/pic32c/6.2.1/../../../../pic32c/lib/v7e-m/fpv5/hard\libc.a(lib_a-fwalk.o)
 .debug_aranges
                0x000021d8       0x20 d:/00_program_installation/microchip/xc32/v2.10/bin/bin/../../lib/gcc/pic32c/6.2.1/../../../../pic32c/lib/v7e-m/fpv5/hard\libc.a(lib_a-memchr.o)
 .debug_aranges
                0x000021f8       0x28 d:/00_program_installation/microchip/xc32/v2.10/bin/bin/../../lib/gcc/pic32c/6.2.1/../../../../pic32c/lib/v7e-m/fpv5/hard\libc.a(lib_a-reent.o)
 .debug_aranges
                0x00002220       0x40 d:/00_program_installation/microchip/xc32/v2.10/bin/bin/../../lib/gcc/pic32c/6.2.1/../../../../pic32c/lib/v7e-m/fpv5/hard\libc.a(lib_a-stdio.o)
 .debug_aranges
                0x00002260       0x40 d:/00_program_installation/microchip/xc32/v2.10/bin/bin/../../lib/gcc/pic32c/6.2.1/../../../../pic32c/lib/v7e-m/fpv5/hard\libc.a(lib_a-vfiprintf.o)
 .debug_aranges
                0x000022a0       0x20 d:/00_program_installation/microchip/xc32/v2.10/bin/bin/../../lib/gcc/pic32c/6.2.1/../../../../pic32c/lib/v7e-m/fpv5/hard\libc.a(lib_a-writer.o)
 .debug_aranges
                0x000022c0       0x20 d:/00_program_installation/microchip/xc32/v2.10/bin/bin/../../lib/gcc/pic32c/6.2.1/../../../../pic32c/lib/v7e-m/fpv5/hard\libc.a(lib_a-wsetup.o)
 .debug_aranges