Archive member included to satisfy reference by file (symbol)

d:/00_program_installation/microchip/xc32/v2.10/bin/bin/../../lib/gcc/pic32c/6.2.1/../../../../pic32c/lib/v7e-m/fpv5/hard\libpic32c.a(data_init.o)
                              build/default/production/_ext/1171490990/startup.o (__pic32c_data_initialization)
d:/00_program_installation/microchip/xc32/v2.10/bin/bin/../../lib/gcc/pic32c/6.2.1/v7e-m/fpv5/hard\libgcc.a(_aeabi_uldivmod.o)
                              build/default/production/_ext/444070925/drv_ethphy.o (__aeabi_uldivmod)
d:/00_program_installation/microchip/xc32/v2.10/bin/bin/../../lib/gcc/pic32c/6.2.1/v7e-m/fpv5/hard\libgcc.a(_udivmoddi4.o)
                              d:/00_program_installation/microchip/xc32/v2.10/bin/bin/../../lib/gcc/pic32c/6.2.1/v7e-m/fpv5/hard\libgcc.a(_aeabi_uldivmod.o) (__udivmoddi4)
d:/00_program_installation/microchip/xc32/v2.10/bin/bin/../../lib/gcc/pic32c/6.2.1/v7e-m/fpv5/hard\libgcc.a(_dvmd_tls.o)
                              d:/00_program_installation/microchip/xc32/v2.10/bin/bin/../../lib/gcc/pic32c/6.2.1/v7e-m/fpv5/hard\libgcc.a(_aeabi_uldivmod.o) (__aeabi_ldiv0)
d:/00_program_installation/microchip/xc32/v2.10/bin/bin/../../lib/gcc/pic32c/6.2.1/../../../../pic32c/lib/v7e-m/fpv5/hard\libc.a(lib_a-calloc.o)
                              build/default/production/_ext/1171490990/initialization.o (calloc)
d:/00_program_installation/microchip/xc32/v2.10/bin/bin/../../lib/gcc/pic32c/6.2.1/../../../../pic32c/lib/v7e-m/fpv5/hard\libc.a(lib_a-callocr.o)
                              d:/00_program_installation/microchip/xc32/v2.10/bin/bin/../../lib/gcc/pic32c/6.2.1/../../../../pic32c/lib/v7e-m/fpv5/hard\libc.a(lib_a-calloc.o) (_calloc_r)
d:/00_program_installation/microchip/xc32/v2.10/bin/bin/../../lib/gcc/pic32c/6.2.1/../../../../pic32c/lib/v7e-m/fpv5/hard\libc.a(lib_a-exit.o)
                              d:/00_program_installation/microchip/xc32/v2.10/bin/bin/../../lib/gcc/pic32c/6.2.1/../../../../pic32c/lib/v7e-m/fpv5/hard/crt0.o (exit)
d:/00_program_installation/microchip/xc32/v2.10/bin/bin/../../lib/gcc/pic32c/6.2.1/../../../../pic32c/lib/v7e-m/fpv5/hard\libc.a(lib_a-impure.o)
                              d:/00_program_installation/microchip/xc32/v2.10/bin/bin/../../lib/gcc/pic32c/6.2.1/../../../../pic32c/lib/v7e-m/fpv5/hard\libc.a(lib_a-exit.o) (_global_impure_ptr)
d:/00_program_installation/microchip/xc32/v2.10/bin/bin/../../lib/gcc/pic32c/6.2.1/../../../../pic32c/lib/v7e-m/fpv5/hard\libc.a(lib_a-init.o)
                              d:/00_program_installation/microchip/xc32/v2.10/bin/bin/../../lib/gcc/pic32c/6.2.1/../../../../pic32c/lib/v7e-m/fpv5/hard/crt0.o (__libc_init_array)
d:/00_program_installation/microchip/xc32/v2.10/bin/bin/../../lib/gcc/pic32c/6.2.1/../../../../pic32c/lib/v7e-m/fpv5/hard\libc.a(lib_a-locale.o)
                              build/default/production/_ext/1033058136/dhcp.o (__locale_ctype_ptr)
d:/00_program_installation/microchip/xc32/v2.10/bin/bin/../../lib/gcc/pic32c/6.2.1/../../../../pic32c/lib/v7e-m/fpv5/hard\libc.a(lib_a-malloc.o)
                              build/default/production/_ext/1171490990/initialization.o (malloc)
d:/00_program_installation/microchip/xc32/v2.10/bin/bin/../../lib/gcc/pic32c/6.2.1/../../../../pic32c/lib/v7e-m/fpv5/hard\libc.a(lib_a-mallocr.o)
                              d:/00_program_installation/microchip/xc32/v2.10/bin/bin/../../lib/gcc/pic32c/6.2.1/../../../../pic32c/lib/v7e-m/fpv5/hard\libc.a(lib_a-callocr.o) (_malloc_r)
d:/00_program_installation/microchip/xc32/v2.10/bin/bin/../../lib/gcc/pic32c/6.2.1/../../../../pic32c/lib/v7e-m/fpv5/hard\libc.a(lib_a-mbtowc_r.o)
                              d:/00_program_installation/microchip/xc32/v2.10/bin/bin/../../lib/gcc/pic32c/6.2.1/../../../../pic32c/lib/v7e-m/fpv5/hard\libc.a(lib_a-locale.o) (__ascii_mbtowc)
d:/00_program_installation/microchip/xc32/v2.10/bin/bin/../../lib/gcc/pic32c/6.2.1/../../../../pic32c/lib/v7e-m/fpv5/hard\libc.a(lib_a-memcmp.o)
                              build/default/production/_ext/1546807373/drv_gmac.o (memcmp)
d:/00_program_installation/microchip/xc32/v2.10/bin/bin/../../lib/gcc/pic32c/6.2.1/../../../../pic32c/lib/v7e-m/fpv5/hard\libc.a(lib_a-memcpy.o)
                              build/default/production/_ext/1546807373/drv_gmac.o (memcpy)
d:/00_program_installation/microchip/xc32/v2.10/bin/bin/../../lib/gcc/pic32c/6.2.1/../../../../pic32c/lib/v7e-m/fpv5/hard\libc.a(lib_a-memset.o)
                              d:/00_program_installation/microchip/xc32/v2.10/bin/bin/../../lib/gcc/pic32c/6.2.1/../../../../pic32c/lib/v7e-m/fpv5/hard/crt0.o (memset)
d:/00_program_installation/microchip/xc32/v2.10/bin/bin/../../lib/gcc/pic32c/6.2.1/../../../../pic32c/lib/v7e-m/fpv5/hard\libc.a(lib_a-mlock.o)
[...]
Memory Configuration

Name             Origin             Length             Attributes
rom              0x00400000         0x00200000         xr
ram              0x20400000         0x00060000         xrw
itcm             0x00000000         0x00000000         xrw
dtcm             0x20000000         0x00000000         xrw
*default*        0x00000000         0xffffffff
tcm              0x00000000         0xffffffff

Linker script and memory map

LOAD d:/00_program_installation/microchip/xc32/v2.10/bin/bin/../../lib/gcc/pic32c/6.2.1/v7e-m/fpv5/hard/crti.o
LOAD d:/00_program_installation/microchip/xc32/v2.10/bin/bin/../../lib/gcc/pic32c/6.2.1/v7e-m/fpv5/hard/crtbegin.o
LOAD d:/00_program_installation/microchip/xc32/v2.10/bin/bin/../../lib/gcc/pic32c/6.2.1/../../../../pic32c/lib/v7e-m/fpv5/hard/crt0.o
LOAD build/default/production/_ext/1360937237/main.o
LOAD build/default/production/_ext/1360937237/app.o
LOAD build/default/production/_ext/1171490990/initialization.o
LOAD build/default/production/_ext/1171490990/tasks.o
LOAD build/default/production/_ext/1171490990/interrupts.o
LOAD build/default/production/_ext/1171490990/exceptions.o
LOAD build/default/production/_ext/60165520/plib_clk.o
LOAD build/default/production/_ext/60177924/plib_pio.o
LOAD build/default/production/_ext/1865468468/plib_nvic.o
LOAD build/default/production/_ext/60175264/plib_mpu.o
LOAD build/default/production/_ext/1171490990/startup.o
LOAD build/default/production/_ext/1171490990/libc_syscalls.o
LOAD build/default/production/_ext/1434821282/bsp.o
LOAD build/default/production/_ext/1881668453/sys_int.o
LOAD build/default/production/_ext/444070925/drv_ethphy.o
LOAD build/default/production/_ext/444070925/drv_extphy_smsc8740.o
LOAD build/default/production/_ext/438849557/drv_miim.o
LOAD build/default/production/_ext/1546807373/drv_gmac.o
LOAD build/default/production/_ext/1546807373/drv_gmac_lib.o
LOAD build/default/production/_ext/101884895/sys_time.o
LOAD build/default/production/_ext/829342655/plib_tc0.o
LOAD build/default/production/_ext/1033058136/arp.o
LOAD build/default/production/_ext/1033058136/dhcp.o
LOAD build/default/production/_ext/1033058136/ipv4.o
LOAD build/default/production/_ext/1033058136/icmp.o
LOAD build/default/production/_ext/1033058136/tcpip_heap_alloc.o
LOAD build/default/production/_ext/1033058136/tcpip_heap_internal.o
LOAD build/default/production/_ext/1033058136/helpers.o
LOAD build/default/production/_ext/1033058136/hash_fnv.o
LOAD build/default/production/_ext/1033058136/oahash.o
LOAD build/default/production/_ext/1033058136/tcpip_helpers.o
LOAD build/default/production/_ext/1033058136/tcpip_manager.o
LOAD build/default/production/_ext/1033058136/tcpip_notify.o
LOAD build/default/production/_ext/1033058136/tcpip_packet.o
LOAD build/default/production/_ext/753841488/sys_time_h2_adapter.o
LOAD build/default/production/_ext/1033058136/tcp.o
LOAD build/default/production/_ext/1033058136/udp.o
                0x00000001                __MPLAB_BUILD = 0x1
                0x0000afa0                _min_heap_size = 0xafa0
START GROUP
LOAD d:/00_program_installation/microchip/xc32/v2.10/bin/bin/../../lib/gcc/pic32c/6.2.1/../../../../pic32c/lib/v7e-m/fpv5/hard\libpic32c.a
LOAD d:/00_program_installation/microchip/xc32/v2.10/bin/bin/../../lib/gcc/pic32c/6.2.1/v7e-m/fpv5/hard\libgcc.a
LOAD d:/00_program_installation/microchip/xc32/v2.10/bin/bin/../../lib/gcc/pic32c/6.2.1/../../../../pic32c/lib/v7e-m/fpv5/hard\libc.a
LOAD d:/00_program_installation/microchip/xc32/v2.10/bin/bin/../../lib/gcc/pic32c/6.2.1/../../../../pic32c/lib/v7e-m/fpv5/hard\libm.a
END GROUP
LOAD d:/00_program_installation/microchip/xc32/v2.10/bin/bin/../../lib/gcc/pic32c/6.2.1/v7e-m/fpv5/hard/crtend.o
LOAD d:/00_program_installation/microchip/xc32/v2.10/bin/bin/../../lib/gcc/pic32c/6.2.1/v7e-m/fpv5/hard/crtn.o

.vectors        0x00400000      0x168
                0x00400000                . = ALIGN (0x4)
                0x00400000                _sfixed = .
 *(.vectors .vectors.*)
 .vectors       0x00400000      0x168 build/default/production/_ext/1171490990/interrupts.o
                0x00400000                exception_table

.text           0x00400168       0x24
                0x00400168                . = ALIGN (0x4)
 *(.glue_7t)
 .glue_7t       0x00400168        0x0 linker stubs
 *(.glue_7)
 .glue_7        0x00400168        0x0 linker stubs
 *(.gnu.linkonce.r.*)
 *(.ARM.extab* .gnu.linkonce.armextab.*)
                0x00400168                . = ALIGN (0x4)
 *(.init)
 .init          0x00400168        0x4 d:/00_program_installation/microchip/xc32/v2.10/bin/bin/../../lib/gcc/pic32c/6.2.1/v7e-m/fpv5/hard/crti.o
                0x00400168                _init
 .init          0x0040016c        0x8 d:/00_program_installation/microchip/xc32/v2.10/bin/bin/../../lib/gcc/pic32c/6.2.1/v7e-m/fpv5/hard/crtn.o
                0x00400174                . = ALIGN (0x4)
                0x00400174                __preinit_array_start = .
 *(.preinit_array)
                0x00400174                __preinit_array_end = .
                0x00400174                . = ALIGN (0x4)
                0x00400174                __init_array_start = .
 *(SORT(.init_array.*))
 .init_array.00000
                0x00400174        0x4 d:/00_program_installation/microchip/xc32/v2.10/bin/bin/../../lib/gcc/pic32c/6.2.1/../../../../pic32c/lib/v7e-m/fpv5/hard\libc.a(lib_a-__call_atexit.o)
 *(.init_array)
 .init_array    0x00400178        0x4 d:/00_program_installation/microchip/xc32/v2.10/bin/bin/../../lib/gcc/pic32c/6.2.1/v7e-m/fpv5/hard/crtbegin.o
                0x0040017c                __init_array_end = .
                0x0040017c                . = ALIGN (0x4)
 *crtbegin.o(.ctors)
 *(EXCLUDE_FILE(*crtend.o) .ctors)
 *(SORT(.ctors.*))
 *crtend.o(.ctors)
                0x0040017c                . = ALIGN (0x4)
 *(.fini)
 .fini          0x0040017c        0x4 d:/00_program_installation/microchip/xc32/v2.10/bin/bin/../../lib/gcc/pic32c/6.2.1/v7e-m/fpv5/hard/crti.o
                0x0040017c                _fini
 .fini          0x00400180        0x8 d:/00_program_installation/microchip/xc32/v2.10/bin/bin/../../lib/gcc/pic32c/6.2.1/v7e-m/fpv5/hard/crtn.o
                0x00400188                . = ALIGN (0x4)
                0x00400188                __fini_array_start = .
 *(.fini_array)
 .fini_array    0x00400188        0x4 d:/00_program_installation/microchip/xc32/v2.10/bin/bin/../../lib/gcc/pic32c/6.2.1/v7e-m/fpv5/hard/crtbegin.o
 *(SORT(.fini_array.*))
                0x0040018c                __fini_array_end = .
 *crtbegin.o(.dtors)
 *(EXCLUDE_FILE(*crtend.o) .dtors)
 *(SORT(.dtors.*))
 *crtend.o(.dtors)
                0x0040018c                . = ALIGN (0x4)
                0x0040018c                _efixed = .
                [!provide]                PROVIDE (__exidx_start, .)

.ARM.exidx      0x0040018c        0x8
 *(.ARM.exidx* .gnu.linkonce.armexidx.*)
 .ARM.exidx     0x0040018c        0x8 d:/00_program_installation/microchip/xc32/v2.10/bin/bin/../../lib/gcc/pic32c/6.2.1/v7e-m/fpv5/hard\libgcc.a(_udivmoddi4.o)
                [!provide]                PROVIDE (__exidx_end, .)
                0x00400194                . = ALIGN (0x4)
                0x00400194                _etext = .

.bss            0x20400000       0x1c
                0x20400000                . = ALIGN (0x4)
                0x20400000                __bss_start__ = .
                0x20400000                _sbss = .
                0x20400000                _szero = .
 *(COMMON)
 COMMON         0x20400000        0x4 build/default/production/_ext/1360937237/app.o
                0x20400000                appData
 COMMON         0x20400004        0xc build/default/production/_ext/1171490990/initialization.o
                0x20400004                sysObj
 COMMON         0x20400010        0x8 build/default/production/_ext/829342655/plib_tc0.o
                0x20400010                TC0_CH0_CallbackObj
 COMMON         0x20400018        0x4 d:/00_program_installation/microchip/xc32/v2.10/bin/bin/../../lib/gcc/pic32c/6.2.1/../../../../pic32c/lib/v7e-m/fpv5/hard\libc.a(lib_a-reent.o)
                0x20400018                errno
                0x2040001c                . = ALIGN (0x4)
                0x2040001c                __bss_end__ = .
                0x2040001c                _ebss = .
                0x2040001c                _ezero = .
                0x2040001c                . = ALIGN (0x4)
                0x2040001c                _end = .
                0x2045ffff                _ram_end_ = ((ORIGIN (ram) + LENGTH (ram)) - 0x1)
OUTPUT(dist/default/production/tcpip_tcp_server.X.production.elf elf32-littlearm)
LOAD stack
LOAD data_init

.ARM.attributes
                0x00000000       0x2e
 .ARM.attributes
                0x00000000       0x20 d:/00_program_installation/microchip/xc32/v2.10/bin/bin/../../lib/gcc/pic32c/6.2.1/v7e-m/fpv5/hard/crti.o
 .ARM.attributes
                0x00000020       0x32 d:/00_program_installation/microchip/xc32/v2.10/bin/bin/../../lib/gcc/pic32c/6.2.1/v7e-m/fpv5/hard/crtbegin.o
 .ARM.attributes
                0x00000052       0x37 build/default/production/_ext/1360937237/main.o
 .ARM.attributes
                0x00000089       0x37 build/default/production/_ext/1360937237/app.o
 .ARM.attributes
                0x000000c0       0x37 build/default/production/_ext/1171490990/initialization.o
 .ARM.attributes
                0x000000f7       0x37 build/default/production/_ext/1171490990/tasks.o
 .ARM.attributes
                0x0000012e       0x37 build/default/production/_ext/1171490990/interrupts.o
 .ARM.attributes
                0x00000165       0x37 build/default/production/_ext/1171490990/exceptions.o
 .ARM.attributes
                0x0000019c       0x37 build/default/production/_ext/60165520/plib_clk.o
 .ARM.attributes
                0x000001d3       0x37 build/default/production/_ext/60177924/plib_pio.o
 .ARM.attributes
                0x0000020a       0x37 build/default/production/_ext/1865468468/plib_nvic.o
 .ARM.attributes
                0x00000241       0x37 build/default/production/_ext/60175264/plib_mpu.o
 .ARM.attributes
                0x00000278       0x37 build/default/production/_ext/1171490990/startup.o
 .ARM.attributes
                0x000002af       0x37 build/default/production/_ext/1434821282/bsp.o
 .ARM.attributes
                0x000002e6       0x37 build/default/production/_ext/1881668453/sys_int.o
 .ARM.attributes
                0x0000031d       0x37 build/default/production/_ext/444070925/drv_ethphy.o
 .ARM.attributes
                0x00000354       0x37 build/default/production/_ext/444070925/drv_extphy_smsc8740.o
 .ARM.attributes
                0x0000038b       0x37 build/default/production/_ext/438849557/drv_miim.o
 .ARM.attributes
                0x000003c2       0x37 build/default/production/_ext/1546807373/drv_gmac.o
 .ARM.attributes
                0x000003f9       0x37 build/default/production/_ext/1546807373/drv_gmac_lib.o
 .ARM.attributes
                0x00000430       0x37 build/default/production/_ext/101884895/sys_time.o
 .ARM.attributes
                0x00000467       0x37 build/default/production/_ext/829342655/plib_tc0.o
 .ARM.attributes
                0x0000049e       0x37 build/default/production/_ext/1033058136/arp.o
 .ARM.attributes
                0x000004d5       0x37 build/default/production/_ext/1033058136/dhcp.o
 .ARM.attributes
                0x0000050c       0x37 build/default/production/_ext/1033058136/ipv4.o
 .ARM.attributes
                0x00000543       0x37 build/default/production/_ext/1033058136/icmp.o
 .ARM.attributes
                0x0000057a       0x37 build/default/production/_ext/1033058136/tcpip_heap_alloc.o
 .ARM.attributes
                0x000005b1       0x37 build/default/production/_ext/1033058136/tcpip_heap_internal.o
 .ARM.attributes
                0x000005e8       0x37 build/default/production/_ext/1033058136/helpers.o
 .ARM.attributes
                0x0000061f       0x37 build/default/production/_ext/1033058136/hash_fnv.o
 .ARM.attributes
                0x00000656       0x37 build/default/production/_ext/1033058136/oahash.o
 .ARM.attributes
                0x0000068d       0x37 build/default/production/_ext/1033058136/tcpip_helpers.o
 .ARM.attributes
                0x000006c4       0x37 build/default/production/_ext/1033058136/tcpip_manager.o
 .ARM.attributes
                0x000006fb       0x37 build/default/production/_ext/1033058136/tcpip_notify.o
 .ARM.attributes
                0x00000732       0x37 build/default/production/_ext/1033058136/tcpip_packet.o
 .ARM.attributes
                0x00000769       0x37 build/default/production/_ext/753841488/sys_time_h2_adapter.o
 .ARM.attributes
                0x000007a0       0x37 build/default/production/_ext/1033058136/tcp.o
 .ARM.attributes
                0x000007d7       0x37 build/default/production/_ext/1033058136/udp.o
 .ARM.attributes
                0x0000080e       0x32 d:/00_program_installation/microchip/xc32/v2.10/bin/bin/../../lib/gcc/pic32c/6.2.1/../../../../pic32c/lib/v7e-m/fpv5/hard\libpic32c.a(data_init.o)
 .ARM.attributes
                0x00000840       0x20 d:/00_program_installation/microchip/xc32/v2.10/bin/bin/../../lib/gcc/pic32c/6.2.1/v7e-m/fpv5/hard\libgcc.a(_aeabi_uldivmod.o)
 .ARM.attributes
                0x00000860       0x32 d:/00_program_installation/microchip/xc32/v2.10/bin/bin/../../lib/gcc/pic32c/6.2.1/v7e-m/fpv5/hard\libgcc.a(_udivmoddi4.o)
 .ARM.attributes
                0x00000892       0x20 d:/00_program_installation/microchip/xc32/v2.10/bin/bin/../../lib/gcc/pic32c/6.2.1/v7e-m/fpv5/hard\libgcc.a(_dvmd_tls.o)
 .ARM.attributes
                0x000008b2       0x32 d:/00_program_installation/microchip/xc32/v2.10/bin/bin/../../lib/gcc/pic32c/6.2.1/../../../../pic32c/lib/v7e-m/fpv5/hard\libc.a(lib_a-calloc.o)
 .ARM.attributes
                0x000008e4       0x32 d:/00_program_installation/microchip/xc32/v2.10/bin/bin/../../lib/gcc/pic32c/6.2.1/../../../../pic32c/lib/v7e-m/fpv5/hard\libc.a(lib_a-callocr.o)
 .ARM.attributes
                0x00000916       0x32 d:/00_program_installation/microchip/xc32/v2.10/bin/bin/../../lib/gcc/pic32c/6.2.1/../../../../pic32c/lib/v7e-m/fpv5/hard\libc.a(lib_a-impure.o)
 .ARM.attributes
                0x00000948       0x32 d:/00_program_installation/microchip/xc32/v2.10/bin/bin/../../lib/gcc/pic32c/6.2.1/../../../../pic32c/lib/v7e-m/fpv5/hard\libc.a(lib_a-init.o)
 .ARM.attributes
                0x0000097a       0x32 d:/00_program_installation/microchip/xc32/v2.10/bin/bin/../../lib/gcc/pic32c/6.2.1/../../../../pic32c/lib/v7e-m/fpv5/hard\libc.a(lib_a-locale.o)
 .ARM.attributes
                0x000009ac       0x32 d:/00_program_installation/microchip/xc32/v2.10/bin/bin/../../lib/gcc/pic32c/6.2.1/../../../../pic32c/lib/v7e-m/fpv5/hard\libc.a(lib_a-malloc.o)
 .ARM.attributes
                0x000009de       0x32 d:/00_program_installation/microchip/xc32/v2.10/bin/bin/../../lib/gcc/pic32c/6.2.1/../../../../pic32c/lib/v7e-m/fpv5/hard\libc.a(lib_a-mallocr.o)
 .ARM.attributes
                0x00000a10       0x32 d:/00_program_installation/microchip/xc32/v2.10/bin/bin/../../lib/gcc/pic32c/6.2.1/../../../../pic32c/lib/v7e-m/fpv5/hard\libc.a(lib_a-mbtowc_r.o)
 .ARM.attributes
                0x00000a42       0x32 d:/00_program_installation/microchip/xc32/v2.10/bin/bin/../../lib/gcc/pic32c/6.2.1/../../../../pic32c/lib/v7e-m/fpv5/hard\libc.a(lib_a-memcmp.o)
 .ARM.attributes
                0x00000a74       0x1e d:/00_program_installation/microchip/xc32/v2.10/bin/bin/../../lib/gcc/pic32c/6.2.1/../../../../pic32c/lib/v7e-m/fpv5/hard\libc.a(lib_a-memcpy.o)
 .ARM.attributes
                0x00000a92       0x32 d:/00_program_installation/microchip/xc32/v2.10/bin/bin/../../lib/gcc/pic32c/6.2.1/../../../../pic32c/lib/v7e-m/fpv5/hard\libc.a(lib_a-memset.o)
 .ARM.attributes
                0x00000ac4       0x32 d:/00_program_installation/microchip/xc32/v2.10/bin/bin/../../lib/gcc/pic32c/6.2.1/../../../../pic32c/lib/v7e-m/fpv5/hard\libc.a(lib_a-mlock.o)
 .ARM.attributes
                0x00000af6       0x32 d:/00_program_installation/microchip/xc32/v2.10/bin/bin/../../lib/gcc/pic32c/6.2.1/../../../../pic32c/lib/v7e-m/fpv5/hard\libc.a(lib_a-rand.o)
 .ARM.attributes
                0x00000b28       0x32 d:/00_program_installation/microchip/xc32/v2.10/bin/bin/../../lib/gcc/pic32c/6.2.1/../../../../pic32c/lib/v7e-m/fpv5/hard\libc.a(lib_a-sbrkr.o)
 .ARM.attributes
                0x00000b5a       0x1e d:/00_program_installation/microchip/xc32/v2.10/bin/bin/../../lib/gcc/pic32c/6.2.1/../../../../pic32c/lib/v7e-m/fpv5/hard\libc.a(lib_a-strcmp.o)
 .ARM.attributes
                0x00000b78       0x1e d:/00_program_installation/microchip/xc32/v2.10/bin/bin/../../lib/gcc/pic32c/6.2.1/../../../../pic32c/lib/v7e-m/fpv5/hard\libc.a(lib_a-strlen.o)
 .ARM.attributes
                0x00000b96       0x32 d:/00_program_installation/microchip/xc32/v2.10/bin/bin/../../lib/gcc/pic32c/6.2.1/../../../../pic32c/lib/v7e-m/fpv5/hard\libc.a(lib_a-strncpy.o)
 .ARM.attributes
                0x00000bc8       0x32 d:/00_program_installation/microchip/xc32/v2.10/bin/bin/../../lib/gcc/pic32c/6.2.1/../../../../pic32c/lib/v7e-m/fpv5/hard\libc.a(lib_a-wctomb_r.o)
 .ARM.attributes
                0x00000bfa       0x32 d:/00_program_installation/microchip/xc32/v2.10/bin/bin/../../lib/gcc/pic32c/6.2.1/../../../../pic32c/lib/v7e-m/fpv5/hard\libc.a(snprintf.cdnopsuxX.o)
 .ARM.attributes
                0x00000c2c       0x32 d:/00_program_installation/microchip/xc32/v2.10/bin/bin/../../lib/gcc/pic32c/6.2.1/../../../../pic32c/lib/v7e-m/fpv5/hard\libc.a(vfprintf.cdnopsuxX.o)
 .ARM.attributes
                0x00000c5e       0x32 d:/00_program_installation/microchip/xc32/v2.10/bin/bin/../../lib/gcc/pic32c/6.2.1/../../../../pic32c/lib/v7e-m/fpv5/hard\libc.a(vsnprintf.cdnopsuxX.o)
 .ARM.attributes
                0x00000c90       0x32 d:/00_program_installation/microchip/xc32/v2.10/bin/bin/../../lib/gcc/pic32c/6.2.1/../../../../pic32c/lib/v7e-m/fpv5/hard\libc.a(lib_a-__call_atexit.o)
 .ARM.attributes
                0x00000cc2       0x32 d:/00_program_installation/microchip/xc32/v2.10/bin/bin/../../lib/gcc/pic32c/6.2.1/../../../../pic32c/lib/v7e-m/fpv5/hard\libc.a(lib_a-atexit.o)
 .ARM.attributes
                0x00000cf4       0x32 d:/00_program_installation/microchip/xc32/v2.10/bin/bin/../../lib/gcc/pic32c/6.2.1/../../../../pic32c/lib/v7e-m/fpv5/hard\libc.a(lib_a-ctype_.o)
 .ARM.attributes
                0x00000d26       0x32 d:/00_program_installation/microchip/xc32/v2.10/bin/bin/../../lib/gcc/pic32c/6.2.1/../../../../pic32c/lib/v7e-m/fpv5/hard\libc.a(lib_a-fflush.o)
 .ARM.attributes
                0x00000d58       0x32 d:/00_program_installation/microchip/xc32/v2.10/bin/bin/../../lib/gcc/pic32c/6.2.1/../../../../pic32c/lib/v7e-m/fpv5/hard\libc.a(lib_a-findfp.o)
 .ARM.attributes
                0x00000d8a       0x32 d:/00_program_installation/microchip/xc32/v2.10/bin/bin/../../lib/gcc/pic32c/6.2.1/../../../../pic32c/lib/v7e-m/fpv5/hard\libc.a(lib_a-fini.o)
 .ARM.attributes
                0x00000dbc       0x32 d:/00_program_installation/microchip/xc32/v2.10/bin/bin/../../lib/gcc/pic32c/6.2.1/../../../../pic32c/lib/v7e-m/fpv5/hard\libc.a(lib_a-freer.o)
 .ARM.attributes
                0x00000dee       0x32 d:/00_program_installation/microchip/xc32/v2.10/bin/bin/../../lib/gcc/pic32c/6.2.1/../../../../pic32c/lib/v7e-m/fpv5/hard\libc.a(lib_a-fwalk.o)
 .ARM.attributes
                0x00000e20       0x1e d:/00_program_installation/microchip/xc32/v2.10/bin/bin/../../lib/gcc/pic32c/6.2.1/../../../../pic32c/lib/v7e-m/fpv5/hard\libc.a(lib_a-memchr.o)
 .ARM.attributes
                0x00000e3e       0x32 d:/00_program_installation/microchip/xc32/v2.10/bin/bin/../../lib/gcc/pic32c/6.2.1/../../../../pic32c/lib/v7e-m/fpv5/hard\libc.a(lib_a-reent.o)
 .ARM.attributes
                0x00000e70       0x32 d:/00_program_installation/microchip/xc32/v2.10/bin/bin/../../lib/gcc/pic32c/6.2.1/../../../../pic32c/lib/v7e-m/fpv5/hard\libc.a(lib_a-stdio.o)
 .ARM.attributes
                0x00000ea2       0x32 d:/00_program_installation/microchip/xc32/v2.10/bin/bin/../../lib/gcc/pic32c/6.2.1/../../../../pic32c/lib/v7e-m/fpv5/hard\libc.a(lib_a-vfiprintf.o)
 .ARM.attributes
                0x00000ed4       0x32 d:/00_program_installation/microchip/xc32/v2.10/bin/bin/../../lib/gcc/pic32c/6.2.1/../../../../pic32c/lib/v7e-m/fpv5/hard\libc.a(lib_a-writer.o)
 .ARM.attributes
                0x00000f06       0x32 d:/00_program_installation/microchip/xc32/v2.10/bin/bin/../../lib/gcc/pic32c/6.2.1/../../../../pic32c/lib/v7e-m/fpv5/hard\libc.a(lib_a-wsetup.o)
 .ARM.attributes
                0x00000f38       0x32 d:/00_program_installation/microchip/xc32/v2.10/bin/bin/../../lib/gcc/pic32c/6.2.1/../../../../pic32c/lib/v7e-m/fpv5/hard\libc.a(lib_a-__atexit.o)
 .ARM.attributes
                0x00000f6a       0x32 d:/00_program_installation/microchip/xc32/v2.10/bin/bin/../../lib/gcc/pic32c/6.2.1/../../../../pic32c/lib/v7e-m/fpv5/hard\libc.a(lib_a-closer.o)
 .ARM.attributes
                0x00000f9c       0x32 d:/00_program_installation/microchip/xc32/v2.10/bin/bin/../../lib/gcc/pic32c/6.2.1/../../../../pic32c/lib/v7e-m/fpv5/hard\libc.a(lib_a-fclose.o)
 .ARM.attributes
                0x00000fce       0x32 d:/00_program_installation/microchip/xc32/v2.10/bin/bin/../../lib/gcc/pic32c/6.2.1/../../../../pic32c/lib/v7e-m/fpv5/hard\libc.a(lib_a-fputwc.o)
 .ARM.attributes
                0x00001000       0x32 d:/00_program_installation/microchip/xc32/v2.10/bin/bin/../../lib/gcc/pic32c/6.2.1/../../../../pic32c/lib/v7e-m/fpv5/hard\libc.a(lib_a-fvwrite.o)
 .ARM.attributes
                0x00001032       0x32 d:/00_program_installation/microchip/xc32/v2.10/bin/bin/../../lib/gcc/pic32c/6.2.1/../../../../pic32c/lib/v7e-m/fpv5/hard\libc.a(lib_a-lseekr.o)
 .ARM.attributes
                0x00001064       0x32 d:/00_program_installation/microchip/xc32/v2.10/bin/bin/../../lib/gcc/pic32c/6.2.1/../../../../pic32c/lib/v7e-m/fpv5/hard\libc.a(lib_a-makebuf.o)
 .ARM.attributes
                0x00001096       0x32 d:/00_program_installation/microchip/xc32/v2.10/bin/bin/../../lib/gcc/pic32c/6.2.1/../../../../pic32c/lib/v7e-m/fpv5/hard\libc.a(lib_a-memmove.o)
 .ARM.attributes
                0x000010c8       0x32 d:/00_program_installation/microchip/xc32/v2.10/bin/bin/../../lib/gcc/pic32c/6.2.1/../../../../pic32c/lib/v7e-m/fpv5/hard\libc.a(lib_a-readr.o)
 .ARM.attributes
                0x000010fa       0x32 d:/00_program_installation/microchip/xc32/v2.10/bin/bin/../../lib/gcc/pic32c/6.2.1/../../../../pic32c/lib/v7e-m/fpv5/hard\libc.a(lib_a-reallocr.o)
 .ARM.attributes
                0x0000112c       0x32 d:/00_program_installation/microchip/xc32/v2.10/bin/bin/../../lib/gcc/pic32c/6.2.1/../../../../pic32c/lib/v7e-m/fpv5/hard\libc.a(lib_a-wbuf.o)
 .ARM.attributes
                0x0000115e       0x32 d:/00_program_installation/microchip/xc32/v2.10/bin/bin/../../lib/gcc/pic32c/6.2.1/../../../../pic32c/lib/v7e-m/fpv5/hard\libc.a(lib_a-wcrtomb.o)
 .ARM.attributes
                0x00001190       0x32 d:/00_program_installation/microchip/xc32/v2.10/bin/bin/../../lib/gcc/pic32c/6.2.1/../../../../pic32c/lib/v7e-m/fpv5/hard\libc.a(lib_a-fstatr.o)
 .ARM.attributes
                0x000011c2       0x32 d:/00_program_installation/microchip/xc32/v2.10/bin/bin/../../lib/gcc/pic32c/6.2.1/../../../../pic32c/lib/v7e-m/fpv5/hard\libc.a(lib_a-isattyr.o)
 .ARM.attributes
                0x000011f4       0x32 d:/00_program_installation/microchip/xc32/v2.10/bin/bin/../../lib/gcc/pic32c/6.2.1/../../../../pic32c/lib/v7e-m/fpv5/hard\libpic32c.a(close.o)
 .ARM.attributes
                0x00001226       0x32 d:/00_program_installation/microchip/xc32/v2.10/bin/bin/../../lib/gcc/pic32c/6.2.1/../../../../pic32c/lib/v7e-m/fpv5/hard\libpic32c.a(fstat.o)
 .ARM.attributes
                0x00001258       0x32 d:/00_program_installation/microchip/xc32/v2.10/bin/bin/../../lib/gcc/pic32c/6.2.1/../../../../pic32c/lib/v7e-m/fpv5/hard\libpic32c.a(isatty.o)
 .ARM.attributes
                0x0000128a       0x32 d:/00_program_installation/microchip/xc32/v2.10/bin/bin/../../lib/gcc/pic32c/6.2.1/../../../../pic32c/lib/v7e-m/fpv5/hard\libpic32c.a(lseek.o)
 .ARM.attributes
                0x000012bc       0x32 d:/00_program_installation/microchip/xc32/v2.10/bin/bin/../../lib/gcc/pic32c/6.2.1/../../../../pic32c/lib/v7e-m/fpv5/hard\libpic32c.a(read.o)
 .ARM.attributes
                0x000012ee       0x32 d:/00_program_installation/microchip/xc32/v2.10/bin/bin/../../lib/gcc/pic32c/6.2.1/../../../../pic32c/lib/v7e-m/fpv5/hard\libpic32c.a(sbrk.o)
 .ARM.attributes
                0x00001320       0x32 d:/00_program_installation/microchip/xc32/v2.10/bin/bin/../../lib/gcc/pic32c/6.2.1/../../../../pic32c/lib/v7e-m/fpv5/hard\libpic32c.a(write.o)
 .ARM.attributes
                0x00001352       0x32 d:/00_program_installation/microchip/xc32/v2.10/bin/bin/../../lib/gcc/pic32c/6.2.1/../../../../pic32c/lib/v7e-m/fpv5/hard\libpic32c.a(_mon_getc.o)
 .ARM.attributes
                0x00001384       0x32 d:/00_program_installation/microchip/xc32/v2.10/bin/bin/../../lib/gcc/pic32c/6.2.1/../../../../pic32c/lib/v7e-m/fpv5/hard\libpic32c.a(_mon_putc.o)
 .ARM.attributes
                0x000013b6       0x20 d:/00_program_installation/microchip/xc32/v2.10/bin/bin/../../lib/gcc/pic32c/6.2.1/v7e-m/fpv5/hard/crtn.o

.comment        0x00000000       0x3c
 .comment       0x00000000       0x3c d:/00_program_installation/microchip/xc32/v2.10/bin/bin/../../lib/gcc/pic32c/6.2.1/v7e-m/fpv5/hard/crtbegin.o
                                 0x3d (size before relaxing)
 .comment       0x0000003c       0x3d build/default/production/_ext/1360937237/main.o
 .comment       0x0000003c       0x3d build/default/production/_ext/1360937237/app.o
 .comment       0x0000003c       0x3d build/default/production/_ext/1171490990/initialization.o
 .comment       0x0000003c       0x3d build/default/production/_ext/1171490990/tasks.o
 .comment       0x0000003c       0x3d build/default/production/_ext/1171490990/interrupts.o
 .comment       0x0000003c       0x3d build/default/production/_ext/1171490990/exceptions.o
 .comment       0x0000003c       0x3d build/default/production/_ext/60165520/plib_clk.o
 .comment       0x0000003c       0x3d build/default/production/_ext/60177924/plib_pio.o
 .comment       0x0000003c       0x3d build/default/production/_ext/1865468468/plib_nvic.o
 .comment       0x0000003c       0x3d build/default/production/_ext/60175264/plib_mpu.o
 .comment       0x0000003c       0x3d build/default/production/_ext/1171490990/startup.o
 .comment       0x0000003c       0x3d build/default/production/_ext/1434821282/bsp.o
 .comment       0x0000003c       0x3d build/default/production/_ext/1881668453/sys_int.o
 .comment       0x0000003c       0x3d build/default/production/_ext/444070925/drv_ethphy.o
 .comment       0x0000003c       0x3d build/default/production/_ext/444070925/drv_extphy_smsc8740.o
 .comment       0x0000003c       0x3d build/default/production/_ext/438849557/drv_miim.o
 .comment       0x0000003c       0x3d build/default/production/_ext/1546807373/drv_gmac.o
 .comment       0x0000003c       0x3d build/default/production/_ext/1546807373/drv_gmac_lib.o
 .comment       0x0000003c       0x3d build/default/production/_ext/101884895/sys_time.o
 .comment       0x0000003c       0x3d build/default/production/_ext/829342655/plib_tc0.o
 .comment       0x0000003c       0x3d build/default/production/_ext/1033058136/arp.o
 .comment       0x0000003c       0x3d build/default/production/_ext/1033058136/dhcp.o
 .comment       0x0000003c       0x3d build/default/production/_ext/1033058136/ipv4.o
 .comment       0x0000003c       0x3d build/default/production/_ext/1033058136/icmp.o
 .comment       0x0000003c       0x3d build/default/production/_ext/1033058136/tcpip_heap_alloc.o
 .comment       0x0000003c       0x3d build/default/production/_ext/1033058136/tcpip_heap_internal.o
 .comment       0x0000003c       0x3d build/default/production/_ext/1033058136/helpers.o
 .comment       0x0000003c       0x3d build/default/production/_ext/1033058136/hash_fnv.o
 .comment       0x0000003c       0x3d build/default/production/_ext/1033058136/oahash.o
 .comment       0x0000003c       0x3d build/default/production/_ext/1033058136/tcpip_helpers.o
 .comment       0x0000003c       0x3d build/default/production/_ext/1033058136/tcpip_manager.o
 .comment       0x0000003c       0x3d build/default/production/_ext/1033058136/tcpip_notify.o
 .comment       0x0000003c       0x3d build/default/production/_ext/1033058136/tcpip_packet.o
 .comment       0x0000003c       0x3d build/default/production/_ext/753841488/sys_time_h2_adapter.o
 .comment       0x0000003c       0x3d build/default/production/_ext/1033058136/tcp.o
 .comment       0x0000003c       0x3d build/default/production/_ext/1033058136/udp.o
 .comment       0x0000003c       0x3d d:/00_program_installation/microchip/xc32/v2.10/bin/bin/../../lib/gcc/pic32c/6.2.1/../../../../pic32c/lib/v7e-m/fpv5/hard\libpic32c.a(data_init.o)
 .comment       0x0000003c       0x3d d:/00_program_installation/microchip/xc32/v2.10/bin/bin/../../lib/gcc/pic32c/6.2.1/v7e-m/fpv5/hard\libgcc.a(_udivmoddi4.o)
 .comment       0x0000003c       0x3d d:/00_program_installation/microchip/xc32/v2.10/bin/bin/../../lib/gcc/pic32c/6.2.1/../../../../pic32c/lib/v7e-m/fpv5/hard\libc.a(lib_a-calloc.o)
 .comment       0x0000003c       0x3d d:/00_program_installation/microchip/xc32/v2.10/bin/bin/../../lib/gcc/pic32c/6.2.1/../../../../pic32c/lib/v7e-m/fpv5/hard\libc.a(lib_a-callocr.o)
 .comment       0x0000003c       0x3d d:/00_program_installation/microchip/xc32/v2.10/bin/bin/../../lib/gcc/pic32c/6.2.1/../../../../pic32c/lib/v7e-m/fpv5/hard\libc.a(lib_a-impure.o)
 .comment       0x0000003c       0x3d d:/00_program_installation/microchip/xc32/v2.10/bin/bin/../../lib/gcc/pic32c/6.2.1/../../../../pic32c/lib/v7e-m/fpv5/hard\libc.a(lib_a-init.o)
 .comment       0x0000003c       0x3d d:/00_program_installation/microchip/xc32/v2.10/bin/bin/../../lib/gcc/pic32c/6.2.1/../../../../pic32c/lib/v7e-m/fpv5/hard\libc.a(lib_a-locale.o)
 .comment       0x0000003c       0x3d d:/00_program_installation/microchip/xc32/v2.10/bin/bin/../../lib/gcc/pic32c/6.2.1/../../../../pic32c/lib/v7e-m/fpv5/hard\libc.a(lib_a-malloc.o)
 .comment       0x0000003c       0x3d d:/00_program_installation/microchip/xc32/v2.10/bin/bin/../../lib/gcc/pic32c/6.2.1/../../../../pic32c/lib/v7e-m/fpv5/hard\libc.a(lib_a-mallocr.o)
 .comment       0x0000003c       0x3d d:/00_program_installation/microchip/xc32/v2.10/bin/bin/../../lib/gcc/pic32c/6.2.1/../../../../pic32c/lib/v7e-m/fpv5/hard\libc.a(lib_a-mbtowc_r.o)
 .comment       0x0000003c       0x3d d:/00_program_installation/microchip/xc32/v2.10/bin/bin/../../lib/gcc/pic32c/6.2.1/../../../../pic32c/lib/v7e-m/fpv5/hard\libc.a(lib_a-memcmp.o)
 .comment       0x0000003c       0x3d d:/00_program_installation/microchip/xc32/v2.10/bin/bin/../../lib/gcc/pic32c/6.2.1/../../../../pic32c/lib/v7e-m/fpv5/hard\libc.a(lib_a-memset.o)
 .comment       0x0000003c       0x3d d:/00_program_installation/microchip/xc32/v2.10/bin/bin/../../lib/gcc/pic32c/6.2.1/../../../../pic32c/lib/v7e-m/fpv5/hard\libc.a(lib_a-mlock.o)
 .comment       0x0000003c       0x3d d:/00_program_installation/microchip/xc32/v2.10/bin/bin/../../lib/gcc/pic32c/6.2.1/../../../../pic32c/lib/v7e-m/fpv5/hard\libc.a(lib_a-rand.o)
 .comment       0x0000003c       0x3d d:/00_program_installation/microchip/xc32/v2.10/bin/bin/../../lib/gcc/pic32c/6.2.1/../../../../pic32c/lib/v7e-m/fpv5/hard\libc.a(lib_a-sbrkr.o)
 .comment       0x0000003c       0x3d d:/00_program_installation/microchip/xc32/v2.10/bin/bin/../../lib/gcc/pic32c/6.2.1/../../../../pic32c/lib/v7e-m/fpv5/hard\libc.a(lib_a-strncpy.o)
 .comment       0x0000003c       0x3d d:/00_program_installation/microchip/xc32/v2.10/bin/bin/../../lib/gcc/pic32c/6.2.1/../../../../pic32c/lib/v7e-m/fpv5/hard\libc.a(lib_a-wctomb_r.o)
 .comment       0x0000003c       0x3d d:/00_program_installation/microchip/xc32/v2.10/bin/bin/../../lib/gcc/pic32c/6.2.1/../../../../pic32c/lib/v7e-m/fpv5/hard\libc.a(snprintf.cdnopsuxX.o)
 .comment       0x0000003c       0x3d d:/00_program_installation/microchip/xc32/v2.10/bin/bin/../../lib/gcc/pic32c/6.2.1/../../../../pic32c/lib/v7e-m/fpv5/hard\libc.a(vfprintf.cdnopsuxX.o)
 .comment       0x0000003c       0x3d d:/00_program_installation/microchip/xc32/v2.10/bin/bin/../../lib/gcc/pic32c/6.2.1/../../../../pic32c/lib/v7e-m/fpv5/hard\libc.a(vsnprintf.cdnopsuxX.o)
 .comment       0x0000003c       0x3d d:/00_program_installation/microchip/xc32/v2.10/bin/bin/../../lib/gcc/pic32c/6.2.1/../../../../pic32c/lib/v7e-m/fpv5/hard\libc.a(lib_a-__call_atexit.o)
 .comment       0x0000003c       0x3d d:/00_program_installation/microchip/xc32/v2.10/bin/bin/../../lib/gcc/pic32c/6.2.1/../../../../pic32c/lib/v7e-m/fpv5/hard\libc.a(lib_a-atexit.o)
 .comment       0x0000003c       0x3d d:/00_program_installation/microchip/xc32/v2.10/bin/bin/../../lib/gcc/pic32c/6.2.1/../../../../pic32c/lib/v7e-m/fpv5/hard\libc.a(lib_a-ctype_.o)
 .comment       0x0000003c       0x3d d:/00_program_installation/microchip/xc32/v2.10/bin/bin/../../lib/gcc/pic32c/6.2.1/../../../../pic32c/lib/v7e-m/fpv5/hard\libc.a(lib_a-fflush.o)
 .comment       0x0000003c       0x3d d:/00_program_installation/microchip/xc32/v2.10/bin/bin/../../lib/gcc/pic32c/6.2.1/../../../../pic32c/lib/v7e-m/fpv5/hard\libc.a(lib_a-findfp.o)
 .comment       0x0000003c       0x3d d:/00_program_installation/microchip/xc32/v2.10/bin/bin/../../lib/gcc/pic32c/6.2.1/../../../../pic32c/lib/v7e-m/fpv5/hard\libc.a(lib_a-fini.o)
 .comment       0x0000003c       0x3d d:/00_program_installation/microchip/xc32/v2.10/bin/bin/../../lib/gcc/pic32c/6.2.1/../../../../pic32c/lib/v7e-m/fpv5/hard\libc.a(lib_a-freer.o)
 .comment       0x0000003c       0x3d d:/00_program_installation/microchip/xc32/v2.10/bin/bin/../../lib/gcc/pic32c/6.2.1/../../../../pic32c/lib/v7e-m/fpv5/hard\libc.a(lib_a-fwalk.o)
 .comment       0x0000003c       0x3d d:/00_program_installation/microchip/xc32/v2.10/bin/bin/../../lib/gcc/pic32c/6.2.1/../../../../pic32c/lib/v7e-m/fpv5/hard\libc.a(lib_a-reent.o)
 .comment       0x0000003c       0x3d d:/00_program_installation/microchip/xc32/v2.10/bin/bin/../../lib/gcc/pic32c/6.2.1/../../../../pic32c/lib/v7e-m/fpv5/hard\libc.a(lib_a-stdio.o)
 .comment       0x0000003c       0x3d d:/00_program_installation/microchip/xc32/v2.10/bin/bin/../../lib/gcc/pic32c/6.2.1/../../../../pic32c/lib/v7e-m/fpv5/hard\libc.a(lib_a-vfiprintf.o)
 .comment       0x0000003c       0x3d d:/00_program_installation/microchip/xc32/v2.10/bin/bin/../../lib/gcc/pic32c/6.2.1/../../../../pic32c/lib/v7e-m/fpv5/hard\libc.a(lib_a-writer.o)
 .comment       0x0000003c       0x3d d:/00_program_installation/microchip/xc32/v2.10/bin/bin/../../lib/gcc/pic32c/6.2.1/../../../../pic32c/lib/v7e-m/fpv5/hard\libc.a(lib_a-wsetup.o)
 .comment       0x0000003c       0x3d d:/00_program_installation/microchip/xc32/v2.10/bin/bin/../../lib/gcc/pic32c/6.2.1/../../../../pic32c/lib/v7e-m/fpv5/hard\libc.a(lib_a-__atexit.o)
 .comment       0x0000003c       0x3d d:/00_program_installation/microchip/xc32/v2.10/bin/bin/../../lib/gcc/pic32c/6.2.1/../../../../pic32c/lib/v7e-m/fpv5/hard\libc.a(lib_a-closer.o)
 .comment       0x0000003c       0x3d d:/00_program_installation/microchip/xc32/v2.10/bin/bin/../../lib/gcc/pic32c/6.2.1/../../../../pic32c/lib/v7e-m/fpv5/hard\libc.a(lib_a-fclose.o)
 .comment       0x0000003c       0x3d d:/00_program_installation/microchip/xc32/v2.10/bin/bin/../../lib/gcc/pic32c/6.2.1/../../../../pic32c/lib/v7e-m/fpv5/hard\libc.a(lib_a-fputwc.o)
 .comment       0x0000003c       0x3d d:/00_program_installation/microchip/xc32/v2.10/bin/bin/../../lib/gcc/pic32c/6.2.1/../../../../pic32c/lib/v7e-m/fpv5/hard\libc.a(lib_a-fvwrite.o)
 .comment       0x0000003c       0x3d d:/00_program_installation/microchip/xc32/v2.10/bin/bin/../../lib/gcc/pic32c/6.2.1/../../../../pic32c/lib/v7e-m/fpv5/hard\libc.a(lib_a-lseekr.o)
 .comment       0x0000003c       0x3d d:/00_program_installation/microchip/xc32/v2.10/bin/bin/../../lib/gcc/pic32c/6.2.1/../../../../pic32c/lib/v7e-m/fpv5/hard\libc.a(lib_a-makebuf.o)
 .comment       0x0000003c       0x3d d:/00_program_installation/microchip/xc32/v2.10/bin/bin/../../lib/gcc/pic32c/6.2.1/../../../../pic32c/lib/v7e-m/fpv5/hard\libc.a(lib_a-memmove.o)
 .comment       0x0000003c       0x3d d:/00_program_installation/microchip/xc32/v2.10/bin/bin/../../lib/gcc/pic32c/6.2.1/../../../../pic32c/lib/v7e-m/fpv5/hard\libc.a(lib_a-readr.o)
 .comment       0x0000003c       0x3d d:/00_program_installation/microchip/xc32/v2.10/bin/bin/../../lib/gcc/pic32c/6.2.1/../../../../pic32c/lib/v7e-m/fpv5/hard\libc.a(lib_a-reallocr.o)
 .comment       0x0000003c       0x3d d:/00_program_installation/microchip/xc32/v2.10/bin/bin/../../lib/gcc/pic32c/6.2.1/../../../../pic32c/lib/v7e-m/fpv5/hard\libc.a(lib_a-wbuf.o)
 .comment       0x0000003c       0x3d d:/00_program_installation/microchip/xc32/v2.10/bin/bin/../../lib/gcc/pic32c/6.2.1/../../../../pic32c/lib/v7e-m/fpv5/hard\libc.a(lib_a-wcrtomb.o)
 .comment       0x0000003c       0x3d d:/00_program_installation/microchip/xc32/v2.10/bin/bin/../../lib/gcc/pic32c/6.2.1/../../../../pic32c/lib/v7e-m/fpv5/hard\libc.a(lib_a-fstatr.o)
 .comment       0x0000003c       0x3d d:/00_program_installation/microchip/xc32/v2.10/bin/bin/../../lib/gcc/pic32c/6.2.1/../../../../pic32c/lib/v7e-m/fpv5/hard\libc.a(lib_a-isattyr.o)
 .comment       0x0000003c       0x3d d:/00_program_installation/microchip/xc32/v2.10/bin/bin/../../lib/gcc/pic32c/6.2.1/../../../../pic32c/lib/v7e-m/fpv5/hard\libpic32c.a(close.o)
 .comment       0x0000003c       0x3d d:/00_program_installation/microchip/xc32/v2.10/bin/bin/../../lib/gcc/pic32c/6.2.1/../../../../pic32c/lib/v7e-m/fpv5/hard\libpic32c.a(fstat.o)
 .comment       0x0000003c       0x3d d:/00_program_installation/microchip/xc32/v2.10/bin/bin/../../lib/gcc/pic32c/6.2.1/../../../../pic32c/lib/v7e-m/fpv5/hard\libpic32c.a(isatty.o)
 .comment       0x0000003c       0x3d d:/00_program_installation/microchip/xc32/v2.10/bin/bin/../../lib/gcc/pic32c/6.2.1/../../../../pic32c/lib/v7e-m/fpv5/hard\libpic32c.a(lseek.o)
 .comment       0x0000003c       0x3d d:/00_program_installation/microchip/xc32/v2.10/bin/bin/../../lib/gcc/pic32c/6.2.1/../../../../pic32c/lib/v7e-m/fpv5/hard\libpic32c.a(read.o)
 .comment       0x0000003c       0x3d d:/00_program_installation/microchip/xc32/v2.10/bin/bin/../../lib/gcc/pic32c/6.2.1/../../../../pic32c/lib/v7e-m/fpv5/hard\libpic32c.a(sbrk.o)
 .comment       0x0000003c       0x3d d:/00_program_installation/microchip/xc32/v2.10/bin/bin/../../lib/gcc/pic32c/6.2.1/../../../../pic32c/lib/v7e-m/fpv5/hard\libpic32c.a(write.o)
 .comment       0x0000003c       0x3d d:/00_program_installation/microchip/xc32/v2.10/bin/bin/../../lib/gcc/pic32c/6.2.1/../../../../pic32c/lib/v7e-m/fpv5/hard\libpic32c.a(_mon_getc.o)
 .comment       0x0000003c       0x3d d:/00_program_installation/microchip/xc32/v2.10/bin/bin/../../lib/gcc/pic32c/6.2.1/../../../../pic32c/lib/v7e-m/fpv5/hard\libpic32c.a(_mon_putc.o)

.debug_info     0x00000000    0xe7977
 .debug_info    0x00000000     0x4357 build/default/production/_ext/1360937237/main.o
 .debug_info    0x00004357     0x48e5 build/default/production/_ext/1360937237/app.o
 .debug_info    0x00008c3c     0x6158 build/default/production/_ext/1171490990/initialization.o
 .debug_info    0x0000ed94     0x436b build/default/production/_ext/1171490990/tasks.o
 .debug_info    0x000130ff     0x4e18 build/default/production/_ext/1171490990/interrupts.o
 .debug_info    0x00017f17     0x43f7 build/default/production/_ext/1171490990/exceptions.o
 .debug_info    0x0001c30e      0x90d build/default/production/_ext/60165520/plib_clk.o
 .debug_info    0x0001cc1b      0xcc2 build/default/production/_ext/60177924/plib_pio.o
 .debug_info    0x0001d8dd      0xf1e build/default/production/_ext/1865468468/plib_nvic.o
 .debug_info    0x0001e7fb      0x89e build/default/production/_ext/60175264/plib_mpu.o
 .debug_info    0x0001f099     0x4cfb build/default/production/_ext/1171490990/startup.o
 .debug_info    0x00023d94     0x14dd build/default/production/_ext/1434821282/bsp.o
 .debug_info    0x00025271      0xbe7 build/default/production/_ext/1881668453/sys_int.o
 .debug_info    0x00025e58     0x85b9 build/default/production/_ext/444070925/drv_ethphy.o
 .debug_info    0x0002e411     0x31c5 build/default/production/_ext/444070925/drv_extphy_smsc8740.o
 .debug_info    0x000315d6     0x5916 build/default/production/_ext/438849557/drv_miim.o
 .debug_info    0x00036eec     0xa613 build/default/production/_ext/1546807373/drv_gmac.o
 .debug_info    0x000414ff     0x8c0d build/default/production/_ext/1546807373/drv_gmac_lib.o
 .debug_info    0x0004a10c     0x2b99 build/default/production/_ext/101884895/sys_time.o
 .debug_info    0x0004cca5      0xef9 build/default/production/_ext/829342655/plib_tc0.o
 .debug_info    0x0004db9e     0x852c build/default/production/_ext/1033058136/arp.o
 .debug_info    0x000560ca     0xac81 build/default/production/_ext/1033058136/dhcp.o
 .debug_info    0x00060d4b     0x7dd0 build/default/production/_ext/1033058136/ipv4.o
 .debug_info    0x00068b1b     0x54ab build/default/production/_ext/1033058136/icmp.o
 .debug_info    0x0006dfc6     0x451e build/default/production/_ext/1033058136/tcpip_heap_alloc.o
 .debug_info    0x000724e4     0x5422 build/default/production/_ext/1033058136/tcpip_heap_internal.o
 .debug_info    0x00077906     0x10f5 build/default/production/_ext/1033058136/helpers.o
 .debug_info    0x000789fb      0xf12 build/default/production/_ext/1033058136/hash_fnv.o
 .debug_info    0x0007990d     0x158c build/default/production/_ext/1033058136/oahash.o
 .debug_info    0x0007ae99     0x81b8 build/default/production/_ext/1033058136/tcpip_helpers.o
 .debug_info    0x00083051     0xca11 build/default/production/_ext/1033058136/tcpip_manager.o
 .debug_info    0x0008fa62     0x436d build/default/production/_ext/1033058136/tcpip_notify.o
 .debug_info    0x00093dcf     0x538a build/default/production/_ext/1033058136/tcpip_packet.o
 .debug_info    0x00099159      0x4f7 build/default/production/_ext/753841488/sys_time_h2_adapter.o
 .debug_info    0x00099650     0xc971 build/default/production/_ext/1033058136/tcp.o
 .debug_info    0x000a5fc1     0xa749 build/default/production/_ext/1033058136/udp.o
 .debug_info    0x000b070a      0x29f d:/00_program_installation/microchip/xc32/v2.10/bin/bin/../../lib/gcc/pic32c/6.2.1/../../../../pic32c/lib/v7e-m/fpv5/hard\libpic32c.a(data_init.o)
 .debug_info    0x000b09a9      0x10f d:/00_program_installation/microchip/xc32/v2.10/bin/bin/../../lib/gcc/pic32c/6.2.1/v7e-m/fpv5/hard\libgcc.a(_aeabi_uldivmod.o)
 .debug_info    0x000b0ab8     0x2288 d:/00_program_installation/microchip/xc32/v2.10/bin/bin/../../lib/gcc/pic32c/6.2.1/v7e-m/fpv5/hard\libgcc.a(_udivmoddi4.o)
 .debug_info    0x000b2d40      0x113 d:/00_program_installation/microchip/xc32/v2.10/bin/bin/../../lib/gcc/pic32c/6.2.1/v7e-m/fpv5/hard\libgcc.a(_dvmd_tls.o)
 .debug_info    0x000b2e53      0xe42 d:/00_program_installation/microchip/xc32/v2.10/bin/bin/../../lib/gcc/pic32c/6.2.1/../../../../pic32c/lib/v7e-m/fpv5/hard\libc.a(lib_a-calloc.o)
 .debug_info    0x000b3c95     0x1248 d:/00_program_installation/microchip/xc32/v2.10/bin/bin/../../lib/gcc/pic32c/6.2.1/../../../../pic32c/lib/v7e-m/fpv5/hard\libc.a(lib_a-callocr.o)
 .debug_info    0x000b4edd      0xdde d:/00_program_installation/microchip/xc32/v2.10/bin/bin/../../lib/gcc/pic32c/6.2.1/../../../../pic32c/lib/v7e-m/fpv5/hard\libc.a(lib_a-impure.o)
 .debug_info    0x000b5cbb      0x40a d:/00_program_installation/microchip/xc32/v2.10/bin/bin/../../lib/gcc/pic32c/6.2.1/../../../../pic32c/lib/v7e-m/fpv5/hard\libc.a(lib_a-init.o)
 .debug_info    0x000b60c5     0x1884 d:/00_program_installation/microchip/xc32/v2.10/bin/bin/../../lib/gcc/pic32c/6.2.1/../../../../pic32c/lib/v7e-m/fpv5/hard\libc.a(lib_a-locale.o)
 .debug_info    0x000b7949      0xe81 d:/00_program_installation/microchip/xc32/v2.10/bin/bin/../../lib/gcc/pic32c/6.2.1/../../../../pic32c/lib/v7e-m/fpv5/hard\libc.a(lib_a-malloc.o)
 .debug_info    0x000b87ca     0x155d d:/00_program_installation/microchip/xc32/v2.10/bin/bin/../../lib/gcc/pic32c/6.2.1/../../../../pic32c/lib/v7e-m/fpv5/hard\libc.a(lib_a-mallocr.o)
 .debug_info    0x000b9d27     0x176c d:/00_program_installation/microchip/xc32/v2.10/bin/bin/../../lib/gcc/pic32c/6.2.1/../../../../pic32c/lib/v7e-m/fpv5/hard\libc.a(lib_a-mbtowc_r.o)
 .debug_info    0x000bb493      0xe5a d:/00_program_installation/microchip/xc32/v2.10/bin/bin/../../lib/gcc/pic32c/6.2.1/../../../../pic32c/lib/v7e-m/fpv5/hard\libc.a(lib_a-memcmp.o)
 .debug_info    0x000bc2ed      0x129 d:/00_program_installation/microchip/xc32/v2.10/bin/bin/../../lib/gcc/pic32c/6.2.1/../../../../pic32c/lib/v7e-m/fpv5/hard\libc.a(lib_a-memcpy.o)
 .debug_info    0x000bc416     0x15e9 d:/00_program_installation/microchip/xc32/v2.10/bin/bin/../../lib/gcc/pic32c/6.2.1/../../../../pic32c/lib/v7e-m/fpv5/hard\libc.a(lib_a-memset.o)
 .debug_info    0x000bd9ff      0xe38 d:/00_program_installation/microchip/xc32/v2.10/bin/bin/../../lib/gcc/pic32c/6.2.1/../../../../pic32c/lib/v7e-m/fpv5/hard\libc.a(lib_a-mlock.o)
 .debug_info    0x000be837      0xe33 d:/00_program_installation/microchip/xc32/v2.10/bin/bin/../../lib/gcc/pic32c/6.2.1/../../../../pic32c/lib/v7e-m/fpv5/hard\libc.a(lib_a-rand.o)
 .debug_info    0x000bf66a      0xece d:/00_program_installation/microchip/xc32/v2.10/bin/bin/../../lib/gcc/pic32c/6.2.1/../../../../pic32c/lib/v7e-m/fpv5/hard\libc.a(lib_a-sbrkr.o)
 .debug_info    0x000c0538      0x128 d:/00_program_installation/microchip/xc32/v2.10/bin/bin/../../lib/gcc/pic32c/6.2.1/../../../../pic32c/lib/v7e-m/fpv5/hard\libc.a(lib_a-strcmp.o)
 .debug_info    0x000c0660      0x128 d:/00_program_installation/microchip/xc32/v2.10/bin/bin/../../lib/gcc/pic32c/6.2.1/../../../../pic32c/lib/v7e-m/fpv5/hard\libc.a(lib_a-strlen.o)
 .debug_info    0x000c0788      0xe7a d:/00_program_installation/microchip/xc32/v2.10/bin/bin/../../lib/gcc/pic32c/6.2.1/../../../../pic32c/lib/v7e-m/fpv5/hard\libc.a(lib_a-strncpy.o)
 .debug_info    0x000c1602     0x1737 d:/00_program_installation/microchip/xc32/v2.10/bin/bin/../../lib/gcc/pic32c/6.2.1/../../../../pic32c/lib/v7e-m/fpv5/hard\libc.a(lib_a-wctomb_r.o)
 .debug_info    0x000c2d39      0xf36 d:/00_program_installation/microchip/xc32/v2.10/bin/bin/../../lib/gcc/pic32c/6.2.1/../../../../pic32c/lib/v7e-m/fpv5/hard\libc.a(snprintf.cdnopsuxX.o)
 .debug_info    0x000c3c6f     0x2137 d:/00_program_installation/microchip/xc32/v2.10/bin/bin/../../lib/gcc/pic32c/6.2.1/../../../../pic32c/lib/v7e-m/fpv5/hard\libc.a(vfprintf.cdnopsuxX.o)
 .debug_info    0x000c5da6      0xf75 d:/00_program_installation/microchip/xc32/v2.10/bin/bin/../../lib/gcc/pic32c/6.2.1/../../../../pic32c/lib/v7e-m/fpv5/hard\libc.a(vsnprintf.cdnopsuxX.o)
 .debug_info    0x000c6d1b      0xf5a d:/00_program_installation/microchip/xc32/v2.10/bin/bin/../../lib/gcc/pic32c/6.2.1/../../../../pic32c/lib/v7e-m/fpv5/hard\libc.a(lib_a-__call_atexit.o)
 .debug_info    0x000c7c75      0xe6f d:/00_program_installation/microchip/xc32/v2.10/bin/bin/../../lib/gcc/pic32c/6.2.1/../../../../pic32c/lib/v7e-m/fpv5/hard\libc.a(lib_a-atexit.o)
 .debug_info    0x000c8ae4     0x1569 d:/00_program_installation/microchip/xc32/v2.10/bin/bin/../../lib/gcc/pic32c/6.2.1/../../../../pic32c/lib/v7e-m/fpv5/hard\libc.a(lib_a-ctype_.o)
 .debug_info    0x000ca04d     0x1342 d:/00_program_installation/microchip/xc32/v2.10/bin/bin/../../lib/gcc/pic32c/6.2.1/../../../../pic32c/lib/v7e-m/fpv5/hard\libc.a(lib_a-fflush.o)
 .debug_info    0x000cb38f     0x170a d:/00_program_installation/microchip/xc32/v2.10/bin/bin/../../lib/gcc/pic32c/6.2.1/../../../../pic32c/lib/v7e-m/fpv5/hard\libc.a(lib_a-findfp.o)
 .debug_info    0x000cca99      0x3cf d:/00_program_installation/microchip/xc32/v2.10/bin/bin/../../lib/gcc/pic32c/6.2.1/../../../../pic32c/lib/v7e-m/fpv5/hard\libc.a(lib_a-fini.o)
 .debug_info    0x000cce68     0x13bc d:/00_program_installation/microchip/xc32/v2.10/bin/bin/../../lib/gcc/pic32c/6.2.1/../../../../pic32c/lib/v7e-m/fpv5/hard\libc.a(lib_a-freer.o)
 .debug_info    0x000ce224     0x1255 d:/00_program_installation/microchip/xc32/v2.10/bin/bin/../../lib/gcc/pic32c/6.2.1/../../../../pic32c/lib/v7e-m/fpv5/hard\libc.a(lib_a-fwalk.o)
 .debug_info    0x000cf479      0x122 d:/00_program_installation/microchip/xc32/v2.10/bin/bin/../../lib/gcc/pic32c/6.2.1/../../../../pic32c/lib/v7e-m/fpv5/hard\libc.a(lib_a-memchr.o)
 .debug_info    0x000cf59b      0xf8a d:/00_program_installation/microchip/xc32/v2.10/bin/bin/../../lib/gcc/pic32c/6.2.1/../../../../pic32c/lib/v7e-m/fpv5/hard\libc.a(lib_a-reent.o)
 .debug_info    0x000d0525     0x140c d:/00_program_installation/microchip/xc32/v2.10/bin/bin/../../lib/gcc/pic32c/6.2.1/../../../../pic32c/lib/v7e-m/fpv5/hard\libc.a(lib_a-stdio.o)
 .debug_info    0x000d1931     0x2682 d:/00_program_installation/microchip/xc32/v2.10/bin/bin/../../lib/gcc/pic32c/6.2.1/../../../../pic32c/lib/v7e-m/fpv5/hard\libc.a(lib_a-vfiprintf.o)
 .debug_info    0x000d3fb3      0xf05 d:/00_program_installation/microchip/xc32/v2.10/bin/bin/../../lib/gcc/pic32c/6.2.1/../../../../pic32c/lib/v7e-m/fpv5/hard\libc.a(lib_a-writer.o)
 .debug_info    0x000d4eb8     0x11d7 d:/00_program_installation/microchip/xc32/v2.10/bin/bin/../../lib/gcc/pic32c/6.2.1/../../../../pic32c/lib/v7e-m/fpv5/hard\libc.a(lib_a-wsetup.o)
 .debug_info    0x000d608f      0xedb d:/00_program_installation/microchip/xc32/v2.10/bin/bin/../../lib/gcc/pic32c/6.2.1/../../../../pic32c/lib/v7e-m/fpv5/hard\libc.a(lib_a-__atexit.o)
 .debug_info    0x000d6f6a      0xeb5 d:/00_program_installation/microchip/xc32/v2.10/bin/bin/../../lib/gcc/pic32c/6.2.1/../../../../pic32c/lib/v7e-m/fpv5/hard\libc.a(lib_a-closer.o)
 .debug_info    0x000d7e1f     0x1291 d:/00_program_installation/microchip/xc32/v2.10/bin/bin/../../lib/gcc/pic32c/6.2.1/../../../../pic32c/lib/v7e-m/fpv5/hard\libc.a(lib_a-fclose.o)
 .debug_info    0x000d90b0     0x13fc d:/00_program_installation/microchip/xc32/v2.10/bin/bin/../../lib/gcc/pic32c/6.2.1/../../../../pic32c/lib/v7e-m/fpv5/hard\libc.a(lib_a-fputwc.o)
 .debug_info    0x000da4ac     0x14ef d:/00_program_installation/microchip/xc32/v2.10/bin/bin/../../lib/gcc/pic32c/6.2.1/../../../../pic32c/lib/v7e-m/fpv5/hard\libc.a(lib_a-fvwrite.o)
 .debug_info    0x000db99b      0xee6 d:/00_program_installation/microchip/xc32/v2.10/bin/bin/../../lib/gcc/pic32c/6.2.1/../../../../pic32c/lib/v7e-m/fpv5/hard\libc.a(lib_a-lseekr.o)
 .debug_info    0x000dc881     0x15a4 d:/00_program_installation/microchip/xc32/v2.10/bin/bin/../../lib/gcc/pic32c/6.2.1/../../../../pic32c/lib/v7e-m/fpv5/hard\libc.a(lib_a-makebuf.o)
 .debug_info    0x000dde25     0x160b d:/00_program_installation/microchip/xc32/v2.10/bin/bin/../../lib/gcc/pic32c/6.2.1/../../../../pic32c/lib/v7e-m/fpv5/hard\libc.a(lib_a-memmove.o)
 .debug_info    0x000df430      0xefd d:/00_program_installation/microchip/xc32/v2.10/bin/bin/../../lib/gcc/pic32c/6.2.1/../../../../pic32c/lib/v7e-m/fpv5/hard\libc.a(lib_a-readr.o)
 .debug_info    0x000e032d     0x14db d:/00_program_installation/microchip/xc32/v2.10/bin/bin/../../lib/gcc/pic32c/6.2.1/../../../../pic32c/lib/v7e-m/fpv5/hard\libc.a(lib_a-reallocr.o)
 .debug_info    0x000e1808     0x125c d:/00_program_installation/microchip/xc32/v2.10/bin/bin/../../lib/gcc/pic32c/6.2.1/../../../../pic32c/lib/v7e-m/fpv5/hard\libc.a(lib_a-wbuf.o)
 .debug_info    0x000e2a64     0x17ed d:/00_program_installation/microchip/xc32/v2.10/bin/bin/../../lib/gcc/pic32c/6.2.1/../../../../pic32c/lib/v7e-m/fpv5/hard\libc.a(lib_a-wcrtomb.o)
 .debug_info    0x000e4251     0x11aa d:/00_program_installation/microchip/xc32/v2.10/bin/bin/../../lib/gcc/pic32c/6.2.1/../../../../pic32c/lib/v7e-m/fpv5/hard\libc.a(lib_a-fstatr.o)
 .debug_info    0x000e53fb      0xeba d:/00_program_installation/microchip/xc32/v2.10/bin/bin/../../lib/gcc/pic32c/6.2.1/../../../../pic32c/lib/v7e-m/fpv5/hard\libc.a(lib_a-isattyr.o)
 .debug_info    0x000e62b5      0x294 d:/00_program_installation/microchip/xc32/v2.10/bin/bin/../../lib/gcc/pic32c/6.2.1/../../../../pic32c/lib/v7e-m/fpv5/hard\libpic32c.a(close.o)
 .debug_info    0x000e6549      0x284 d:/00_program_installation/microchip/xc32/v2.10/bin/bin/../../lib/gcc/pic32c/6.2.1/../../../../pic32c/lib/v7e-m/fpv5/hard\libpic32c.a(fstat.o)
 .debug_info    0x000e67cd      0x286 d:/00_program_installation/microchip/xc32/v2.10/bin/bin/../../lib/gcc/pic32c/6.2.1/../../../../pic32c/lib/v7e-m/fpv5/hard\libpic32c.a(isatty.o)
 .debug_info    0x000e6a53      0x284 d:/00_program_installation/microchip/xc32/v2.10/bin/bin/../../lib/gcc/pic32c/6.2.1/../../../../pic32c/lib/v7e-m/fpv5/hard\libpic32c.a(lseek.o)
 .debug_info    0x000e6cd7      0x283 d:/00_program_installation/microchip/xc32/v2.10/bin/bin/../../lib/gcc/pic32c/6.2.1/../../../../pic32c/lib/v7e-m/fpv5/hard\libpic32c.a(read.o)
 .debug_info    0x000e6f5a      0x282 d:/00_program_installation/microchip/xc32/v2.10/bin/bin/../../lib/gcc/pic32c/6.2.1/../../../../pic32c/lib/v7e-m/fpv5/hard\libpic32c.a(sbrk.o)
 .debug_info    0x000e71dc      0x285 d:/00_program_installation/microchip/xc32/v2.10/bin/bin/../../lib/gcc/pic32c/6.2.1/../../../../pic32c/lib/v7e-m/fpv5/hard\libpic32c.a(write.o)
 .debug_info    0x000e7461      0x28b d:/00_program_installation/microchip/xc32/v2.10/bin/bin/../../lib/gcc/pic32c/6.2.1/../../../../pic32c/lib/v7e-m/fpv5/hard\libpic32c.a(_mon_getc.o)
 .debug_info    0x000e76ec      0x28b d:/00_program_installation/microchip/xc32/v2.10/bin/bin/../../lib/gcc/pic32c/6.2.1/../../../../pic32c/lib/v7e-m/fpv5/hard\libpic32c.a(_mon_putc.o)

.debug_abbrev   0x00000000     0xe384
 .debug_abbrev  0x00000000      0x270 build/default/production/_ext/1360937237/main.o
 .debug_abbrev  0x00000270      0x2d8 build/default/production/_ext/1360937237/app.o
 .debug_abbrev  0x00000548      0x33e build/default/production/_ext/1171490990/initialization.o
 .debug_abbrev  0x00000886      0x276 build/default/production/_ext/1171490990/tasks.o
 .debug_abbrev  0x00000afc      0x247 build/default/production/_ext/1171490990/interrupts.o
 .debug_abbrev  0x00000d43      0x236 build/default/production/_ext/1171490990/exceptions.o
 .debug_abbrev  0x00000f79       0xfa build/default/production/_ext/60165520/plib_clk.o
 .debug_abbrev  0x00001073      0x144 build/default/production/_ext/60177924/plib_pio.o
 .debug_abbrev  0x000011b7      0x179 build/default/production/_ext/1865468468/plib_nvic.o
 .debug_abbrev  0x00001330       0xcd build/default/production/_ext/60175264/plib_mpu.o
 .debug_abbrev  0x000013fd      0x366 build/default/production/_ext/1171490990/startup.o
 .debug_abbrev  0x00001763      0x1a3 build/default/production/_ext/1434821282/bsp.o
 .debug_abbrev  0x00001906      0x1f1 build/default/production/_ext/1881668453/sys_int.o
 .debug_abbrev  0x00001af7      0x587 build/default/production/_ext/444070925/drv_ethphy.o
 .debug_abbrev  0x0000207e      0x2d7 build/default/production/_ext/444070925/drv_extphy_smsc8740.o
 .debug_abbrev  0x00002355      0x69a build/default/production/_ext/438849557/drv_miim.o
 .debug_abbrev  0x000029ef      0x624 build/default/production/_ext/1546807373/drv_gmac.o
 .debug_abbrev  0x00003013      0x542 build/default/production/_ext/1546807373/drv_gmac_lib.o
 .debug_abbrev  0x00003555      0x50d build/default/production/_ext/101884895/sys_time.o
 .debug_abbrev  0x00003a62      0x228 build/default/production/_ext/829342655/plib_tc0.o
 .debug_abbrev  0x00003c8a      0x543 build/default/production/_ext/1033058136/arp.o
 .debug_abbrev  0x000041cd      0x5b0 build/default/production/_ext/1033058136/dhcp.o
 .debug_abbrev  0x0000477d      0x530 build/default/production/_ext/1033058136/ipv4.o
 .debug_abbrev  0x00004cad      0x415 build/default/production/_ext/1033058136/icmp.o
 .debug_abbrev  0x000050c2      0x299 build/default/production/_ext/1033058136/tcpip_heap_alloc.o
 .debug_abbrev  0x0000535b      0x48f build/default/production/_ext/1033058136/tcpip_heap_internal.o
 .debug_abbrev  0x000057ea      0x243 build/default/production/_ext/1033058136/helpers.o
 .debug_abbrev  0x00005a2d      0x1d0 build/default/production/_ext/1033058136/hash_fnv.o
 .debug_abbrev  0x00005bfd      0x34c build/default/production/_ext/1033058136/oahash.o
 .debug_abbrev  0x00005f49      0x580 build/default/production/_ext/1033058136/tcpip_helpers.o
 .debug_abbrev  0x000064c9      0x67e build/default/production/_ext/1033058136/tcpip_manager.o
 .debug_abbrev  0x00006b47      0x2eb build/default/production/_ext/1033058136/tcpip_notify.o
 .debug_abbrev  0x00006e32      0x47d build/default/production/_ext/1033058136/tcpip_packet.o
 .debug_abbrev  0x000072af      0x128 build/default/production/_ext/753841488/sys_time_h2_adapter.o
 .debug_abbrev  0x000073d7      0x62d build/default/production/_ext/1033058136/tcp.o
 .debug_abbrev  0x00007a04      0x5dc build/default/production/_ext/1033058136/udp.o
 .debug_abbrev  0x00007fe0       0x2a d:/00_program_installation/microchip/xc32/v2.10/bin/bin/../../lib/gcc/pic32c/6.2.1/../../../../pic32c/lib/v7e-m/fpv5/hard\libpic32c.a(data_init.o)
 .debug_abbrev  0x0000800a       0x14 d:/00_program_installation/microchip/xc32/v2.10/bin/bin/../../lib/gcc/pic32c/6.2.1/v7e-m/fpv5/hard\libgcc.a(_aeabi_uldivmod.o)
 .debug_abbrev  0x0000801e      0x201 d:/00_program_installation/microchip/xc32/v2.10/bin/bin/../../lib/gcc/pic32c/6.2.1/v7e-m/fpv5/hard\libgcc.a(_udivmoddi4.o)
 .debug_abbrev  0x0000821f       0x14 d:/00_program_installation/microchip/xc32/v2.10/bin/bin/../../lib/gcc/pic32c/6.2.1/v7e-m/fpv5/hard\libgcc.a(_dvmd_tls.o)
 .debug_abbrev  0x00008233      0x1cc d:/00_program_installation/microchip/xc32/v2.10/bin/bin/../../lib/gcc/pic32c/6.2.1/../../../../pic32c/lib/v7e-m/fpv5/hard\libc.a(lib_a-calloc.o)
 .debug_abbrev  0x000083ff      0x203 d:/00_program_installation/microchip/xc32/v2.10/bin/bin/../../lib/gcc/pic32c/6.2.1/../../../../pic32c/lib/v7e-m/fpv5/hard\libc.a(lib_a-callocr.o)
 .debug_abbrev  0x00008602      0x176 d:/00_program_installation/microchip/xc32/v2.10/bin/bin/../../lib/gcc/pic32c/6.2.1/../../../../pic32c/lib/v7e-m/fpv5/hard\libc.a(lib_a-impure.o)
 .debug_abbrev  0x00008778       0xa3 d:/00_program_installation/microchip/xc32/v2.10/bin/bin/../../lib/gcc/pic32c/6.2.1/../../../../pic32c/lib/v7e-m/fpv5/hard\libc.a(lib_a-init.o)
 .debug_abbrev  0x0000881b      0x299 d:/00_program_installation/microchip/xc32/v2.10/bin/bin/../../lib/gcc/pic32c/6.2.1/../../../../pic32c/lib/v7e-m/fpv5/hard\libc.a(lib_a-locale.o)
 .debug_abbrev  0x00008ab4      0x1f8 d:/00_program_installation/microchip/xc32/v2.10/bin/bin/../../lib/gcc/pic32c/6.2.1/../../../../pic32c/lib/v7e-m/fpv5/hard\libc.a(lib_a-malloc.o)
 .debug_abbrev  0x00008cac      0x2ad d:/00_program_installation/microchip/xc32/v2.10/bin/bin/../../lib/gcc/pic32c/6.2.1/../../../../pic32c/lib/v7e-m/fpv5/hard\libc.a(lib_a-mallocr.o)
 .debug_abbrev  0x00008f59      0x203 d:/00_program_installation/microchip/xc32/v2.10/bin/bin/../../lib/gcc/pic32c/6.2.1/../../../../pic32c/lib/v7e-m/fpv5/hard\libc.a(lib_a-mbtowc_r.o)
 .debug_abbrev  0x0000915c      0x1a3 d:/00_program_installation/microchip/xc32/v2.10/bin/bin/../../lib/gcc/pic32c/6.2.1/../../../../pic32c/lib/v7e-m/fpv5/hard\libc.a(lib_a-memcmp.o)
 .debug_abbrev  0x000092ff       0x14 d:/00_program_installation/microchip/xc32/v2.10/bin/bin/../../lib/gcc/pic32c/6.2.1/../../../../pic32c/lib/v7e-m/fpv5/hard\libc.a(lib_a-memcpy.o)
 .debug_abbrev  0x00009313      0x1b7 d:/00_program_installation/microchip/xc32/v2.10/bin/bin/../../lib/gcc/pic32c/6.2.1/../../../../pic32c/lib/v7e-m/fpv5/hard\libc.a(lib_a-memset.o)
 .debug_abbrev  0x000094ca      0x1b9 d:/00_program_installation/microchip/xc32/v2.10/bin/bin/../../lib/gcc/pic32c/6.2.1/../../../../pic32c/lib/v7e-m/fpv5/hard\libc.a(lib_a-mlock.o)
 .debug_abbrev  0x00009683      0x1d6 d:/00_program_installation/microchip/xc32/v2.10/bin/bin/../../lib/gcc/pic32c/6.2.1/../../../../pic32c/lib/v7e-m/fpv5/hard\libc.a(lib_a-rand.o)
 .debug_abbrev  0x00009859      0x1ed d:/00_program_installation/microchip/xc32/v2.10/bin/bin/../../lib/gcc/pic32c/6.2.1/../../../../pic32c/lib/v7e-m/fpv5/hard\libc.a(lib_a-sbrkr.o)
 .debug_abbrev  0x00009a46       0x14 d:/00_program_installation/microchip/xc32/v2.10/bin/bin/../../lib/gcc/pic32c/6.2.1/../../../../pic32c/lib/v7e-m/fpv5/hard\libc.a(lib_a-strcmp.o)
 .debug_abbrev  0x00009a5a       0x14 d:/00_program_installation/microchip/xc32/v2.10/bin/bin/../../lib/gcc/pic32c/6.2.1/../../../../pic32c/lib/v7e-m/fpv5/hard\libc.a(lib_a-strlen.o)
 .debug_abbrev  0x00009a6e      0x1ad d:/00_program_installation/microchip/xc32/v2.10/bin/bin/../../lib/gcc/pic32c/6.2.1/../../../../pic32c/lib/v7e-m/fpv5/hard\libc.a(lib_a-strncpy.o)
 .debug_abbrev  0x00009c1b      0x21f d:/00_program_installation/microchip/xc32/v2.10/bin/bin/../../lib/gcc/pic32c/6.2.1/../../../../pic32c/lib/v7e-m/fpv5/hard\libc.a(lib_a-wctomb_r.o)
 .debug_abbrev  0x00009e3a      0x1ea d:/00_program_installation/microchip/xc32/v2.10/bin/bin/../../lib/gcc/pic32c/6.2.1/../../../../pic32c/lib/v7e-m/fpv5/hard\libc.a(snprintf.cdnopsuxX.o)
 .debug_abbrev  0x0000a024      0x2ef d:/00_program_installation/microchip/xc32/v2.10/bin/bin/../../lib/gcc/pic32c/6.2.1/../../../../pic32c/lib/v7e-m/fpv5/hard\libc.a(vfprintf.cdnopsuxX.o)
 .debug_abbrev  0x0000a313      0x203 d:/00_program_installation/microchip/xc32/v2.10/bin/bin/../../lib/gcc/pic32c/6.2.1/../../../../pic32c/lib/v7e-m/fpv5/hard\libc.a(vsnprintf.cdnopsuxX.o)
 .debug_abbrev  0x0000a516      0x242 d:/00_program_installation/microchip/xc32/v2.10/bin/bin/../../lib/gcc/pic32c/6.2.1/../../../../pic32c/lib/v7e-m/fpv5/hard\libc.a(lib_a-__call_atexit.o)
 .debug_abbrev  0x0000a758      0x1e6 d:/00_program_installation/microchip/xc32/v2.10/bin/bin/../../lib/gcc/pic32c/6.2.1/../../../../pic32c/lib/v7e-m/fpv5/hard\libc.a(lib_a-atexit.o)
 .debug_abbrev  0x0000a93e      0x176 d:/00_program_installation/microchip/xc32/v2.10/bin/bin/../../lib/gcc/pic32c/6.2.1/../../../../pic32c/lib/v7e-m/fpv5/hard\libc.a(lib_a-ctype_.o)
 .debug_abbrev  0x0000aab4      0x2d2 d:/00_program_installation/microchip/xc32/v2.10/bin/bin/../../lib/gcc/pic32c/6.2.1/../../../../pic32c/lib/v7e-m/fpv5/hard\libc.a(lib_a-fflush.o)
 .debug_abbrev  0x0000ad86      0x3a1 d:/00_program_installation/microchip/xc32/v2.10/bin/bin/../../lib/gcc/pic32c/6.2.1/../../../../pic32c/lib/v7e-m/fpv5/hard\libc.a(lib_a-findfp.o)
 .debug_abbrev  0x0000b127       0xa6 d:/00_program_installation/microchip/xc32/v2.10/bin/bin/../../lib/gcc/pic32c/6.2.1/../../../../pic32c/lib/v7e-m/fpv5/hard\libc.a(lib_a-fini.o)
 .debug_abbrev  0x0000b1cd      0x24f d:/00_program_installation/microchip/xc32/v2.10/bin/bin/../../lib/gcc/pic32c/6.2.1/../../../../pic32c/lib/v7e-m/fpv5/hard\libc.a(lib_a-freer.o)
 .debug_abbrev  0x0000b41c      0x1e3 d:/00_program_installation/microchip/xc32/v2.10/bin/bin/../../lib/gcc/pic32c/6.2.1/../../../../pic32c/lib/v7e-m/fpv5/hard\libc.a(lib_a-fwalk.o)
 .debug_abbrev  0x0000b5ff       0x14 d:/00_program_installation/microchip/xc32/v2.10/bin/bin/../../lib/gcc/pic32c/6.2.1/../../../../pic32c/lib/v7e-m/fpv5/hard\libc.a(lib_a-memchr.o)
 .debug_abbrev  0x0000b613      0x23f d:/00_program_installation/microchip/xc32/v2.10/bin/bin/../../lib/gcc/pic32c/6.2.1/../../../../pic32c/lib/v7e-m/fpv5/hard\libc.a(lib_a-reent.o)
 .debug_abbrev  0x0000b852      0x284 d:/00_program_installation/microchip/xc32/v2.10/bin/bin/../../lib/gcc/pic32c/6.2.1/../../../../pic32c/lib/v7e-m/fpv5/hard\libc.a(lib_a-stdio.o)
 .debug_abbrev  0x0000bad6      0x3a2 d:/00_program_installation/microchip/xc32/v2.10/bin/bin/../../lib/gcc/pic32c/6.2.1/../../../../pic32c/lib/v7e-m/fpv5/hard\libc.a(lib_a-vfiprintf.o)
 .debug_abbrev  0x0000be78      0x1fc d:/00_program_installation/microchip/xc32/v2.10/bin/bin/../../lib/gcc/pic32c/6.2.1/../../../../pic32c/lib/v7e-m/fpv5/hard\libc.a(lib_a-writer.o)
 .debug_abbrev  0x0000c074      0x23c d:/00_program_installation/microchip/xc32/v2.10/bin/bin/../../lib/gcc/pic32c/6.2.1/../../../../pic32c/lib/v7e-m/fpv5/hard\libc.a(lib_a-wsetup.o)
 .debug_abbrev  0x0000c2b0      0x1f2 d:/00_program_installation/microchip/xc32/v2.10/bin/bin/../../lib/gcc/pic32c/6.2.1/../../../../pic32c/lib/v7e-m/fpv5/hard\libc.a(lib_a-__atexit.o)
 .debug_abbrev  0x0000c4a2      0x1f7 d:/00_program_installation/microchip/xc32/v2.10/bin/bin/../../lib/gcc/pic32c/6.2.1/../../../../pic32c/lib/v7e-m/fpv5/hard\libc.a(lib_a-closer.o)
 .debug_abbrev  0x0000c699      0x2b9 d:/00_program_installation/microchip/xc32/v2.10/bin/bin/../../lib/gcc/pic32c/6.2.1/../../../../pic32c/lib/v7e-m/fpv5/hard\libc.a(lib_a-fclose.o)
 .debug_abbrev  0x0000c952      0x309 d:/00_program_installation/microchip/xc32/v2.10/bin/bin/../../lib/gcc/pic32c/6.2.1/../../../../pic32c/lib/v7e-m/fpv5/hard\libc.a(lib_a-fputwc.o)
 .debug_abbrev  0x0000cc5b      0x263 d:/00_program_installation/microchip/xc32/v2.10/bin/bin/../../lib/gcc/pic32c/6.2.1/../../../../pic32c/lib/v7e-m/fpv5/hard\libc.a(lib_a-fvwrite.o)
 .debug_abbrev  0x0000cebe      0x1f7 d:/00_program_installation/microchip/xc32/v2.10/bin/bin/../../lib/gcc/pic32c/6.2.1/../../../../pic32c/lib/v7e-m/fpv5/hard\libc.a(lib_a-lseekr.o)
 .debug_abbrev  0x0000d0b5      0x2b6 d:/00_program_installation/microchip/xc32/v2.10/bin/bin/../../lib/gcc/pic32c/6.2.1/../../../../pic32c/lib/v7e-m/fpv5/hard\libc.a(lib_a-makebuf.o)
 .debug_abbrev  0x0000d36b      0x1bc d:/00_program_installation/microchip/xc32/v2.10/bin/bin/../../lib/gcc/pic32c/6.2.1/../../../../pic32c/lib/v7e-m/fpv5/hard\libc.a(lib_a-memmove.o)
 .debug_abbrev  0x0000d527      0x1f7 d:/00_program_installation/microchip/xc32/v2.10/bin/bin/../../lib/gcc/pic32c/6.2.1/../../../../pic32c/lib/v7e-m/fpv5/hard\libc.a(lib_a-readr.o)
 .debug_abbrev  0x0000d71e      0x262 d:/00_program_installation/microchip/xc32/v2.10/bin/bin/../../lib/gcc/pic32c/6.2.1/../../../../pic32c/lib/v7e-m/fpv5/hard\libc.a(lib_a-reallocr.o)
 .debug_abbrev  0x0000d980      0x266 d:/00_program_installation/microchip/xc32/v2.10/bin/bin/../../lib/gcc/pic32c/6.2.1/../../../../pic32c/lib/v7e-m/fpv5/hard\libc.a(lib_a-wbuf.o)
 .debug_abbrev  0x0000dbe6      0x220 d:/00_program_installation/microchip/xc32/v2.10/bin/bin/../../lib/gcc/pic32c/6.2.1/../../../../pic32c/lib/v7e-m/fpv5/hard\libc.a(lib_a-wcrtomb.o)
 .debug_abbrev  0x0000de06      0x1f7 d:/00_program_installation/microchip/xc32/v2.10/bin/bin/../../lib/gcc/pic32c/6.2.1/../../../../pic32c/lib/v7e-m/fpv5/hard\libc.a(lib_a-fstatr.o)
 .debug_abbrev  0x0000dffd      0x1f7 d:/00_program_installation/microchip/xc32/v2.10/bin/bin/../../lib/gcc/pic32c/6.2.1/../../../../pic32c/lib/v7e-m/fpv5/hard\libc.a(lib_a-isattyr.o)
 .debug_abbrev  0x0000e1f4       0x40 d:/00_program_installation/microchip/xc32/v2.10/bin/bin/../../lib/gcc/pic32c/6.2.1/../../../../pic32c/lib/v7e-m/fpv5/hard\libpic32c.a(close.o)
 .debug_abbrev  0x0000e234       0x2a d:/00_program_installation/microchip/xc32/v2.10/bin/bin/../../lib/gcc/pic32c/6.2.1/../../../../pic32c/lib/v7e-m/fpv5/hard\libpic32c.a(fstat.o)
 .debug_abbrev  0x0000e25e       0x2a d:/00_program_installation/microchip/xc32/v2.10/bin/bin/../../lib/gcc/pic32c/6.2.1/../../../../pic32c/lib/v7e-m/fpv5/hard\libpic32c.a(isatty.o)
 .debug_abbrev  0x0000e288       0x2a d:/00_program_installation/microchip/xc32/v2.10/bin/bin/../../lib/gcc/pic32c/6.2.1/../../../../pic32c/lib/v7e-m/fpv5/hard\libpic32c.a(lseek.o)
 .debug_abbrev  0x0000e2b2       0x2a d:/00_program_installation/microchip/xc32/v2.10/bin/bin/../../lib/gcc/pic32c/6.2.1/../../../../pic32c/lib/v7e-m/fpv5/hard\libpic32c.a(read.o)
 .debug_abbrev  0x0000e2dc       0x2a d:/00_program_installation/microchip/xc32/v2.10/bin/bin/../../lib/gcc/pic32c/6.2.1/../../../../pic32c/lib/v7e-m/fpv5/hard\libpic32c.a(sbrk.o)
 .debug_abbrev  0x0000e306       0x2a d:/00_program_installation/microchip/xc32/v2.10/bin/bin/../../lib/gcc/pic32c/6.2.1/../../../../pic32c/lib/v7e-m/fpv5/hard\libpic32c.a(write.o)
 .debug_abbrev  0x0000e330       0x2a d:/00_program_installation/microchip/xc32/v2.10/bin/bin/../../lib/gcc/pic32c/6.2.1/../../../../pic32c/lib/v7e-m/fpv5/hard\libpic32c.a(_mon_getc.o)
 .debug_abbrev  0x0000e35a       0x2a d:/00_program_installation/microchip/xc32/v2.10/bin/bin/../../lib/gcc/pic32c/6.2.1/../../../../pic32c/lib/v7e-m/fpv5/hard\libpic32c.a(_mon_putc.o)

.debug_loc      0x00000000    0x328ed
 .debug_loc     0x00000000       0x20 build/default/production/_ext/1360937237/main.o
 .debug_loc     0x00000020      0x1f3 build/default/production/_ext/1360937237/app.o
 .debug_loc     0x00000213       0x79 build/default/production/_ext/1171490990/initialization.o
 .debug_loc     0x0000028c       0x20 build/default/production/_ext/1171490990/tasks.o
 .debug_loc     0x000002ac       0x84 build/default/production/_ext/60177924/plib_pio.o
 .debug_loc     0x00000330       0xb7 build/default/production/_ext/1865468468/plib_nvic.o
 .debug_loc     0x000003e7       0x6d build/default/production/_ext/1171490990/startup.o
 .debug_loc     0x00000454       0xaa build/default/production/_ext/1881668453/sys_int.o
 .debug_loc     0x000004fe     0x38b6 build/default/production/_ext/444070925/drv_ethphy.o
 .debug_loc     0x00003db4      0x29b build/default/production/_ext/444070925/drv_extphy_smsc8740.o
 .debug_loc     0x0000404f     0x24c2 build/default/production/_ext/438849557/drv_miim.o
 .debug_loc     0x00006511     0x1db8 build/default/production/_ext/1546807373/drv_gmac.o
 .debug_loc     0x000082c9     0x1847 build/default/production/_ext/1546807373/drv_gmac_lib.o
 .debug_loc     0x00009b10     0x1115 build/default/production/_ext/101884895/sys_time.o
 .debug_loc     0x0000ac25       0x8e build/default/production/_ext/829342655/plib_tc0.o
 .debug_loc     0x0000acb3     0x2a93 build/default/production/_ext/1033058136/arp.o
 .debug_loc     0x0000d746     0x2c94 build/default/production/_ext/1033058136/dhcp.o
 .debug_loc     0x000103da     0x1f0c build/default/production/_ext/1033058136/ipv4.o
 .debug_loc     0x000122e6      0x37c build/default/production/_ext/1033058136/icmp.o
 .debug_loc     0x00012662      0x1fe build/default/production/_ext/1033058136/tcpip_heap_alloc.o
 .debug_loc     0x00012860      0xe5c build/default/production/_ext/1033058136/tcpip_heap_internal.o
 .debug_loc     0x000136bc      0x3af build/default/production/_ext/1033058136/helpers.o
 .debug_loc     0x00013a6b      0x278 build/default/production/_ext/1033058136/hash_fnv.o
 .debug_loc     0x00013ce3      0x3ce build/default/production/_ext/1033058136/oahash.o
 .debug_loc     0x000140b1     0x3b7a build/default/production/_ext/1033058136/tcpip_helpers.o
 .debug_loc     0x00017c2b     0x5638 build/default/production/_ext/1033058136/tcpip_manager.o
 .debug_loc     0x0001d263      0x2dc build/default/production/_ext/1033058136/tcpip_notify.o
 .debug_loc     0x0001d53f      0xa00 build/default/production/_ext/1033058136/tcpip_packet.o
 .debug_loc     0x0001df3f       0xde build/default/production/_ext/753841488/sys_time_h2_adapter.o
 .debug_loc     0x0001e01d     0x651c build/default/production/_ext/1033058136/tcp.o
 .debug_loc     0x00024539     0x417e build/default/production/_ext/1033058136/udp.o
 .debug_loc     0x000286b7       0x14 d:/00_program_installation/microchip/xc32/v2.10/bin/bin/../../lib/gcc/pic32c/6.2.1/../../../../pic32c/lib/v7e-m/fpv5/hard\libpic32c.a(data_init.o)
 .debug_loc     0x000286cb      0xda6 d:/00_program_installation/microchip/xc32/v2.10/bin/bin/../../lib/gcc/pic32c/6.2.1/v7e-m/fpv5/hard\libgcc.a(_udivmoddi4.o)
 .debug_loc     0x00029471       0x58 d:/00_program_installation/microchip/xc32/v2.10/bin/bin/../../lib/gcc/pic32c/6.2.1/../../../../pic32c/lib/v7e-m/fpv5/hard\libc.a(lib_a-calloc.o)
 .debug_loc     0x000294c9      0x2b1 d:/00_program_installation/microchip/xc32/v2.10/bin/bin/../../lib/gcc/pic32c/6.2.1/../../../../pic32c/lib/v7e-m/fpv5/hard\libc.a(lib_a-callocr.o)
 .debug_loc     0x0002977a       0xce d:/00_program_installation/microchip/xc32/v2.10/bin/bin/../../lib/gcc/pic32c/6.2.1/../../../../pic32c/lib/v7e-m/fpv5/hard\libc.a(lib_a-init.o)
 .debug_loc     0x00029848      0x173 d:/00_program_installation/microchip/xc32/v2.10/bin/bin/../../lib/gcc/pic32c/6.2.1/../../../../pic32c/lib/v7e-m/fpv5/hard\libc.a(lib_a-locale.o)
 .debug_loc     0x000299bb       0x58 d:/00_program_installation/microchip/xc32/v2.10/bin/bin/../../lib/gcc/pic32c/6.2.1/../../../../pic32c/lib/v7e-m/fpv5/hard\libc.a(lib_a-malloc.o)
 .debug_loc     0x00029a13      0xc66 d:/00_program_installation/microchip/xc32/v2.10/bin/bin/../../lib/gcc/pic32c/6.2.1/../../../../pic32c/lib/v7e-m/fpv5/hard\libc.a(lib_a-mallocr.o)
 .debug_loc     0x0002a679      0x259 d:/00_program_installation/microchip/xc32/v2.10/bin/bin/../../lib/gcc/pic32c/6.2.1/../../../../pic32c/lib/v7e-m/fpv5/hard\libc.a(lib_a-mbtowc_r.o)
 .debug_loc     0x0002a8d2      0x1da d:/00_program_installation/microchip/xc32/v2.10/bin/bin/../../lib/gcc/pic32c/6.2.1/../../../../pic32c/lib/v7e-m/fpv5/hard\libc.a(lib_a-memcmp.o)
 .debug_loc     0x0002aaac      0x1f5 d:/00_program_installation/microchip/xc32/v2.10/bin/bin/../../lib/gcc/pic32c/6.2.1/../../../../pic32c/lib/v7e-m/fpv5/hard\libc.a(lib_a-memset.o)
 .debug_loc     0x0002aca1       0x4b d:/00_program_installation/microchip/xc32/v2.10/bin/bin/../../lib/gcc/pic32c/6.2.1/../../../../pic32c/lib/v7e-m/fpv5/hard\libc.a(lib_a-rand.o)
 .debug_loc     0x0002acec       0x6d d:/00_program_installation/microchip/xc32/v2.10/bin/bin/../../lib/gcc/pic32c/6.2.1/../../../../pic32c/lib/v7e-m/fpv5/hard\libc.a(lib_a-sbrkr.o)
 .debug_loc     0x0002ad59      0x175 d:/00_program_installation/microchip/xc32/v2.10/bin/bin/../../lib/gcc/pic32c/6.2.1/../../../../pic32c/lib/v7e-m/fpv5/hard\libc.a(lib_a-strncpy.o)
 .debug_loc     0x0002aece      0x124 d:/00_program_installation/microchip/xc32/v2.10/bin/bin/../../lib/gcc/pic32c/6.2.1/../../../../pic32c/lib/v7e-m/fpv5/hard\libc.a(lib_a-wctomb_r.o)
 .debug_loc     0x0002aff2       0x9e d:/00_program_installation/microchip/xc32/v2.10/bin/bin/../../lib/gcc/pic32c/6.2.1/../../../../pic32c/lib/v7e-m/fpv5/hard\libc.a(snprintf.cdnopsuxX.o)
 .debug_loc     0x0002b090     0x1354 d:/00_program_installation/microchip/xc32/v2.10/bin/bin/../../lib/gcc/pic32c/6.2.1/../../../../pic32c/lib/v7e-m/fpv5/hard\libc.a(vfprintf.cdnopsuxX.o)
 .debug_loc     0x0002c3e4      0x166 d:/00_program_installation/microchip/xc32/v2.10/bin/bin/../../lib/gcc/pic32c/6.2.1/../../../../pic32c/lib/v7e-m/fpv5/hard\libc.a(vsnprintf.cdnopsuxX.o)
 .debug_loc     0x0002c54a      0x1dd d:/00_program_installation/microchip/xc32/v2.10/bin/bin/../../lib/gcc/pic32c/6.2.1/../../../../pic32c/lib/v7e-m/fpv5/hard\libc.a(lib_a-__call_atexit.o)
 .debug_loc     0x0002c727       0x2c d:/00_program_installation/microchip/xc32/v2.10/bin/bin/../../lib/gcc/pic32c/6.2.1/../../../../pic32c/lib/v7e-m/fpv5/hard\libc.a(lib_a-atexit.o)
 .debug_loc     0x0002c753      0x327 d:/00_program_installation/microchip/xc32/v2.10/bin/bin/../../lib/gcc/pic32c/6.2.1/../../../../pic32c/lib/v7e-m/fpv5/hard\libc.a(lib_a-fflush.o)
 .debug_loc     0x0002ca7a      0x38a d:/00_program_installation/microchip/xc32/v2.10/bin/bin/../../lib/gcc/pic32c/6.2.1/../../../../pic32c/lib/v7e-m/fpv5/hard\libc.a(lib_a-findfp.o)
 .debug_loc     0x0002ce04       0x88 d:/00_program_installation/microchip/xc32/v2.10/bin/bin/../../lib/gcc/pic32c/6.2.1/../../../../pic32c/lib/v7e-m/fpv5/hard\libc.a(lib_a-fini.o)
 .debug_loc     0x0002ce8c      0x5dd d:/00_program_installation/microchip/xc32/v2.10/bin/bin/../../lib/gcc/pic32c/6.2.1/../../../../pic32c/lib/v7e-m/fpv5/hard\libc.a(lib_a-freer.o)
 .debug_loc     0x0002d469      0x247 d:/00_program_installation/microchip/xc32/v2.10/bin/bin/../../lib/gcc/pic32c/6.2.1/../../../../pic32c/lib/v7e-m/fpv5/hard\libc.a(lib_a-fwalk.o)
 .debug_loc     0x0002d6b0      0x175 d:/00_program_installation/microchip/xc32/v2.10/bin/bin/../../lib/gcc/pic32c/6.2.1/../../../../pic32c/lib/v7e-m/fpv5/hard\libc.a(lib_a-reent.o)
 .debug_loc     0x0002d825      0x32b d:/00_program_installation/microchip/xc32/v2.10/bin/bin/../../lib/gcc/pic32c/6.2.1/../../../../pic32c/lib/v7e-m/fpv5/hard\libc.a(lib_a-stdio.o)
 .debug_loc     0x0002db50     0x22c8 d:/00_program_installation/microchip/xc32/v2.10/bin/bin/../../lib/gcc/pic32c/6.2.1/../../../../pic32c/lib/v7e-m/fpv5/hard\libc.a(lib_a-vfiprintf.o)
 .debug_loc     0x0002fe18       0xd0 d:/00_program_installation/microchip/xc32/v2.10/bin/bin/../../lib/gcc/pic32c/6.2.1/../../../../pic32c/lib/v7e-m/fpv5/hard\libc.a(lib_a-writer.o)
 .debug_loc     0x0002fee8       0xc2 d:/00_program_installation/microchip/xc32/v2.10/bin/bin/../../lib/gcc/pic32c/6.2.1/../../../../pic32c/lib/v7e-m/fpv5/hard\libc.a(lib_a-wsetup.o)
 .debug_loc     0x0002ffaa      0x1b7 d:/00_program_installation/microchip/xc32/v2.10/bin/bin/../../lib/gcc/pic32c/6.2.1/../../../../pic32c/lib/v7e-m/fpv5/hard\libc.a(lib_a-__atexit.o)
 .debug_loc     0x00030161       0x6d d:/00_program_installation/microchip/xc32/v2.10/bin/bin/../../lib/gcc/pic32c/6.2.1/../../../../pic32c/lib/v7e-m/fpv5/hard\libc.a(lib_a-closer.o)
 .debug_loc     0x000301ce      0x18a d:/00_program_installation/microchip/xc32/v2.10/bin/bin/../../lib/gcc/pic32c/6.2.1/../../../../pic32c/lib/v7e-m/fpv5/hard\libc.a(lib_a-fclose.o)
 .debug_loc     0x00030358      0x400 d:/00_program_installation/microchip/xc32/v2.10/bin/bin/../../lib/gcc/pic32c/6.2.1/../../../../pic32c/lib/v7e-m/fpv5/hard\libc.a(lib_a-fputwc.o)
 .debug_loc     0x00030758      0x75c d:/00_program_installation/microchip/xc32/v2.10/bin/bin/../../lib/gcc/pic32c/6.2.1/../../../../pic32c/lib/v7e-m/fpv5/hard\libc.a(lib_a-fvwrite.o)
 .debug_loc     0x00030eb4       0xd0 d:/00_program_installation/microchip/xc32/v2.10/bin/bin/../../lib/gcc/pic32c/6.2.1/../../../../pic32c/lib/v7e-m/fpv5/hard\libc.a(lib_a-lseekr.o)
 .debug_loc     0x00030f84      0x1cf d:/00_program_installation/microchip/xc32/v2.10/bin/bin/../../lib/gcc/pic32c/6.2.1/../../../../pic32c/lib/v7e-m/fpv5/hard\libc.a(lib_a-makebuf.o)
 .debug_loc     0x00031153      0x289 d:/00_program_installation/microchip/xc32/v2.10/bin/bin/../../lib/gcc/pic32c/6.2.1/../../../../pic32c/lib/v7e-m/fpv5/hard\libc.a(lib_a-memmove.o)
 .debug_loc     0x000313dc       0xd0 d:/00_program_installation/microchip/xc32/v2.10/bin/bin/../../lib/gcc/pic32c/6.2.1/../../../../pic32c/lib/v7e-m/fpv5/hard\libc.a(lib_a-readr.o)
 .debug_loc     0x000314ac      0xf24 d:/00_program_installation/microchip/xc32/v2.10/bin/bin/../../lib/gcc/pic32c/6.2.1/../../../../pic32c/lib/v7e-m/fpv5/hard\libc.a(lib_a-reallocr.o)
 .debug_loc     0x000323d0      0x14b d:/00_program_installation/microchip/xc32/v2.10/bin/bin/../../lib/gcc/pic32c/6.2.1/../../../../pic32c/lib/v7e-m/fpv5/hard\libc.a(lib_a-wbuf.o)
 .debug_loc     0x0003251b      0x299 d:/00_program_installation/microchip/xc32/v2.10/bin/bin/../../lib/gcc/pic32c/6.2.1/../../../../pic32c/lib/v7e-m/fpv5/hard\libc.a(lib_a-wcrtomb.o)
 .debug_loc     0x000327b4       0xa4 d:/00_program_installation/microchip/xc32/v2.10/bin/bin/../../lib/gcc/pic32c/6.2.1/../../../../pic32c/lib/v7e-m/fpv5/hard\libc.a(lib_a-fstatr.o)
 .debug_loc     0x00032858       0x6d d:/00_program_installation/microchip/xc32/v2.10/bin/bin/../../lib/gcc/pic32c/6.2.1/../../../../pic32c/lib/v7e-m/fpv5/hard\libc.a(lib_a-isattyr.o)
 .debug_loc     0x000328c5       0x14 d:/00_program_installation/microchip/xc32/v2.10/bin/bin/../../lib/gcc/pic32c/6.2.1/../../../../pic32c/lib/v7e-m/fpv5/hard\libpic32c.a(read.o)
 .debug_loc     0x000328d9       0x14 d:/00_program_installation/microchip/xc32/v2.10/bin/bin/../../lib/gcc/pic32c/6.2.1/../../../../pic32c/lib/v7e-m/fpv5/hard\libpic32c.a(write.o)

.debug_aranges  0x00000000     0x2270
 .debug_aranges
                0x00000000       0x20 build/default/production/_ext/1360937237/main.o
 .debug_aranges
                0x00000020       0x28 build/default/production/_ext/1360937237/app.o
 .debug_aranges
                0x00000048       0x28 build/default/production/_ext/1171490990/initialization.o
 .debug_aranges
                0x00000070       0x20 build/default/production/_ext/1171490990/tasks.o
 .debug_aranges
                0x00000090       0x20 build/default/production/_ext/1171490990/interrupts.o
 .debug_aranges
                0x000000b0       0x48 build/default/production/_ext/1171490990/exceptions.o
 .debug_aranges
                0x000000f8       0x20 build/default/production/_ext/60165520/plib_clk.o
 .debug_aranges
                0x00000118       0x70 build/default/production/_ext/60177924/plib_pio.o
 .debug_aranges
                0x00000188       0x20 build/default/production/_ext/1865468468/plib_nvic.o
 .debug_aranges
                0x000001a8       0x20 build/default/production/_ext/60175264/plib_mpu.o
 .debug_aranges
                0x000001c8       0x20 build/default/production/_ext/1171490990/startup.o
 .debug_aranges
                0x000001e8       0x20 build/default/production/_ext/1434821282/bsp.o
 .debug_aranges
                0x00000208       0x38 build/default/production/_ext/1881668453/sys_int.o
 .debug_aranges
                0x00000240      0x278 build/default/production/_ext/444070925/drv_ethphy.o
 .debug_aranges
                0x000004b8       0x30 build/default/production/_ext/444070925/drv_extphy_smsc8740.o
 .debug_aranges
                0x000004e8       0xe8 build/default/production/_ext/438849557/drv_miim.o
 .debug_aranges
                0x000005d0      0x280 build/default/production/_ext/1546807373/drv_gmac.o
 .debug_aranges
                0x00000850       0xa0 build/default/production/_ext/1546807373/drv_gmac_lib.o
 .debug_aranges
                0x000008f0      0x100 build/default/production/_ext/101884895/sys_time.o
 .debug_aranges
                0x000009f0       0x60 build/default/production/_ext/829342655/plib_tc0.o
 .debug_aranges
                0x00000a50      0x110 build/default/production/_ext/1033058136/arp.o
 .debug_aranges
                0x00000b60      0x188 build/default/production/_ext/1033058136/dhcp.o
 .debug_aranges
                0x00000ce8       0xc0 build/default/production/_ext/1033058136/ipv4.o
 .debug_aranges
                0x00000da8       0x38 build/default/production/_ext/1033058136/icmp.o
 .debug_aranges
                0x00000de0       0x48 build/default/production/_ext/1033058136/tcpip_heap_alloc.o
 .debug_aranges
                0x00000e28       0x68 build/default/production/_ext/1033058136/tcpip_heap_internal.o
 .debug_aranges
                0x00000e90       0x40 build/default/production/_ext/1033058136/helpers.o
 .debug_aranges
                0x00000ed0       0x28 build/default/production/_ext/1033058136/hash_fnv.o
 .debug_aranges
                0x00000ef8       0x50 build/default/production/_ext/1033058136/oahash.o
 .debug_aranges
                0x00000f48      0x218 build/default/production/_ext/1033058136/tcpip_helpers.o
 .debug_aranges
                0x00001160      0x370 build/default/production/_ext/1033058136/tcpip_manager.o
 .debug_aranges
                0x000014d0       0x40 build/default/production/_ext/1033058136/tcpip_notify.o
 .debug_aranges
                0x00001510       0x78 build/default/production/_ext/1033058136/tcpip_packet.o
 .debug_aranges
                0x00001588       0x28 build/default/production/_ext/753841488/sys_time_h2_adapter.o
 .debug_aranges
                0x000015b0      0x220 build/default/production/_ext/1033058136/tcp.o
 .debug_aranges
                0x000017d0      0x1b8 build/default/production/_ext/1033058136/udp.o
 .debug_aranges
                0x00001988       0x20 d:/00_program_installation/microchip/xc32/v2.10/bin/bin/../../lib/gcc/pic32c/6.2.1/../../../../pic32c/lib/v7e-m/fpv5/hard\libpic32c.a(data_init.o)
 .debug_aranges
                0x000019a8       0x20 d:/00_program_installation/microchip/xc32/v2.10/bin/bin/../../lib/gcc/pic32c/6.2.1/v7e-m/fpv5/hard\libgcc.a(_aeabi_uldivmod.o)
 .debug_aranges
                0x000019c8       0x20 d:/00_program_installation/microchip/xc32/v2.10/bin/bin/../../lib/gcc/pic32c/6.2.1/v7e-m/fpv5/hard\libgcc.a(_udivmoddi4.o)
 .debug_aranges
                0x000019e8       0x20 d:/00_program_installation/microchip/xc32/v2.10/bin/bin/../../lib/gcc/pic32c/6.2.1/v7e-m/fpv5/hard\libgcc.a(_dvmd_tls.o)
 .debug_aranges
                0x00001a08       0x20 d:/00_program_installation/microchip/xc32/v2.10/bin/bin/../../lib/gcc/pic32c/6.2.1/../../../../pic32c/lib/v7e-m/fpv5/hard\libc.a(lib_a-calloc.o)
 .debug_aranges
                0x00001a28       0x20 d:/00_program_installation/microchip/xc32/v2.10/bin/bin/../../lib/gcc/pic32c/6.2.1/../../../../pic32c/lib/v7e-m/fpv5/hard\libc.a(lib_a-callocr.o)
 .debug_aranges
                0x00001a48       0x18 d:/00_program_installation/microchip/xc32/v2.10/bin/bin/../../lib/gcc/pic32c/6.2.1/../../../../pic32c/lib/v7e-m/fpv5/hard\libc.a(lib_a-impure.o)
 .debug_aranges
                0x00001a60       0x20 d:/00_program_installation/microchip/xc32/v2.10/bin/bin/../../lib/gcc/pic32c/6.2.1/../../../../pic32c/lib/v7e-m/fpv5/hard\libc.a(lib_a-init.o)
 .debug_aranges
                0x00001a80       0x40 d:/00_program_installation/microchip/xc32/v2.10/bin/bin/../../lib/gcc/pic32c/6.2.1/../../../../pic32c/lib/v7e-m/fpv5/hard\libc.a(lib_a-locale.o)
 .debug_aranges
                0x00001ac0       0x28 d:/00_program_installation/microchip/xc32/v2.10/bin/bin/../../lib/gcc/pic32c/6.2.1/../../../../pic32c/lib/v7e-m/fpv5/hard\libc.a(lib_a-malloc.o)
 .debug_aranges
                0x00001ae8       0x20 d:/00_program_installation/microchip/xc32/v2.10/bin/bin/../../lib/gcc/pic32c/6.2.1/../../../../pic32c/lib/v7e-m/fpv5/hard\libc.a(lib_a-mallocr.o)
 .debug_aranges
                0x00001b08       0x28 d:/00_program_installation/microchip/xc32/v2.10/bin/bin/../../lib/gcc/pic32c/6.2.1/../../../../pic32c/lib/v7e-m/fpv5/hard\libc.a(lib_a-mbtowc_r.o)
 .debug_aranges
                0x00001b30       0x20 d:/00_program_installation/microchip/xc32/v2.10/bin/bin/../../lib/gcc/pic32c/6.2.1/../../../../pic32c/lib/v7e-m/fpv5/hard\libc.a(lib_a-memcmp.o)
 .debug_aranges
                0x00001b50       0x20 d:/00_program_installation/microchip/xc32/v2.10/bin/bin/../../lib/gcc/pic32c/6.2.1/../../../../pic32c/lib/v7e-m/fpv5/hard\libc.a(lib_a-memcpy.o)
 .debug_aranges
                0x00001b70       0x20 d:/00_program_installation/microchip/xc32/v2.10/bin/bin/../../lib/gcc/pic32c/6.2.1/../../../../pic32c/lib/v7e-m/fpv5/hard\libc.a(lib_a-memset.o)
 .debug_aranges
                0x00001b90       0x20 d:/00_program_installation/microchip/xc32/v2.10/bin/bin/../../lib/gcc/pic32c/6.2.1/../../../../pic32c/lib/v7e-m/fpv5/hard\libc.a(lib_a-mlock.o)
 .debug_aranges
                0x00001bb0       0x28 d:/00_program_installation/microchip/xc32/v2.10/bin/bin/../../lib/gcc/pic32c/6.2.1/../../../../pic32c/lib/v7e-m/fpv5/hard\libc.a(lib_a-rand.o)
 .debug_aranges
                0x00001bd8       0x20 d:/00_program_installation/microchip/xc32/v2.10/bin/bin/../../lib/gcc/pic32c/6.2.1/../../../../pic32c/lib/v7e-m/fpv5/hard\libc.a(lib_a-sbrkr.o)
 .debug_aranges
                0x00001bf8       0x20 d:/00_program_installation/microchip/xc32/v2.10/bin/bin/../../lib/gcc/pic32c/6.2.1/../../../../pic32c/lib/v7e-m/fpv5/hard\libc.a(lib_a-strcmp.o)
 .debug_aranges
                0x00001c18       0x20 d:/00_program_installation/microchip/xc32/v2.10/bin/bin/../../lib/gcc/pic32c/6.2.1/../../../../pic32c/lib/v7e-m/fpv5/hard\libc.a(lib_a-strlen.o)
 .debug_aranges
                0x00001c38       0x20 d:/00_program_installation/microchip/xc32/v2.10/bin/bin/../../lib/gcc/pic32c/6.2.1/../../../../pic32c/lib/v7e-m/fpv5/hard\libc.a(lib_a-strncpy.o)
 .debug_aranges
                0x00001c58       0x28 d:/00_program_installation/microchip/xc32/v2.10/bin/bin/../../lib/gcc/pic32c/6.2.1/../../../../pic32c/lib/v7e-m/fpv5/hard\libc.a(lib_a-wctomb_r.o)
 .debug_aranges
                0x00001c80       0x20 d:/00_program_installation/microchip/xc32/v2.10/bin/bin/../../lib/gcc/pic32c/6.2.1/../../../../pic32c/lib/v7e-m/fpv5/hard\libc.a(snprintf.cdnopsuxX.o)
 .debug_aranges
                0x00001ca0       0x30 d:/00_program_installation/microchip/xc32/v2.10/bin/bin/../../lib/gcc/pic32c/6.2.1/../../../../pic32c/lib/v7e-m/fpv5/hard\libc.a(vfprintf.cdnopsuxX.o)
 .debug_aranges
                0x00001cd0       0x20 d:/00_program_installation/microchip/xc32/v2.10/bin/bin/../../lib/gcc/pic32c/6.2.1/../../../../pic32c/lib/v7e-m/fpv5/hard\libc.a(vsnprintf.cdnopsuxX.o)
 .debug_aranges
                0x00001cf0       0x28 d:/00_program_installation/microchip/xc32/v2.10/bin/bin/../../lib/gcc/pic32c/6.2.1/../../../../pic32c/lib/v7e-m/fpv5/hard\libc.a(lib_a-__call_atexit.o)
 .debug_aranges
                0x00001d18       0x20 d:/00_program_installation/microchip/xc32/v2.10/bin/bin/../../lib/gcc/pic32c/6.2.1/../../../../pic32c/lib/v7e-m/fpv5/hard\libc.a(lib_a-atexit.o)
 .debug_aranges
                0x00001d38       0x18 d:/00_program_installation/microchip/xc32/v2.10/bin/bin/../../lib/gcc/pic32c/6.2.1/../../../../pic32c/lib/v7e-m/fpv5/hard\libc.a(lib_a-ctype_.o)
 .debug_aranges
                0x00001d50       0x30 d:/00_program_installation/microchip/xc32/v2.10/bin/bin/../../lib/gcc/pic32c/6.2.1/../../../../pic32c/lib/v7e-m/fpv5/hard\libc.a(lib_a-fflush.o)
 .debug_aranges
                0x00001d80       0x68 d:/00_program_installation/microchip/xc32/v2.10/bin/bin/../../lib/gcc/pic32c/6.2.1/../../../../pic32c/lib/v7e-m/fpv5/hard\libc.a(lib_a-findfp.o)
 .debug_aranges
                0x00001de8       0x20 d:/00_program_installation/microchip/xc32/v2.10/bin/bin/../../lib/gcc/pic32c/6.2.1/../../../../pic32c/lib/v7e-m/fpv5/hard\libc.a(lib_a-fini.o)
 .debug_aranges
                0x00001e08       0x28 d:/00_program_installation/microchip/xc32/v2.10/bin/bin/../../lib/gcc/pic32c/6.2.1/../../../../pic32c/lib/v7e-m/fpv5/hard\libc.a(lib_a-freer.o)
 .debug_aranges
                0x00001e30       0x28 d:/00_program_installation/microchip/xc32/v2.10/bin/bin/../../lib/gcc/pic32c/6.2.1/../../../../pic32c/lib/v7e-m/fpv5/hard\libc.a(lib_a-fwalk.o)
 .debug_aranges
                0x00001e58       0x20 d:/00_program_installation/microchip/xc32/v2.10/bin/bin/../../lib/gcc/pic32c/6.2.1/../../../../pic32c/lib/v7e-m/fpv5/hard\libc.a(lib_a-memchr.o)
 .debug_aranges
                0x00001e78       0x28 d:/00_program_installation/microchip/xc32/v2.10/bin/bin/../../lib/gcc/pic32c/6.2.1/../../../../pic32c/lib/v7e-m/fpv5/hard\libc.a(lib_a-reent.o)
 .debug_aranges
                0x00001ea0       0x40 d:/00_program_installation/microchip/xc32/v2.10/bin/bin/../../lib/gcc/pic32c/6.2.1/../../../../pic32c/lib/v7e-m/fpv5/hard\libc.a(lib_a-stdio.o)
 .debug_aranges
                0x00001ee0       0x40 d:/00_program_installation/microchip/xc32/v2.10/bin/bin/../../lib/gcc/pic32c/6.2.1/../../../../pic32c/lib/v7e-m/fpv5/hard\libc.a(lib_a-vfiprintf.o)
 .debug_aranges
                0x00001f20       0x20 d:/00_program_installation/microchip/xc32/v2.10/bin/bin/../../lib/gcc/pic32c/6.2.1/../../../../pic32c/lib/v7e-m/fpv5/hard\libc.a(lib_a-writer.o)
 .debug_aranges
                0x00001f40       0x20 d:/00_program_installation/microchip/xc32/v2.10/bin/bin/../../lib/gcc/pic32c/6.2.1/../../../../pic32c/lib/v7e-m/fpv5/hard\libc.a(lib_a-wsetup.o)
 .debug_aranges
                0x00001f60       0x20 d:/00_program_installation/microchip/xc32/v2.10/bin/bin/../../lib/gcc/pic32c/6.2.1/../../../../pic32c/lib/v7e-m/fpv5/hard\libc.a(lib_a-__atexit.o)
 .debug_aranges
                0x00001f80       0x20 d:/00_program_installation/microchip/xc32/v2.10/bin/bin/../../lib/gcc/pic32c/6.2.1/../../../../pic32c/lib/v7e-m/fpv5/hard\libc.a(lib_a-closer.o)
 .debug_aranges
                0x00001fa0       0x28 d:/00_program_installation/microchip/xc32/v2.10/bin/bin/../../lib/gcc/pic32c/6.2.1/../../../../pic32c/lib/v7e-m/fpv5/hard\libc.a(lib_a-fclose.o)
 .debug_aranges
                0x00001fc8       0x30 d:/00_program_installation/microchip/xc32/v2.10/bin/bin/../../lib/gcc/pic32c/6.2.1/../../../../pic32c/lib/v7e-m/fpv5/hard\libc.a(lib_a-fputwc.o)
 .debug_aranges
                0x00001ff8       0x20 d:/00_program_installation/microchip/xc32/v2.10/bin/bin/../../lib/gcc/pic32c/6.2.1/../../../../pic32c/lib/v7e-m/fpv5/hard\libc.a(lib_a-fvwrite.o)
 .debug_aranges
                0x00002018       0x20 d:/00_program_installation/microchip/xc32/v2.10/bin/bin/../../lib/gcc/pic32c/6.2.1/../../../../pic32c/lib/v7e-m/fpv5/hard\libc.a(lib_a-lseekr.o)
 .debug_aranges
                0x00002038       0x28 d:/00_program_installation/microchip/xc32/v2.10/bin/bin/../../lib/gcc/pic32c/6.2.1/../../../../pic32c/lib/v7e-m/fpv5/hard\libc.a(lib_a-makebuf.o)
 .debug_aranges
                0x00002060       0x20 d:/00_program_installation/microchip/xc32/v2.10/bin/bin/../../lib/gcc/pic32c/6.2.1/../../../../pic32c/lib/v7e-m/fpv5/hard\libc.a(lib_a-memmove.o)
 .debug_aranges
                0x00002080       0x20 d:/00_program_installation/microchip/xc32/v2.10/bin/bin/../../lib/gcc/pic32c/6.2.1/../../../../pic32c/lib/v7e-m/fpv5/hard\libc.a(lib_a-readr.o)
 .debug_aranges
                0x000020a0       0x20 d:/00_program_installation/microchip/xc32/v2.10/bin/bin/../../lib/gcc/pic32c/6.2.1/../../../../pic32c/lib/v7e-m/fpv5/hard\libc.a(lib_a-reallocr.o)
 .debug_aranges
                0x000020c0       0x28 d:/00_program_installation/microchip/xc32/v2.10/bin/bin/../../lib/gcc/pic32c/6.2.1/../../../../pic32c/lib/v7e-m/fpv5/hard\libc.a(lib_a-wbuf.o)
 .debug_aranges
                0x000020e8       0x28 d:/00_program_installation/microchip/xc32/v2.10/bin/bin/../../lib/gcc/pic32c/6.2.1/../../../../pic32c/lib/v7e-m/fpv5/hard\libc.a(lib_a-wcrtomb.o)
 .debug_aranges
                0x00002110       0x20 d:/00_program_installation/microchip/xc32/v2.10/bin/bin/../../lib/gcc/pic32c/6.2.1/../../../../pic32c/lib/v7e-m/fpv5/hard\libc.a(lib_a-fstatr.o)
 .debug_aranges