Archive member included to satisfy reference by file (symbol)

d:/00_program_installation/microchip/xc32/v2.10/bin/bin/../../lib/gcc/pic32c/6.2.1/../../../../pic32c/lib/v7e-m/fpv5/hard\libpic32c.a(data_init.o)
                              build/default/production/_ext/1171490990/startup.o (__pic32c_data_initialization)
d:/00_program_installation/microchip/xc32/v2.10/bin/bin/../../lib/gcc/pic32c/6.2.1/v7e-m/fpv5/hard\libgcc.a(_aeabi_uldivmod.o)
                              build/default/production/_ext/444070925/drv_ethphy.o (__aeabi_uldivmod)
d:/00_program_installation/microchip/xc32/v2.10/bin/bin/../../lib/gcc/pic32c/6.2.1/v7e-m/fpv5/hard\libgcc.a(_udivmoddi4.o)
                              d:/00_program_installation/microchip/xc32/v2.10/bin/bin/../../lib/gcc/pic32c/6.2.1/v7e-m/fpv5/hard\libgcc.a(_aeabi_uldivmod.o) (__udivmoddi4)
d:/00_program_installation/microchip/xc32/v2.10/bin/bin/../../lib/gcc/pic32c/6.2.1/v7e-m/fpv5/hard\libgcc.a(_dvmd_tls.o)
                              d:/00_program_installation/microchip/xc32/v2.10/bin/bin/../../lib/gcc/pic32c/6.2.1/v7e-m/fpv5/hard\libgcc.a(_aeabi_uldivmod.o) (__aeabi_ldiv0)
d:/00_program_installation/microchip/xc32/v2.10/bin/bin/../../lib/gcc/pic32c/6.2.1/../../../../pic32c/lib/v7e-m/fpv5/hard\libc.a(lib_a-calloc.o)
                              build/default/production/_ext/1171490990/initialization.o (calloc)
d:/00_program_installation/microchip/xc32/v2.10/bin/bin/../../lib/gcc/pic32c/6.2.1/../../../../pic32c/lib/v7e-m/fpv5/hard\libc.a(lib_a-callocr.o)
                              d:/00_program_installation/microchip/xc32/v2.10/bin/bin/../../lib/gcc/pic32c/6.2.1/../../../../pic32c/lib/v7e-m/fpv5/hard\libc.a(lib_a-calloc.o) (_calloc_r)
d:/00_program_installation/microchip/xc32/v2.10/bin/bin/../../lib/gcc/pic32c/6.2.1/../../../../pic32c/lib/v7e-m/fpv5/hard\libc.a(lib_a-exit.o)
                              d:/00_program_installation/microchip/xc32/v2.10/bin/bin/../../lib/gcc/pic32c/6.2.1/../../../../pic32c/lib/v7e-m/fpv5/hard/crt0.o (exit)
d:/00_program_installation/microchip/xc32/v2.10/bin/bin/../../lib/gcc/pic32c/6.2.1/../../../../pic32c/lib/v7e-m/fpv5/hard\libc.a(lib_a-impure.o)
                              d:/00_program_installation/microchip/xc32/v2.10/bin/bin/../../lib/gcc/pic32c/6.2.1/../../../../pic32c/lib/v7e-m/fpv5/hard\libc.a(lib_a-exit.o) (_global_impure_ptr)
d:/00_program_installation/microchip/xc32/v2.10/bin/bin/../../lib/gcc/pic32c/6.2.1/../../../../pic32c/lib/v7e-m/fpv5/hard\libc.a(lib_a-init.o)
                              d:/00_program_installation/microchip/xc32/v2.10/bin/bin/../../lib/gcc/pic32c/6.2.1/../../../../pic32c/lib/v7e-m/fpv5/hard/crt0.o (__libc_init_array)
d:/00_program_installation/microchip/xc32/v2.10/bin/bin/../../lib/gcc/pic32c/6.2.1/../../../../pic32c/lib/v7e-m/fpv5/hard\libc.a(lib_a-locale.o)
                              build/default/production/_ext/1033058136/dhcp.o (__locale_ctype_ptr)
d:/00_program_installation/microchip/xc32/v2.10/bin/bin/../../lib/gcc/pic32c/6.2.1/../../../../pic32c/lib/v7e-m/fpv5/hard\libc.a(lib_a-malloc.o)
                              build/default/production/_ext/1171490990/initialization.o (malloc)
d:/00_program_installation/microchip/xc32/v2.10/bin/bin/../../lib/gcc/pic32c/6.2.1/../../../../pic32c/lib/v7e-m/fpv5/hard\libc.a(lib_a-mallocr.o)
                              d:/00_program_installation/microchip/xc32/v2.10/bin/bin/../../lib/gcc/pic32c/6.2.1/../../../../pic32c/lib/v7e-m/fpv5/hard\libc.a(lib_a-callocr.o) (_malloc_r)
d:/00_program_installation/microchip/xc32/v2.10/bin/bin/../../lib/gcc/pic32c/6.2.1/../../../../pic32c/lib/v7e-m/fpv5/hard\libc.a(lib_a-mbtowc_r.o)
                              d:/00_program_installation/microchip/xc32/v2.10/bin/bin/../../lib/gcc/pic32c/6.2.1/../../../../pic32c/lib/v7e-m/fpv5/hard\libc.a(lib_a-locale.o) (__ascii_mbtowc)
d:/00_program_installation/microchip/xc32/v2.10/bin/bin/../../lib/gcc/pic32c/6.2.1/../../../../pic32c/lib/v7e-m/fpv5/hard\libc.a(lib_a-memcmp.o)
                              build/default/production/_ext/1546807373/drv_gmac.o (memcmp)
d:/00_program_installation/microchip/xc32/v2.10/bin/bin/../../lib/gcc/pic32c/6.2.1/../../../../pic32c/lib/v7e-m/fpv5/hard\libc.a(lib_a-memcpy.o)
                              build/default/production/_ext/1546807373/drv_gmac.o (memcpy)
d:/00_program_installation/microchip/xc32/v2.10/bin/bin/../../lib/gcc/pic32c/6.2.1/../../../../pic32c/lib/v7e-m/fpv5/hard\libc.a(lib_a-memset.o)
                              d:/00_program_installation/microchip/xc32/v2.10/bin/bin/../../lib/gcc/pic32c/6.2.1/../../../../pic32c/lib/v7e-m/fpv5/hard/crt0.o (memset)
d:/00_program_installation/microchip/xc32/v2.10/bin/bin/../../lib/gcc/pic32c/6.2.1/../../../../pic32c/lib/v7e-m/fpv5/hard\libc.a(lib_a-mlock.o)
[...]
Memory Configuration

Name             Origin             Length             Attributes
rom              0x00400000         0x00200000         xr
ram              0x20400000         0x00060000         xrw
itcm             0x00000000         0x00000000         xrw
dtcm             0x20000000         0x00000000         xrw
*default*        0x00000000         0xffffffff
tcm              0x00000000         0xffffffff

Linker script and memory map

LOAD d:/00_program_installation/microchip/xc32/v2.10/bin/bin/../../lib/gcc/pic32c/6.2.1/v7e-m/fpv5/hard/crti.o
LOAD d:/00_program_installation/microchip/xc32/v2.10/bin/bin/../../lib/gcc/pic32c/6.2.1/v7e-m/fpv5/hard/crtbegin.o
LOAD d:/00_program_installation/microchip/xc32/v2.10/bin/bin/../../lib/gcc/pic32c/6.2.1/../../../../pic32c/lib/v7e-m/fpv5/hard/crt0.o
LOAD build/default/production/_ext/1360937237/app_commands.o
LOAD build/default/production/_ext/1360937237/main.o
LOAD build/default/production/_ext/1360937237/app.o
LOAD build/default/production/_ext/1171490990/initialization.o
LOAD build/default/production/_ext/1171490990/tasks.o
LOAD build/default/production/_ext/1171490990/interrupts.o
LOAD build/default/production/_ext/1171490990/exceptions.o
LOAD build/default/production/_ext/60165520/plib_clk.o
LOAD build/default/production/_ext/60177924/plib_pio.o
LOAD build/default/production/_ext/1865468468/plib_nvic.o
LOAD build/default/production/_ext/60175264/plib_mpu.o
LOAD build/default/production/_ext/1171490990/startup.o
LOAD build/default/production/_ext/1171490990/libc_syscalls.o
LOAD build/default/production/_ext/1881668453/sys_int.o
LOAD build/default/production/_ext/444070925/drv_ethphy.o
LOAD build/default/production/_ext/444070925/drv_extphy_smsc8740.o
LOAD build/default/production/_ext/438849557/drv_miim.o
LOAD build/default/production/_ext/1546807373/drv_gmac.o
LOAD build/default/production/_ext/1546807373/drv_gmac_lib.o
LOAD build/default/production/_ext/101884895/sys_time.o
LOAD build/default/production/_ext/829342655/plib_tc0.o
LOAD build/default/production/_ext/1033058136/arp.o
LOAD build/default/production/_ext/1033058136/dhcp.o
LOAD build/default/production/_ext/1033058136/dns.o
LOAD build/default/production/_ext/1033058136/ipv4.o
LOAD build/default/production/_ext/1033058136/icmp.o
LOAD build/default/production/_ext/1033058136/tcpip_heap_alloc.o
LOAD build/default/production/_ext/1033058136/tcpip_heap_internal.o
LOAD build/default/production/_ext/1033058136/helpers.o
LOAD build/default/production/_ext/1033058136/hash_fnv.o
LOAD build/default/production/_ext/1033058136/oahash.o
LOAD build/default/production/_ext/1033058136/tcpip_helpers.o
LOAD build/default/production/_ext/1033058136/tcpip_manager.o
LOAD build/default/production/_ext/1033058136/tcpip_notify.o
LOAD build/default/production/_ext/1033058136/tcpip_packet.o
LOAD build/default/production/_ext/753841488/sys_time_h2_adapter.o
LOAD build/default/production/_ext/1033058136/udp.o
                0x00000001                __MPLAB_BUILD = 0x1
                0x0000afa0                _min_heap_size = 0xafa0
START GROUP
LOAD d:/00_program_installation/microchip/xc32/v2.10/bin/bin/../../lib/gcc/pic32c/6.2.1/../../../../pic32c/lib/v7e-m/fpv5/hard\libpic32c.a
LOAD d:/00_program_installation/microchip/xc32/v2.10/bin/bin/../../lib/gcc/pic32c/6.2.1/v7e-m/fpv5/hard\libgcc.a
LOAD d:/00_program_installation/microchip/xc32/v2.10/bin/bin/../../lib/gcc/pic32c/6.2.1/../../../../pic32c/lib/v7e-m/fpv5/hard\libc.a
LOAD d:/00_program_installation/microchip/xc32/v2.10/bin/bin/../../lib/gcc/pic32c/6.2.1/../../../../pic32c/lib/v7e-m/fpv5/hard\libm.a
END GROUP
LOAD d:/00_program_installation/microchip/xc32/v2.10/bin/bin/../../lib/gcc/pic32c/6.2.1/v7e-m/fpv5/hard/crtend.o
LOAD d:/00_program_installation/microchip/xc32/v2.10/bin/bin/../../lib/gcc/pic32c/6.2.1/v7e-m/fpv5/hard/crtn.o

.vectors        0x00400000      0x168
                0x00400000                . = ALIGN (0x4)
                0x00400000                _sfixed = .
 *(.vectors .vectors.*)
 .vectors       0x00400000      0x168 build/default/production/_ext/1171490990/interrupts.o
                0x00400000                exception_table

.text           0x00400168       0x24
                0x00400168                . = ALIGN (0x4)
 *(.glue_7t)
 .glue_7t       0x00400168        0x0 linker stubs
 *(.glue_7)
 .glue_7        0x00400168        0x0 linker stubs
 *(.gnu.linkonce.r.*)
 *(.ARM.extab* .gnu.linkonce.armextab.*)
                0x00400168                . = ALIGN (0x4)
 *(.init)
 .init          0x00400168        0x4 d:/00_program_installation/microchip/xc32/v2.10/bin/bin/../../lib/gcc/pic32c/6.2.1/v7e-m/fpv5/hard/crti.o
                0x00400168                _init
 .init          0x0040016c        0x8 d:/00_program_installation/microchip/xc32/v2.10/bin/bin/../../lib/gcc/pic32c/6.2.1/v7e-m/fpv5/hard/crtn.o
                0x00400174                . = ALIGN (0x4)
                0x00400174                __preinit_array_start = .
 *(.preinit_array)
                0x00400174                __preinit_array_end = .
                0x00400174                . = ALIGN (0x4)
                0x00400174                __init_array_start = .
 *(SORT(.init_array.*))
 .init_array.00000
                0x00400174        0x4 d:/00_program_installation/microchip/xc32/v2.10/bin/bin/../../lib/gcc/pic32c/6.2.1/../../../../pic32c/lib/v7e-m/fpv5/hard\libc.a(lib_a-__call_atexit.o)
 *(.init_array)
 .init_array    0x00400178        0x4 d:/00_program_installation/microchip/xc32/v2.10/bin/bin/../../lib/gcc/pic32c/6.2.1/v7e-m/fpv5/hard/crtbegin.o
                0x0040017c                __init_array_end = .
                0x0040017c                . = ALIGN (0x4)
 *crtbegin.o(.ctors)
 *(EXCLUDE_FILE(*crtend.o) .ctors)
 *(SORT(.ctors.*))
 *crtend.o(.ctors)
                0x0040017c                . = ALIGN (0x4)
 *(.fini)
 .fini          0x0040017c        0x4 d:/00_program_installation/microchip/xc32/v2.10/bin/bin/../../lib/gcc/pic32c/6.2.1/v7e-m/fpv5/hard/crti.o
                0x0040017c                _fini
 .fini          0x00400180        0x8 d:/00_program_installation/microchip/xc32/v2.10/bin/bin/../../lib/gcc/pic32c/6.2.1/v7e-m/fpv5/hard/crtn.o
                0x00400188                . = ALIGN (0x4)
                0x00400188                __fini_array_start = .
 *(.fini_array)
 .fini_array    0x00400188        0x4 d:/00_program_installation/microchip/xc32/v2.10/bin/bin/../../lib/gcc/pic32c/6.2.1/v7e-m/fpv5/hard/crtbegin.o
 *(SORT(.fini_array.*))
                0x0040018c                __fini_array_end = .
 *crtbegin.o(.dtors)
 *(EXCLUDE_FILE(*crtend.o) .dtors)
 *(SORT(.dtors.*))
 *crtend.o(.dtors)
                0x0040018c                . = ALIGN (0x4)
                0x0040018c                _efixed = .
                [!provide]                PROVIDE (__exidx_start, .)

.ARM.exidx      0x0040018c        0x8
 *(.ARM.exidx* .gnu.linkonce.armexidx.*)
 .ARM.exidx     0x0040018c        0x8 d:/00_program_installation/microchip/xc32/v2.10/bin/bin/../../lib/gcc/pic32c/6.2.1/v7e-m/fpv5/hard\libgcc.a(_udivmoddi4.o)
                [!provide]                PROVIDE (__exidx_end, .)
                0x00400194                . = ALIGN (0x4)
                0x00400194                _etext = .

.bss            0x20400000       0x28
                0x20400000                . = ALIGN (0x4)
                0x20400000                __bss_start__ = .
                0x20400000                _sbss = .
                0x20400000                _szero = .
 *(COMMON)
 COMMON         0x20400000       0x10 build/default/production/_ext/1360937237/app.o
                0x20400000                appData
 COMMON         0x20400010        0xc build/default/production/_ext/1171490990/initialization.o
                0x20400010                sysObj
 COMMON         0x2040001c        0x8 build/default/production/_ext/829342655/plib_tc0.o
                0x2040001c                TC0_CH0_CallbackObj
 COMMON         0x20400024        0x4 d:/00_program_installation/microchip/xc32/v2.10/bin/bin/../../lib/gcc/pic32c/6.2.1/../../../../pic32c/lib/v7e-m/fpv5/hard\libc.a(lib_a-reent.o)
                0x20400024                errno
                0x20400028                . = ALIGN (0x4)
                0x20400028                __bss_end__ = .
                0x20400028                _ebss = .
                0x20400028                _ezero = .
                0x20400028                . = ALIGN (0x4)
                0x20400028                _end = .
                0x2045ffff                _ram_end_ = ((ORIGIN (ram) + LENGTH (ram)) - 0x1)
OUTPUT(dist/default/production/tcpip_udp_client_server.X.production.elf elf32-littlearm)
LOAD stack
LOAD data_init

.ARM.attributes
                0x00000000       0x2e
 .ARM.attributes
                0x00000000       0x20 d:/00_program_installation/microchip/xc32/v2.10/bin/bin/../../lib/gcc/pic32c/6.2.1/v7e-m/fpv5/hard/crti.o
 .ARM.attributes
                0x00000020       0x32 d:/00_program_installation/microchip/xc32/v2.10/bin/bin/../../lib/gcc/pic32c/6.2.1/v7e-m/fpv5/hard/crtbegin.o
 .ARM.attributes
                0x00000052       0x37 build/default/production/_ext/1360937237/main.o
 .ARM.attributes
                0x00000089       0x37 build/default/production/_ext/1360937237/app.o
 .ARM.attributes
                0x000000c0       0x37 build/default/production/_ext/1171490990/initialization.o
 .ARM.attributes
                0x000000f7       0x37 build/default/production/_ext/1171490990/tasks.o
 .ARM.attributes
                0x0000012e       0x37 build/default/production/_ext/1171490990/interrupts.o
 .ARM.attributes
                0x00000165       0x37 build/default/production/_ext/1171490990/exceptions.o
 .ARM.attributes
                0x0000019c       0x37 build/default/production/_ext/60165520/plib_clk.o
 .ARM.attributes
                0x000001d3       0x37 build/default/production/_ext/60177924/plib_pio.o
 .ARM.attributes
                0x0000020a       0x37 build/default/production/_ext/1865468468/plib_nvic.o
 .ARM.attributes
                0x00000241       0x37 build/default/production/_ext/60175264/plib_mpu.o
 .ARM.attributes
                0x00000278       0x37 build/default/production/_ext/1171490990/startup.o
 .ARM.attributes
                0x000002af       0x37 build/default/production/_ext/1881668453/sys_int.o
 .ARM.attributes
                0x000002e6       0x37 build/default/production/_ext/444070925/drv_ethphy.o
 .ARM.attributes
                0x0000031d       0x37 build/default/production/_ext/444070925/drv_extphy_smsc8740.o
 .ARM.attributes
                0x00000354       0x37 build/default/production/_ext/438849557/drv_miim.o
 .ARM.attributes
                0x0000038b       0x37 build/default/production/_ext/1546807373/drv_gmac.o
 .ARM.attributes
                0x000003c2       0x37 build/default/production/_ext/1546807373/drv_gmac_lib.o
 .ARM.attributes
                0x000003f9       0x37 build/default/production/_ext/101884895/sys_time.o
 .ARM.attributes
                0x00000430       0x37 build/default/production/_ext/829342655/plib_tc0.o
 .ARM.attributes
                0x00000467       0x37 build/default/production/_ext/1033058136/arp.o
 .ARM.attributes
                0x0000049e       0x37 build/default/production/_ext/1033058136/dhcp.o
 .ARM.attributes
                0x000004d5       0x37 build/default/production/_ext/1033058136/dns.o
 .ARM.attributes
                0x0000050c       0x37 build/default/production/_ext/1033058136/ipv4.o
 .ARM.attributes
                0x00000543       0x37 build/default/production/_ext/1033058136/icmp.o
 .ARM.attributes
                0x0000057a       0x37 build/default/production/_ext/1033058136/tcpip_heap_alloc.o
 .ARM.attributes
                0x000005b1       0x37 build/default/production/_ext/1033058136/tcpip_heap_internal.o
 .ARM.attributes
                0x000005e8       0x37 build/default/production/_ext/1033058136/helpers.o
 .ARM.attributes
                0x0000061f       0x37 build/default/production/_ext/1033058136/hash_fnv.o
 .ARM.attributes
                0x00000656       0x37 build/default/production/_ext/1033058136/oahash.o
 .ARM.attributes
                0x0000068d       0x37 build/default/production/_ext/1033058136/tcpip_helpers.o
 .ARM.attributes
                0x000006c4       0x37 build/default/production/_ext/1033058136/tcpip_manager.o
 .ARM.attributes
                0x000006fb       0x37 build/default/production/_ext/1033058136/tcpip_notify.o
 .ARM.attributes
                0x00000732       0x37 build/default/production/_ext/1033058136/tcpip_packet.o
 .ARM.attributes
                0x00000769       0x37 build/default/production/_ext/753841488/sys_time_h2_adapter.o
 .ARM.attributes
                0x000007a0       0x37 build/default/production/_ext/1033058136/udp.o
 .ARM.attributes
                0x000007d7       0x32 d:/00_program_installation/microchip/xc32/v2.10/bin/bin/../../lib/gcc/pic32c/6.2.1/../../../../pic32c/lib/v7e-m/fpv5/hard\libpic32c.a(data_init.o)
 .ARM.attributes
                0x00000809       0x20 d:/00_program_installation/microchip/xc32/v2.10/bin/bin/../../lib/gcc/pic32c/6.2.1/v7e-m/fpv5/hard\libgcc.a(_aeabi_uldivmod.o)
 .ARM.attributes
                0x00000829       0x32 d:/00_program_installation/microchip/xc32/v2.10/bin/bin/../../lib/gcc/pic32c/6.2.1/v7e-m/fpv5/hard\libgcc.a(_udivmoddi4.o)
 .ARM.attributes
                0x0000085b       0x20 d:/00_program_installation/microchip/xc32/v2.10/bin/bin/../../lib/gcc/pic32c/6.2.1/v7e-m/fpv5/hard\libgcc.a(_dvmd_tls.o)
 .ARM.attributes
                0x0000087b       0x32 d:/00_program_installation/microchip/xc32/v2.10/bin/bin/../../lib/gcc/pic32c/6.2.1/../../../../pic32c/lib/v7e-m/fpv5/hard\libc.a(lib_a-calloc.o)
 .ARM.attributes
                0x000008ad       0x32 d:/00_program_installation/microchip/xc32/v2.10/bin/bin/../../lib/gcc/pic32c/6.2.1/../../../../pic32c/lib/v7e-m/fpv5/hard\libc.a(lib_a-callocr.o)
 .ARM.attributes
                0x000008df       0x32 d:/00_program_installation/microchip/xc32/v2.10/bin/bin/../../lib/gcc/pic32c/6.2.1/../../../../pic32c/lib/v7e-m/fpv5/hard\libc.a(lib_a-impure.o)
 .ARM.attributes
                0x00000911       0x32 d:/00_program_installation/microchip/xc32/v2.10/bin/bin/../../lib/gcc/pic32c/6.2.1/../../../../pic32c/lib/v7e-m/fpv5/hard\libc.a(lib_a-init.o)
 .ARM.attributes
                0x00000943       0x32 d:/00_program_installation/microchip/xc32/v2.10/bin/bin/../../lib/gcc/pic32c/6.2.1/../../../../pic32c/lib/v7e-m/fpv5/hard\libc.a(lib_a-locale.o)
 .ARM.attributes
                0x00000975       0x32 d:/00_program_installation/microchip/xc32/v2.10/bin/bin/../../lib/gcc/pic32c/6.2.1/../../../../pic32c/lib/v7e-m/fpv5/hard\libc.a(lib_a-malloc.o)
 .ARM.attributes
                0x000009a7       0x32 d:/00_program_installation/microchip/xc32/v2.10/bin/bin/../../lib/gcc/pic32c/6.2.1/../../../../pic32c/lib/v7e-m/fpv5/hard\libc.a(lib_a-mallocr.o)
 .ARM.attributes
                0x000009d9       0x32 d:/00_program_installation/microchip/xc32/v2.10/bin/bin/../../lib/gcc/pic32c/6.2.1/../../../../pic32c/lib/v7e-m/fpv5/hard\libc.a(lib_a-mbtowc_r.o)
 .ARM.attributes
                0x00000a0b       0x32 d:/00_program_installation/microchip/xc32/v2.10/bin/bin/../../lib/gcc/pic32c/6.2.1/../../../../pic32c/lib/v7e-m/fpv5/hard\libc.a(lib_a-memcmp.o)
 .ARM.attributes
                0x00000a3d       0x1e d:/00_program_installation/microchip/xc32/v2.10/bin/bin/../../lib/gcc/pic32c/6.2.1/../../../../pic32c/lib/v7e-m/fpv5/hard\libc.a(lib_a-memcpy.o)
 .ARM.attributes
                0x00000a5b       0x32 d:/00_program_installation/microchip/xc32/v2.10/bin/bin/../../lib/gcc/pic32c/6.2.1/../../../../pic32c/lib/v7e-m/fpv5/hard\libc.a(lib_a-memset.o)
 .ARM.attributes
                0x00000a8d       0x32 d:/00_program_installation/microchip/xc32/v2.10/bin/bin/../../lib/gcc/pic32c/6.2.1/../../../../pic32c/lib/v7e-m/fpv5/hard\libc.a(lib_a-mlock.o)
 .ARM.attributes
                0x00000abf       0x32 d:/00_program_installation/microchip/xc32/v2.10/bin/bin/../../lib/gcc/pic32c/6.2.1/../../../../pic32c/lib/v7e-m/fpv5/hard\libc.a(lib_a-rand.o)
 .ARM.attributes
                0x00000af1       0x32 d:/00_program_installation/microchip/xc32/v2.10/bin/bin/../../lib/gcc/pic32c/6.2.1/../../../../pic32c/lib/v7e-m/fpv5/hard\libc.a(lib_a-sbrkr.o)
 .ARM.attributes
                0x00000b23       0x1e d:/00_program_installation/microchip/xc32/v2.10/bin/bin/../../lib/gcc/pic32c/6.2.1/../../../../pic32c/lib/v7e-m/fpv5/hard\libc.a(lib_a-strcmp.o)
 .ARM.attributes
                0x00000b41       0x1e d:/00_program_installation/microchip/xc32/v2.10/bin/bin/../../lib/gcc/pic32c/6.2.1/../../../../pic32c/lib/v7e-m/fpv5/hard\libc.a(lib_a-strlen.o)
 .ARM.attributes
                0x00000b5f       0x32 d:/00_program_installation/microchip/xc32/v2.10/bin/bin/../../lib/gcc/pic32c/6.2.1/../../../../pic32c/lib/v7e-m/fpv5/hard\libc.a(lib_a-strncpy.o)
 .ARM.attributes
                0x00000b91       0x32 d:/00_program_installation/microchip/xc32/v2.10/bin/bin/../../lib/gcc/pic32c/6.2.1/../../../../pic32c/lib/v7e-m/fpv5/hard\libc.a(lib_a-wctomb_r.o)
 .ARM.attributes
                0x00000bc3       0x32 d:/00_program_installation/microchip/xc32/v2.10/bin/bin/../../lib/gcc/pic32c/6.2.1/../../../../pic32c/lib/v7e-m/fpv5/hard\libc.a(snprintf.cdnopsuxX.o)
 .ARM.attributes
                0x00000bf5       0x32 d:/00_program_installation/microchip/xc32/v2.10/bin/bin/../../lib/gcc/pic32c/6.2.1/../../../../pic32c/lib/v7e-m/fpv5/hard\libc.a(vfprintf.cdnopsuxX.o)
 .ARM.attributes
                0x00000c27       0x32 d:/00_program_installation/microchip/xc32/v2.10/bin/bin/../../lib/gcc/pic32c/6.2.1/../../../../pic32c/lib/v7e-m/fpv5/hard\libc.a(vsnprintf.cdnopsuxX.o)
 .ARM.attributes
                0x00000c59       0x32 d:/00_program_installation/microchip/xc32/v2.10/bin/bin/../../lib/gcc/pic32c/6.2.1/../../../../pic32c/lib/v7e-m/fpv5/hard\libc.a(lib_a-__call_atexit.o)
 .ARM.attributes
                0x00000c8b       0x32 d:/00_program_installation/microchip/xc32/v2.10/bin/bin/../../lib/gcc/pic32c/6.2.1/../../../../pic32c/lib/v7e-m/fpv5/hard\libc.a(lib_a-atexit.o)
 .ARM.attributes
                0x00000cbd       0x32 d:/00_program_installation/microchip/xc32/v2.10/bin/bin/../../lib/gcc/pic32c/6.2.1/../../../../pic32c/lib/v7e-m/fpv5/hard\libc.a(lib_a-ctype_.o)
 .ARM.attributes
                0x00000cef       0x32 d:/00_program_installation/microchip/xc32/v2.10/bin/bin/../../lib/gcc/pic32c/6.2.1/../../../../pic32c/lib/v7e-m/fpv5/hard\libc.a(lib_a-fflush.o)
 .ARM.attributes
                0x00000d21       0x32 d:/00_program_installation/microchip/xc32/v2.10/bin/bin/../../lib/gcc/pic32c/6.2.1/../../../../pic32c/lib/v7e-m/fpv5/hard\libc.a(lib_a-findfp.o)
 .ARM.attributes
                0x00000d53       0x32 d:/00_program_installation/microchip/xc32/v2.10/bin/bin/../../lib/gcc/pic32c/6.2.1/../../../../pic32c/lib/v7e-m/fpv5/hard\libc.a(lib_a-fini.o)
 .ARM.attributes
                0x00000d85       0x32 d:/00_program_installation/microchip/xc32/v2.10/bin/bin/../../lib/gcc/pic32c/6.2.1/../../../../pic32c/lib/v7e-m/fpv5/hard\libc.a(lib_a-freer.o)
 .ARM.attributes
                0x00000db7       0x32 d:/00_program_installation/microchip/xc32/v2.10/bin/bin/../../lib/gcc/pic32c/6.2.1/../../../../pic32c/lib/v7e-m/fpv5/hard\libc.a(lib_a-fwalk.o)
 .ARM.attributes
                0x00000de9       0x1e d:/00_program_installation/microchip/xc32/v2.10/bin/bin/../../lib/gcc/pic32c/6.2.1/../../../../pic32c/lib/v7e-m/fpv5/hard\libc.a(lib_a-memchr.o)
 .ARM.attributes
                0x00000e07       0x32 d:/00_program_installation/microchip/xc32/v2.10/bin/bin/../../lib/gcc/pic32c/6.2.1/../../../../pic32c/lib/v7e-m/fpv5/hard\libc.a(lib_a-reent.o)
 .ARM.attributes
                0x00000e39       0x32 d:/00_program_installation/microchip/xc32/v2.10/bin/bin/../../lib/gcc/pic32c/6.2.1/../../../../pic32c/lib/v7e-m/fpv5/hard\libc.a(lib_a-stdio.o)
 .ARM.attributes
                0x00000e6b       0x32 d:/00_program_installation/microchip/xc32/v2.10/bin/bin/../../lib/gcc/pic32c/6.2.1/../../../../pic32c/lib/v7e-m/fpv5/hard\libc.a(lib_a-vfiprintf.o)
 .ARM.attributes
                0x00000e9d       0x32 d:/00_program_installation/microchip/xc32/v2.10/bin/bin/../../lib/gcc/pic32c/6.2.1/../../../../pic32c/lib/v7e-m/fpv5/hard\libc.a(lib_a-writer.o)
 .ARM.attributes
                0x00000ecf       0x32 d:/00_program_installation/microchip/xc32/v2.10/bin/bin/../../lib/gcc/pic32c/6.2.1/../../../../pic32c/lib/v7e-m/fpv5/hard\libc.a(lib_a-wsetup.o)
 .ARM.attributes
                0x00000f01       0x32 d:/00_program_installation/microchip/xc32/v2.10/bin/bin/../../lib/gcc/pic32c/6.2.1/../../../../pic32c/lib/v7e-m/fpv5/hard\libc.a(lib_a-__atexit.o)
 .ARM.attributes
                0x00000f33       0x32 d:/00_program_installation/microchip/xc32/v2.10/bin/bin/../../lib/gcc/pic32c/6.2.1/../../../../pic32c/lib/v7e-m/fpv5/hard\libc.a(lib_a-closer.o)
 .ARM.attributes
                0x00000f65       0x32 d:/00_program_installation/microchip/xc32/v2.10/bin/bin/../../lib/gcc/pic32c/6.2.1/../../../../pic32c/lib/v7e-m/fpv5/hard\libc.a(lib_a-fclose.o)
 .ARM.attributes
                0x00000f97       0x32 d:/00_program_installation/microchip/xc32/v2.10/bin/bin/../../lib/gcc/pic32c/6.2.1/../../../../pic32c/lib/v7e-m/fpv5/hard\libc.a(lib_a-fputwc.o)
 .ARM.attributes
                0x00000fc9       0x32 d:/00_program_installation/microchip/xc32/v2.10/bin/bin/../../lib/gcc/pic32c/6.2.1/../../../../pic32c/lib/v7e-m/fpv5/hard\libc.a(lib_a-fvwrite.o)
 .ARM.attributes
                0x00000ffb       0x32 d:/00_program_installation/microchip/xc32/v2.10/bin/bin/../../lib/gcc/pic32c/6.2.1/../../../../pic32c/lib/v7e-m/fpv5/hard\libc.a(lib_a-lseekr.o)
 .ARM.attributes
                0x0000102d       0x32 d:/00_program_installation/microchip/xc32/v2.10/bin/bin/../../lib/gcc/pic32c/6.2.1/../../../../pic32c/lib/v7e-m/fpv5/hard\libc.a(lib_a-makebuf.o)
 .ARM.attributes
                0x0000105f       0x32 d:/00_program_installation/microchip/xc32/v2.10/bin/bin/../../lib/gcc/pic32c/6.2.1/../../../../pic32c/lib/v7e-m/fpv5/hard\libc.a(lib_a-memmove.o)
 .ARM.attributes
                0x00001091       0x32 d:/00_program_installation/microchip/xc32/v2.10/bin/bin/../../lib/gcc/pic32c/6.2.1/../../../../pic32c/lib/v7e-m/fpv5/hard\libc.a(lib_a-readr.o)
 .ARM.attributes
                0x000010c3       0x32 d:/00_program_installation/microchip/xc32/v2.10/bin/bin/../../lib/gcc/pic32c/6.2.1/../../../../pic32c/lib/v7e-m/fpv5/hard\libc.a(lib_a-reallocr.o)
 .ARM.attributes
                0x000010f5       0x32 d:/00_program_installation/microchip/xc32/v2.10/bin/bin/../../lib/gcc/pic32c/6.2.1/../../../../pic32c/lib/v7e-m/fpv5/hard\libc.a(lib_a-wbuf.o)
 .ARM.attributes
                0x00001127       0x32 d:/00_program_installation/microchip/xc32/v2.10/bin/bin/../../lib/gcc/pic32c/6.2.1/../../../../pic32c/lib/v7e-m/fpv5/hard\libc.a(lib_a-wcrtomb.o)
 .ARM.attributes
                0x00001159       0x32 d:/00_program_installation/microchip/xc32/v2.10/bin/bin/../../lib/gcc/pic32c/6.2.1/../../../../pic32c/lib/v7e-m/fpv5/hard\libc.a(lib_a-fstatr.o)
 .ARM.attributes
                0x0000118b       0x32 d:/00_program_installation/microchip/xc32/v2.10/bin/bin/../../lib/gcc/pic32c/6.2.1/../../../../pic32c/lib/v7e-m/fpv5/hard\libc.a(lib_a-isattyr.o)
 .ARM.attributes
                0x000011bd       0x32 d:/00_program_installation/microchip/xc32/v2.10/bin/bin/../../lib/gcc/pic32c/6.2.1/../../../../pic32c/lib/v7e-m/fpv5/hard\libpic32c.a(close.o)
 .ARM.attributes
                0x000011ef       0x32 d:/00_program_installation/microchip/xc32/v2.10/bin/bin/../../lib/gcc/pic32c/6.2.1/../../../../pic32c/lib/v7e-m/fpv5/hard\libpic32c.a(fstat.o)
 .ARM.attributes
                0x00001221       0x32 d:/00_program_installation/microchip/xc32/v2.10/bin/bin/../../lib/gcc/pic32c/6.2.1/../../../../pic32c/lib/v7e-m/fpv5/hard\libpic32c.a(isatty.o)
 .ARM.attributes
                0x00001253       0x32 d:/00_program_installation/microchip/xc32/v2.10/bin/bin/../../lib/gcc/pic32c/6.2.1/../../../../pic32c/lib/v7e-m/fpv5/hard\libpic32c.a(lseek.o)
 .ARM.attributes
                0x00001285       0x32 d:/00_program_installation/microchip/xc32/v2.10/bin/bin/../../lib/gcc/pic32c/6.2.1/../../../../pic32c/lib/v7e-m/fpv5/hard\libpic32c.a(read.o)
 .ARM.attributes
                0x000012b7       0x32 d:/00_program_installation/microchip/xc32/v2.10/bin/bin/../../lib/gcc/pic32c/6.2.1/../../../../pic32c/lib/v7e-m/fpv5/hard\libpic32c.a(sbrk.o)
 .ARM.attributes
                0x000012e9       0x32 d:/00_program_installation/microchip/xc32/v2.10/bin/bin/../../lib/gcc/pic32c/6.2.1/../../../../pic32c/lib/v7e-m/fpv5/hard\libpic32c.a(write.o)
 .ARM.attributes
                0x0000131b       0x32 d:/00_program_installation/microchip/xc32/v2.10/bin/bin/../../lib/gcc/pic32c/6.2.1/../../../../pic32c/lib/v7e-m/fpv5/hard\libpic32c.a(_mon_getc.o)
 .ARM.attributes
                0x0000134d       0x32 d:/00_program_installation/microchip/xc32/v2.10/bin/bin/../../lib/gcc/pic32c/6.2.1/../../../../pic32c/lib/v7e-m/fpv5/hard\libpic32c.a(_mon_putc.o)
 .ARM.attributes
                0x0000137f       0x20 d:/00_program_installation/microchip/xc32/v2.10/bin/bin/../../lib/gcc/pic32c/6.2.1/v7e-m/fpv5/hard/crtn.o

.comment        0x00000000       0x3c
 .comment       0x00000000       0x3c d:/00_program_installation/microchip/xc32/v2.10/bin/bin/../../lib/gcc/pic32c/6.2.1/v7e-m/fpv5/hard/crtbegin.o
                                 0x3d (size before relaxing)
 .comment       0x0000003c       0x3d build/default/production/_ext/1360937237/main.o
 .comment       0x0000003c       0x3d build/default/production/_ext/1360937237/app.o
 .comment       0x0000003c       0x3d build/default/production/_ext/1171490990/initialization.o
 .comment       0x0000003c       0x3d build/default/production/_ext/1171490990/tasks.o
 .comment       0x0000003c       0x3d build/default/production/_ext/1171490990/interrupts.o
 .comment       0x0000003c       0x3d build/default/production/_ext/1171490990/exceptions.o
 .comment       0x0000003c       0x3d build/default/production/_ext/60165520/plib_clk.o
 .comment       0x0000003c       0x3d build/default/production/_ext/60177924/plib_pio.o
 .comment       0x0000003c       0x3d build/default/production/_ext/1865468468/plib_nvic.o
 .comment       0x0000003c       0x3d build/default/production/_ext/60175264/plib_mpu.o
 .comment       0x0000003c       0x3d build/default/production/_ext/1171490990/startup.o
 .comment       0x0000003c       0x3d build/default/production/_ext/1881668453/sys_int.o
 .comment       0x0000003c       0x3d build/default/production/_ext/444070925/drv_ethphy.o
 .comment       0x0000003c       0x3d build/default/production/_ext/444070925/drv_extphy_smsc8740.o
 .comment       0x0000003c       0x3d build/default/production/_ext/438849557/drv_miim.o
 .comment       0x0000003c       0x3d build/default/production/_ext/1546807373/drv_gmac.o
 .comment       0x0000003c       0x3d build/default/production/_ext/1546807373/drv_gmac_lib.o
 .comment       0x0000003c       0x3d build/default/production/_ext/101884895/sys_time.o
 .comment       0x0000003c       0x3d build/default/production/_ext/829342655/plib_tc0.o
 .comment       0x0000003c       0x3d build/default/production/_ext/1033058136/arp.o
 .comment       0x0000003c       0x3d build/default/production/_ext/1033058136/dhcp.o
 .comment       0x0000003c       0x3d build/default/production/_ext/1033058136/dns.o
 .comment       0x0000003c       0x3d build/default/production/_ext/1033058136/ipv4.o
 .comment       0x0000003c       0x3d build/default/production/_ext/1033058136/icmp.o
 .comment       0x0000003c       0x3d build/default/production/_ext/1033058136/tcpip_heap_alloc.o
 .comment       0x0000003c       0x3d build/default/production/_ext/1033058136/tcpip_heap_internal.o
 .comment       0x0000003c       0x3d build/default/production/_ext/1033058136/helpers.o
 .comment       0x0000003c       0x3d build/default/production/_ext/1033058136/hash_fnv.o
 .comment       0x0000003c       0x3d build/default/production/_ext/1033058136/oahash.o
 .comment       0x0000003c       0x3d build/default/production/_ext/1033058136/tcpip_helpers.o
 .comment       0x0000003c       0x3d build/default/production/_ext/1033058136/tcpip_manager.o
 .comment       0x0000003c       0x3d build/default/production/_ext/1033058136/tcpip_notify.o
 .comment       0x0000003c       0x3d build/default/production/_ext/1033058136/tcpip_packet.o
 .comment       0x0000003c       0x3d build/default/production/_ext/753841488/sys_time_h2_adapter.o
 .comment       0x0000003c       0x3d build/default/production/_ext/1033058136/udp.o
 .comment       0x0000003c       0x3d d:/00_program_installation/microchip/xc32/v2.10/bin/bin/../../lib/gcc/pic32c/6.2.1/../../../../pic32c/lib/v7e-m/fpv5/hard\libpic32c.a(data_init.o)
 .comment       0x0000003c       0x3d d:/00_program_installation/microchip/xc32/v2.10/bin/bin/../../lib/gcc/pic32c/6.2.1/v7e-m/fpv5/hard\libgcc.a(_udivmoddi4.o)
 .comment       0x0000003c       0x3d d:/00_program_installation/microchip/xc32/v2.10/bin/bin/../../lib/gcc/pic32c/6.2.1/../../../../pic32c/lib/v7e-m/fpv5/hard\libc.a(lib_a-calloc.o)
 .comment       0x0000003c       0x3d d:/00_program_installation/microchip/xc32/v2.10/bin/bin/../../lib/gcc/pic32c/6.2.1/../../../../pic32c/lib/v7e-m/fpv5/hard\libc.a(lib_a-callocr.o)
 .comment       0x0000003c       0x3d d:/00_program_installation/microchip/xc32/v2.10/bin/bin/../../lib/gcc/pic32c/6.2.1/../../../../pic32c/lib/v7e-m/fpv5/hard\libc.a(lib_a-impure.o)
 .comment       0x0000003c       0x3d d:/00_program_installation/microchip/xc32/v2.10/bin/bin/../../lib/gcc/pic32c/6.2.1/../../../../pic32c/lib/v7e-m/fpv5/hard\libc.a(lib_a-init.o)
 .comment       0x0000003c       0x3d d:/00_program_installation/microchip/xc32/v2.10/bin/bin/../../lib/gcc/pic32c/6.2.1/../../../../pic32c/lib/v7e-m/fpv5/hard\libc.a(lib_a-locale.o)
 .comment       0x0000003c       0x3d d:/00_program_installation/microchip/xc32/v2.10/bin/bin/../../lib/gcc/pic32c/6.2.1/../../../../pic32c/lib/v7e-m/fpv5/hard\libc.a(lib_a-malloc.o)
 .comment       0x0000003c       0x3d d:/00_program_installation/microchip/xc32/v2.10/bin/bin/../../lib/gcc/pic32c/6.2.1/../../../../pic32c/lib/v7e-m/fpv5/hard\libc.a(lib_a-mallocr.o)
 .comment       0x0000003c       0x3d d:/00_program_installation/microchip/xc32/v2.10/bin/bin/../../lib/gcc/pic32c/6.2.1/../../../../pic32c/lib/v7e-m/fpv5/hard\libc.a(lib_a-mbtowc_r.o)
 .comment       0x0000003c       0x3d d:/00_program_installation/microchip/xc32/v2.10/bin/bin/../../lib/gcc/pic32c/6.2.1/../../../../pic32c/lib/v7e-m/fpv5/hard\libc.a(lib_a-memcmp.o)
 .comment       0x0000003c       0x3d d:/00_program_installation/microchip/xc32/v2.10/bin/bin/../../lib/gcc/pic32c/6.2.1/../../../../pic32c/lib/v7e-m/fpv5/hard\libc.a(lib_a-memset.o)
 .comment       0x0000003c       0x3d d:/00_program_installation/microchip/xc32/v2.10/bin/bin/../../lib/gcc/pic32c/6.2.1/../../../../pic32c/lib/v7e-m/fpv5/hard\libc.a(lib_a-mlock.o)
 .comment       0x0000003c       0x3d d:/00_program_installation/microchip/xc32/v2.10/bin/bin/../../lib/gcc/pic32c/6.2.1/../../../../pic32c/lib/v7e-m/fpv5/hard\libc.a(lib_a-rand.o)
 .comment       0x0000003c       0x3d d:/00_program_installation/microchip/xc32/v2.10/bin/bin/../../lib/gcc/pic32c/6.2.1/../../../../pic32c/lib/v7e-m/fpv5/hard\libc.a(lib_a-sbrkr.o)
 .comment       0x0000003c       0x3d d:/00_program_installation/microchip/xc32/v2.10/bin/bin/../../lib/gcc/pic32c/6.2.1/../../../../pic32c/lib/v7e-m/fpv5/hard\libc.a(lib_a-strncpy.o)
 .comment       0x0000003c       0x3d d:/00_program_installation/microchip/xc32/v2.10/bin/bin/../../lib/gcc/pic32c/6.2.1/../../../../pic32c/lib/v7e-m/fpv5/hard\libc.a(lib_a-wctomb_r.o)
 .comment       0x0000003c       0x3d d:/00_program_installation/microchip/xc32/v2.10/bin/bin/../../lib/gcc/pic32c/6.2.1/../../../../pic32c/lib/v7e-m/fpv5/hard\libc.a(snprintf.cdnopsuxX.o)
 .comment       0x0000003c       0x3d d:/00_program_installation/microchip/xc32/v2.10/bin/bin/../../lib/gcc/pic32c/6.2.1/../../../../pic32c/lib/v7e-m/fpv5/hard\libc.a(vfprintf.cdnopsuxX.o)
 .comment       0x0000003c       0x3d d:/00_program_installation/microchip/xc32/v2.10/bin/bin/../../lib/gcc/pic32c/6.2.1/../../../../pic32c/lib/v7e-m/fpv5/hard\libc.a(vsnprintf.cdnopsuxX.o)
 .comment       0x0000003c       0x3d d:/00_program_installation/microchip/xc32/v2.10/bin/bin/../../lib/gcc/pic32c/6.2.1/../../../../pic32c/lib/v7e-m/fpv5/hard\libc.a(lib_a-__call_atexit.o)
 .comment       0x0000003c       0x3d d:/00_program_installation/microchip/xc32/v2.10/bin/bin/../../lib/gcc/pic32c/6.2.1/../../../../pic32c/lib/v7e-m/fpv5/hard\libc.a(lib_a-atexit.o)
 .comment       0x0000003c       0x3d d:/00_program_installation/microchip/xc32/v2.10/bin/bin/../../lib/gcc/pic32c/6.2.1/../../../../pic32c/lib/v7e-m/fpv5/hard\libc.a(lib_a-ctype_.o)
 .comment       0x0000003c       0x3d d:/00_program_installation/microchip/xc32/v2.10/bin/bin/../../lib/gcc/pic32c/6.2.1/../../../../pic32c/lib/v7e-m/fpv5/hard\libc.a(lib_a-fflush.o)
 .comment       0x0000003c       0x3d d:/00_program_installation/microchip/xc32/v2.10/bin/bin/../../lib/gcc/pic32c/6.2.1/../../../../pic32c/lib/v7e-m/fpv5/hard\libc.a(lib_a-findfp.o)
 .comment       0x0000003c       0x3d d:/00_program_installation/microchip/xc32/v2.10/bin/bin/../../lib/gcc/pic32c/6.2.1/../../../../pic32c/lib/v7e-m/fpv5/hard\libc.a(lib_a-fini.o)
 .comment       0x0000003c       0x3d d:/00_program_installation/microchip/xc32/v2.10/bin/bin/../../lib/gcc/pic32c/6.2.1/../../../../pic32c/lib/v7e-m/fpv5/hard\libc.a(lib_a-freer.o)
 .comment       0x0000003c       0x3d d:/00_program_installation/microchip/xc32/v2.10/bin/bin/../../lib/gcc/pic32c/6.2.1/../../../../pic32c/lib/v7e-m/fpv5/hard\libc.a(lib_a-fwalk.o)
 .comment       0x0000003c       0x3d d:/00_program_installation/microchip/xc32/v2.10/bin/bin/../../lib/gcc/pic32c/6.2.1/../../../../pic32c/lib/v7e-m/fpv5/hard\libc.a(lib_a-reent.o)
 .comment       0x0000003c       0x3d d:/00_program_installation/microchip/xc32/v2.10/bin/bin/../../lib/gcc/pic32c/6.2.1/../../../../pic32c/lib/v7e-m/fpv5/hard\libc.a(lib_a-stdio.o)
 .comment       0x0000003c       0x3d d:/00_program_installation/microchip/xc32/v2.10/bin/bin/../../lib/gcc/pic32c/6.2.1/../../../../pic32c/lib/v7e-m/fpv5/hard\libc.a(lib_a-vfiprintf.o)
 .comment       0x0000003c       0x3d d:/00_program_installation/microchip/xc32/v2.10/bin/bin/../../lib/gcc/pic32c/6.2.1/../../../../pic32c/lib/v7e-m/fpv5/hard\libc.a(lib_a-writer.o)
 .comment       0x0000003c       0x3d d:/00_program_installation/microchip/xc32/v2.10/bin/bin/../../lib/gcc/pic32c/6.2.1/../../../../pic32c/lib/v7e-m/fpv5/hard\libc.a(lib_a-wsetup.o)
 .comment       0x0000003c       0x3d d:/00_program_installation/microchip/xc32/v2.10/bin/bin/../../lib/gcc/pic32c/6.2.1/../../../../pic32c/lib/v7e-m/fpv5/hard\libc.a(lib_a-__atexit.o)
 .comment       0x0000003c       0x3d d:/00_program_installation/microchip/xc32/v2.10/bin/bin/../../lib/gcc/pic32c/6.2.1/../../../../pic32c/lib/v7e-m/fpv5/hard\libc.a(lib_a-closer.o)
 .comment       0x0000003c       0x3d d:/00_program_installation/microchip/xc32/v2.10/bin/bin/../../lib/gcc/pic32c/6.2.1/../../../../pic32c/lib/v7e-m/fpv5/hard\libc.a(lib_a-fclose.o)
 .comment       0x0000003c       0x3d d:/00_program_installation/microchip/xc32/v2.10/bin/bin/../../lib/gcc/pic32c/6.2.1/../../../../pic32c/lib/v7e-m/fpv5/hard\libc.a(lib_a-fputwc.o)
 .comment       0x0000003c       0x3d d:/00_program_installation/microchip/xc32/v2.10/bin/bin/../../lib/gcc/pic32c/6.2.1/../../../../pic32c/lib/v7e-m/fpv5/hard\libc.a(lib_a-fvwrite.o)
 .comment       0x0000003c       0x3d d:/00_program_installation/microchip/xc32/v2.10/bin/bin/../../lib/gcc/pic32c/6.2.1/../../../../pic32c/lib/v7e-m/fpv5/hard\libc.a(lib_a-lseekr.o)
 .comment       0x0000003c       0x3d d:/00_program_installation/microchip/xc32/v2.10/bin/bin/../../lib/gcc/pic32c/6.2.1/../../../../pic32c/lib/v7e-m/fpv5/hard\libc.a(lib_a-makebuf.o)
 .comment       0x0000003c       0x3d d:/00_program_installation/microchip/xc32/v2.10/bin/bin/../../lib/gcc/pic32c/6.2.1/../../../../pic32c/lib/v7e-m/fpv5/hard\libc.a(lib_a-memmove.o)
 .comment       0x0000003c       0x3d d:/00_program_installation/microchip/xc32/v2.10/bin/bin/../../lib/gcc/pic32c/6.2.1/../../../../pic32c/lib/v7e-m/fpv5/hard\libc.a(lib_a-readr.o)
 .comment       0x0000003c       0x3d d:/00_program_installation/microchip/xc32/v2.10/bin/bin/../../lib/gcc/pic32c/6.2.1/../../../../pic32c/lib/v7e-m/fpv5/hard\libc.a(lib_a-reallocr.o)
 .comment       0x0000003c       0x3d d:/00_program_installation/microchip/xc32/v2.10/bin/bin/../../lib/gcc/pic32c/6.2.1/../../../../pic32c/lib/v7e-m/fpv5/hard\libc.a(lib_a-wbuf.o)
 .comment       0x0000003c       0x3d d:/00_program_installation/microchip/xc32/v2.10/bin/bin/../../lib/gcc/pic32c/6.2.1/../../../../pic32c/lib/v7e-m/fpv5/hard\libc.a(lib_a-wcrtomb.o)
 .comment       0x0000003c       0x3d d:/00_program_installation/microchip/xc32/v2.10/bin/bin/../../lib/gcc/pic32c/6.2.1/../../../../pic32c/lib/v7e-m/fpv5/hard\libc.a(lib_a-fstatr.o)
 .comment       0x0000003c       0x3d d:/00_program_installation/microchip/xc32/v2.10/bin/bin/../../lib/gcc/pic32c/6.2.1/../../../../pic32c/lib/v7e-m/fpv5/hard\libc.a(lib_a-isattyr.o)
 .comment       0x0000003c       0x3d d:/00_program_installation/microchip/xc32/v2.10/bin/bin/../../lib/gcc/pic32c/6.2.1/../../../../pic32c/lib/v7e-m/fpv5/hard\libpic32c.a(close.o)
 .comment       0x0000003c       0x3d d:/00_program_installation/microchip/xc32/v2.10/bin/bin/../../lib/gcc/pic32c/6.2.1/../../../../pic32c/lib/v7e-m/fpv5/hard\libpic32c.a(fstat.o)
 .comment       0x0000003c       0x3d d:/00_program_installation/microchip/xc32/v2.10/bin/bin/../../lib/gcc/pic32c/6.2.1/../../../../pic32c/lib/v7e-m/fpv5/hard\libpic32c.a(isatty.o)
 .comment       0x0000003c       0x3d d:/00_program_installation/microchip/xc32/v2.10/bin/bin/../../lib/gcc/pic32c/6.2.1/../../../../pic32c/lib/v7e-m/fpv5/hard\libpic32c.a(lseek.o)
 .comment       0x0000003c       0x3d d:/00_program_installation/microchip/xc32/v2.10/bin/bin/../../lib/gcc/pic32c/6.2.1/../../../../pic32c/lib/v7e-m/fpv5/hard\libpic32c.a(read.o)
 .comment       0x0000003c       0x3d d:/00_program_installation/microchip/xc32/v2.10/bin/bin/../../lib/gcc/pic32c/6.2.1/../../../../pic32c/lib/v7e-m/fpv5/hard\libpic32c.a(sbrk.o)
 .comment       0x0000003c       0x3d d:/00_program_installation/microchip/xc32/v2.10/bin/bin/../../lib/gcc/pic32c/6.2.1/../../../../pic32c/lib/v7e-m/fpv5/hard\libpic32c.a(write.o)
 .comment       0x0000003c       0x3d d:/00_program_installation/microchip/xc32/v2.10/bin/bin/../../lib/gcc/pic32c/6.2.1/../../../../pic32c/lib/v7e-m/fpv5/hard\libpic32c.a(_mon_getc.o)
 .comment       0x0000003c       0x3d d:/00_program_installation/microchip/xc32/v2.10/bin/bin/../../lib/gcc/pic32c/6.2.1/../../../../pic32c/lib/v7e-m/fpv5/hard\libpic32c.a(_mon_putc.o)

.debug_info     0x00000000    0xe3443
 .debug_info    0x00000000     0x4365 build/default/production/_ext/1360937237/main.o
 .debug_info    0x00004365     0x4db0 build/default/production/_ext/1360937237/app.o
 .debug_info    0x00009115     0x6202 build/default/production/_ext/1171490990/initialization.o
 .debug_info    0x0000f317     0x4379 build/default/production/_ext/1171490990/tasks.o
 .debug_info    0x00013690     0x4e26 build/default/production/_ext/1171490990/interrupts.o
 .debug_info    0x000184b6     0x4405 build/default/production/_ext/1171490990/exceptions.o
 .debug_info    0x0001c8bb      0x91b build/default/production/_ext/60165520/plib_clk.o
 .debug_info    0x0001d1d6      0xccd build/default/production/_ext/60177924/plib_pio.o
 .debug_info    0x0001dea3      0xf2c build/default/production/_ext/1865468468/plib_nvic.o
 .debug_info    0x0001edcf      0x8ac build/default/production/_ext/60175264/plib_mpu.o
 .debug_info    0x0001f67b     0x4d09 build/default/production/_ext/1171490990/startup.o
 .debug_info    0x00024384      0xbf5 build/default/production/_ext/1881668453/sys_int.o
 .debug_info    0x00024f79     0x85c7 build/default/production/_ext/444070925/drv_ethphy.o
 .debug_info    0x0002d540     0x31d3 build/default/production/_ext/444070925/drv_extphy_smsc8740.o
 .debug_info    0x00030713     0x5924 build/default/production/_ext/438849557/drv_miim.o
 .debug_info    0x00036037     0xa621 build/default/production/_ext/1546807373/drv_gmac.o
 .debug_info    0x00040658     0x8c1b build/default/production/_ext/1546807373/drv_gmac_lib.o
 .debug_info    0x00049273     0x2ba7 build/default/production/_ext/101884895/sys_time.o
 .debug_info    0x0004be1a      0xf07 build/default/production/_ext/829342655/plib_tc0.o
 .debug_info    0x0004cd21     0x853a build/default/production/_ext/1033058136/arp.o
 .debug_info    0x0005525b     0xad38 build/default/production/_ext/1033058136/dhcp.o
 .debug_info    0x0005ff93     0x9163 build/default/production/_ext/1033058136/dns.o
 .debug_info    0x000690f6     0x7dde build/default/production/_ext/1033058136/ipv4.o
 .debug_info    0x00070ed4     0x54b9 build/default/production/_ext/1033058136/icmp.o
 .debug_info    0x0007638d     0x452c build/default/production/_ext/1033058136/tcpip_heap_alloc.o
 .debug_info    0x0007a8b9     0x5430 build/default/production/_ext/1033058136/tcpip_heap_internal.o
 .debug_info    0x0007fce9     0x1103 build/default/production/_ext/1033058136/helpers.o
 .debug_info    0x00080dec      0xf20 build/default/production/_ext/1033058136/hash_fnv.o
 .debug_info    0x00081d0c     0x159a build/default/production/_ext/1033058136/oahash.o
 .debug_info    0x000832a6     0x81c6 build/default/production/_ext/1033058136/tcpip_helpers.o
 .debug_info    0x0008b46c     0xc9fb build/default/production/_ext/1033058136/tcpip_manager.o
 .debug_info    0x00097e67     0x437b build/default/production/_ext/1033058136/tcpip_notify.o
 .debug_info    0x0009c1e2     0x5398 build/default/production/_ext/1033058136/tcpip_packet.o
 .debug_info    0x000a157a      0x505 build/default/production/_ext/753841488/sys_time_h2_adapter.o
 .debug_info    0x000a1a7f     0xa757 build/default/production/_ext/1033058136/udp.o
 .debug_info    0x000ac1d6      0x29f d:/00_program_installation/microchip/xc32/v2.10/bin/bin/../../lib/gcc/pic32c/6.2.1/../../../../pic32c/lib/v7e-m/fpv5/hard\libpic32c.a(data_init.o)
 .debug_info    0x000ac475      0x10f d:/00_program_installation/microchip/xc32/v2.10/bin/bin/../../lib/gcc/pic32c/6.2.1/v7e-m/fpv5/hard\libgcc.a(_aeabi_uldivmod.o)
 .debug_info    0x000ac584     0x2288 d:/00_program_installation/microchip/xc32/v2.10/bin/bin/../../lib/gcc/pic32c/6.2.1/v7e-m/fpv5/hard\libgcc.a(_udivmoddi4.o)
 .debug_info    0x000ae80c      0x113 d:/00_program_installation/microchip/xc32/v2.10/bin/bin/../../lib/gcc/pic32c/6.2.1/v7e-m/fpv5/hard\libgcc.a(_dvmd_tls.o)
 .debug_info    0x000ae91f      0xe42 d:/00_program_installation/microchip/xc32/v2.10/bin/bin/../../lib/gcc/pic32c/6.2.1/../../../../pic32c/lib/v7e-m/fpv5/hard\libc.a(lib_a-calloc.o)
 .debug_info    0x000af761     0x1248 d:/00_program_installation/microchip/xc32/v2.10/bin/bin/../../lib/gcc/pic32c/6.2.1/../../../../pic32c/lib/v7e-m/fpv5/hard\libc.a(lib_a-callocr.o)
 .debug_info    0x000b09a9      0xdde d:/00_program_installation/microchip/xc32/v2.10/bin/bin/../../lib/gcc/pic32c/6.2.1/../../../../pic32c/lib/v7e-m/fpv5/hard\libc.a(lib_a-impure.o)
 .debug_info    0x000b1787      0x40a d:/00_program_installation/microchip/xc32/v2.10/bin/bin/../../lib/gcc/pic32c/6.2.1/../../../../pic32c/lib/v7e-m/fpv5/hard\libc.a(lib_a-init.o)
 .debug_info    0x000b1b91     0x1884 d:/00_program_installation/microchip/xc32/v2.10/bin/bin/../../lib/gcc/pic32c/6.2.1/../../../../pic32c/lib/v7e-m/fpv5/hard\libc.a(lib_a-locale.o)
 .debug_info    0x000b3415      0xe81 d:/00_program_installation/microchip/xc32/v2.10/bin/bin/../../lib/gcc/pic32c/6.2.1/../../../../pic32c/lib/v7e-m/fpv5/hard\libc.a(lib_a-malloc.o)
 .debug_info    0x000b4296     0x155d d:/00_program_installation/microchip/xc32/v2.10/bin/bin/../../lib/gcc/pic32c/6.2.1/../../../../pic32c/lib/v7e-m/fpv5/hard\libc.a(lib_a-mallocr.o)
 .debug_info    0x000b57f3     0x176c d:/00_program_installation/microchip/xc32/v2.10/bin/bin/../../lib/gcc/pic32c/6.2.1/../../../../pic32c/lib/v7e-m/fpv5/hard\libc.a(lib_a-mbtowc_r.o)
 .debug_info    0x000b6f5f      0xe5a d:/00_program_installation/microchip/xc32/v2.10/bin/bin/../../lib/gcc/pic32c/6.2.1/../../../../pic32c/lib/v7e-m/fpv5/hard\libc.a(lib_a-memcmp.o)
 .debug_info    0x000b7db9      0x129 d:/00_program_installation/microchip/xc32/v2.10/bin/bin/../../lib/gcc/pic32c/6.2.1/../../../../pic32c/lib/v7e-m/fpv5/hard\libc.a(lib_a-memcpy.o)
 .debug_info    0x000b7ee2     0x15e9 d:/00_program_installation/microchip/xc32/v2.10/bin/bin/../../lib/gcc/pic32c/6.2.1/../../../../pic32c/lib/v7e-m/fpv5/hard\libc.a(lib_a-memset.o)
 .debug_info    0x000b94cb      0xe38 d:/00_program_installation/microchip/xc32/v2.10/bin/bin/../../lib/gcc/pic32c/6.2.1/../../../../pic32c/lib/v7e-m/fpv5/hard\libc.a(lib_a-mlock.o)
 .debug_info    0x000ba303      0xe33 d:/00_program_installation/microchip/xc32/v2.10/bin/bin/../../lib/gcc/pic32c/6.2.1/../../../../pic32c/lib/v7e-m/fpv5/hard\libc.a(lib_a-rand.o)
 .debug_info    0x000bb136      0xece d:/00_program_installation/microchip/xc32/v2.10/bin/bin/../../lib/gcc/pic32c/6.2.1/../../../../pic32c/lib/v7e-m/fpv5/hard\libc.a(lib_a-sbrkr.o)
 .debug_info    0x000bc004      0x128 d:/00_program_installation/microchip/xc32/v2.10/bin/bin/../../lib/gcc/pic32c/6.2.1/../../../../pic32c/lib/v7e-m/fpv5/hard\libc.a(lib_a-strcmp.o)
 .debug_info    0x000bc12c      0x128 d:/00_program_installation/microchip/xc32/v2.10/bin/bin/../../lib/gcc/pic32c/6.2.1/../../../../pic32c/lib/v7e-m/fpv5/hard\libc.a(lib_a-strlen.o)
 .debug_info    0x000bc254      0xe7a d:/00_program_installation/microchip/xc32/v2.10/bin/bin/../../lib/gcc/pic32c/6.2.1/../../../../pic32c/lib/v7e-m/fpv5/hard\libc.a(lib_a-strncpy.o)
 .debug_info    0x000bd0ce     0x1737 d:/00_program_installation/microchip/xc32/v2.10/bin/bin/../../lib/gcc/pic32c/6.2.1/../../../../pic32c/lib/v7e-m/fpv5/hard\libc.a(lib_a-wctomb_r.o)
 .debug_info    0x000be805      0xf36 d:/00_program_installation/microchip/xc32/v2.10/bin/bin/../../lib/gcc/pic32c/6.2.1/../../../../pic32c/lib/v7e-m/fpv5/hard\libc.a(snprintf.cdnopsuxX.o)
 .debug_info    0x000bf73b     0x2137 d:/00_program_installation/microchip/xc32/v2.10/bin/bin/../../lib/gcc/pic32c/6.2.1/../../../../pic32c/lib/v7e-m/fpv5/hard\libc.a(vfprintf.cdnopsuxX.o)
 .debug_info    0x000c1872      0xf75 d:/00_program_installation/microchip/xc32/v2.10/bin/bin/../../lib/gcc/pic32c/6.2.1/../../../../pic32c/lib/v7e-m/fpv5/hard\libc.a(vsnprintf.cdnopsuxX.o)
 .debug_info    0x000c27e7      0xf5a d:/00_program_installation/microchip/xc32/v2.10/bin/bin/../../lib/gcc/pic32c/6.2.1/../../../../pic32c/lib/v7e-m/fpv5/hard\libc.a(lib_a-__call_atexit.o)
 .debug_info    0x000c3741      0xe6f d:/00_program_installation/microchip/xc32/v2.10/bin/bin/../../lib/gcc/pic32c/6.2.1/../../../../pic32c/lib/v7e-m/fpv5/hard\libc.a(lib_a-atexit.o)
 .debug_info    0x000c45b0     0x1569 d:/00_program_installation/microchip/xc32/v2.10/bin/bin/../../lib/gcc/pic32c/6.2.1/../../../../pic32c/lib/v7e-m/fpv5/hard\libc.a(lib_a-ctype_.o)
 .debug_info    0x000c5b19     0x1342 d:/00_program_installation/microchip/xc32/v2.10/bin/bin/../../lib/gcc/pic32c/6.2.1/../../../../pic32c/lib/v7e-m/fpv5/hard\libc.a(lib_a-fflush.o)
 .debug_info    0x000c6e5b     0x170a d:/00_program_installation/microchip/xc32/v2.10/bin/bin/../../lib/gcc/pic32c/6.2.1/../../../../pic32c/lib/v7e-m/fpv5/hard\libc.a(lib_a-findfp.o)
 .debug_info    0x000c8565      0x3cf d:/00_program_installation/microchip/xc32/v2.10/bin/bin/../../lib/gcc/pic32c/6.2.1/../../../../pic32c/lib/v7e-m/fpv5/hard\libc.a(lib_a-fini.o)
 .debug_info    0x000c8934     0x13bc d:/00_program_installation/microchip/xc32/v2.10/bin/bin/../../lib/gcc/pic32c/6.2.1/../../../../pic32c/lib/v7e-m/fpv5/hard\libc.a(lib_a-freer.o)
 .debug_info    0x000c9cf0     0x1255 d:/00_program_installation/microchip/xc32/v2.10/bin/bin/../../lib/gcc/pic32c/6.2.1/../../../../pic32c/lib/v7e-m/fpv5/hard\libc.a(lib_a-fwalk.o)
 .debug_info    0x000caf45      0x122 d:/00_program_installation/microchip/xc32/v2.10/bin/bin/../../lib/gcc/pic32c/6.2.1/../../../../pic32c/lib/v7e-m/fpv5/hard\libc.a(lib_a-memchr.o)
 .debug_info    0x000cb067      0xf8a d:/00_program_installation/microchip/xc32/v2.10/bin/bin/../../lib/gcc/pic32c/6.2.1/../../../../pic32c/lib/v7e-m/fpv5/hard\libc.a(lib_a-reent.o)
 .debug_info    0x000cbff1     0x140c d:/00_program_installation/microchip/xc32/v2.10/bin/bin/../../lib/gcc/pic32c/6.2.1/../../../../pic32c/lib/v7e-m/fpv5/hard\libc.a(lib_a-stdio.o)
 .debug_info    0x000cd3fd     0x2682 d:/00_program_installation/microchip/xc32/v2.10/bin/bin/../../lib/gcc/pic32c/6.2.1/../../../../pic32c/lib/v7e-m/fpv5/hard\libc.a(lib_a-vfiprintf.o)
 .debug_info    0x000cfa7f      0xf05 d:/00_program_installation/microchip/xc32/v2.10/bin/bin/../../lib/gcc/pic32c/6.2.1/../../../../pic32c/lib/v7e-m/fpv5/hard\libc.a(lib_a-writer.o)
 .debug_info    0x000d0984     0x11d7 d:/00_program_installation/microchip/xc32/v2.10/bin/bin/../../lib/gcc/pic32c/6.2.1/../../../../pic32c/lib/v7e-m/fpv5/hard\libc.a(lib_a-wsetup.o)
 .debug_info    0x000d1b5b      0xedb d:/00_program_installation/microchip/xc32/v2.10/bin/bin/../../lib/gcc/pic32c/6.2.1/../../../../pic32c/lib/v7e-m/fpv5/hard\libc.a(lib_a-__atexit.o)
 .debug_info    0x000d2a36      0xeb5 d:/00_program_installation/microchip/xc32/v2.10/bin/bin/../../lib/gcc/pic32c/6.2.1/../../../../pic32c/lib/v7e-m/fpv5/hard\libc.a(lib_a-closer.o)
 .debug_info    0x000d38eb     0x1291 d:/00_program_installation/microchip/xc32/v2.10/bin/bin/../../lib/gcc/pic32c/6.2.1/../../../../pic32c/lib/v7e-m/fpv5/hard\libc.a(lib_a-fclose.o)
 .debug_info    0x000d4b7c     0x13fc d:/00_program_installation/microchip/xc32/v2.10/bin/bin/../../lib/gcc/pic32c/6.2.1/../../../../pic32c/lib/v7e-m/fpv5/hard\libc.a(lib_a-fputwc.o)
 .debug_info    0x000d5f78     0x14ef d:/00_program_installation/microchip/xc32/v2.10/bin/bin/../../lib/gcc/pic32c/6.2.1/../../../../pic32c/lib/v7e-m/fpv5/hard\libc.a(lib_a-fvwrite.o)
 .debug_info    0x000d7467      0xee6 d:/00_program_installation/microchip/xc32/v2.10/bin/bin/../../lib/gcc/pic32c/6.2.1/../../../../pic32c/lib/v7e-m/fpv5/hard\libc.a(lib_a-lseekr.o)
 .debug_info    0x000d834d     0x15a4 d:/00_program_installation/microchip/xc32/v2.10/bin/bin/../../lib/gcc/pic32c/6.2.1/../../../../pic32c/lib/v7e-m/fpv5/hard\libc.a(lib_a-makebuf.o)
 .debug_info    0x000d98f1     0x160b d:/00_program_installation/microchip/xc32/v2.10/bin/bin/../../lib/gcc/pic32c/6.2.1/../../../../pic32c/lib/v7e-m/fpv5/hard\libc.a(lib_a-memmove.o)
 .debug_info    0x000daefc      0xefd d:/00_program_installation/microchip/xc32/v2.10/bin/bin/../../lib/gcc/pic32c/6.2.1/../../../../pic32c/lib/v7e-m/fpv5/hard\libc.a(lib_a-readr.o)
 .debug_info    0x000dbdf9     0x14db d:/00_program_installation/microchip/xc32/v2.10/bin/bin/../../lib/gcc/pic32c/6.2.1/../../../../pic32c/lib/v7e-m/fpv5/hard\libc.a(lib_a-reallocr.o)
 .debug_info    0x000dd2d4     0x125c d:/00_program_installation/microchip/xc32/v2.10/bin/bin/../../lib/gcc/pic32c/6.2.1/../../../../pic32c/lib/v7e-m/fpv5/hard\libc.a(lib_a-wbuf.o)
 .debug_info    0x000de530     0x17ed d:/00_program_installation/microchip/xc32/v2.10/bin/bin/../../lib/gcc/pic32c/6.2.1/../../../../pic32c/lib/v7e-m/fpv5/hard\libc.a(lib_a-wcrtomb.o)
 .debug_info    0x000dfd1d     0x11aa d:/00_program_installation/microchip/xc32/v2.10/bin/bin/../../lib/gcc/pic32c/6.2.1/../../../../pic32c/lib/v7e-m/fpv5/hard\libc.a(lib_a-fstatr.o)
 .debug_info    0x000e0ec7      0xeba d:/00_program_installation/microchip/xc32/v2.10/bin/bin/../../lib/gcc/pic32c/6.2.1/../../../../pic32c/lib/v7e-m/fpv5/hard\libc.a(lib_a-isattyr.o)
 .debug_info    0x000e1d81      0x294 d:/00_program_installation/microchip/xc32/v2.10/bin/bin/../../lib/gcc/pic32c/6.2.1/../../../../pic32c/lib/v7e-m/fpv5/hard\libpic32c.a(close.o)
 .debug_info    0x000e2015      0x284 d:/00_program_installation/microchip/xc32/v2.10/bin/bin/../../lib/gcc/pic32c/6.2.1/../../../../pic32c/lib/v7e-m/fpv5/hard\libpic32c.a(fstat.o)
 .debug_info    0x000e2299      0x286 d:/00_program_installation/microchip/xc32/v2.10/bin/bin/../../lib/gcc/pic32c/6.2.1/../../../../pic32c/lib/v7e-m/fpv5/hard\libpic32c.a(isatty.o)
 .debug_info    0x000e251f      0x284 d:/00_program_installation/microchip/xc32/v2.10/bin/bin/../../lib/gcc/pic32c/6.2.1/../../../../pic32c/lib/v7e-m/fpv5/hard\libpic32c.a(lseek.o)
 .debug_info    0x000e27a3      0x283 d:/00_program_installation/microchip/xc32/v2.10/bin/bin/../../lib/gcc/pic32c/6.2.1/../../../../pic32c/lib/v7e-m/fpv5/hard\libpic32c.a(read.o)
 .debug_info    0x000e2a26      0x282 d:/00_program_installation/microchip/xc32/v2.10/bin/bin/../../lib/gcc/pic32c/6.2.1/../../../../pic32c/lib/v7e-m/fpv5/hard\libpic32c.a(sbrk.o)
 .debug_info    0x000e2ca8      0x285 d:/00_program_installation/microchip/xc32/v2.10/bin/bin/../../lib/gcc/pic32c/6.2.1/../../../../pic32c/lib/v7e-m/fpv5/hard\libpic32c.a(write.o)
 .debug_info    0x000e2f2d      0x28b d:/00_program_installation/microchip/xc32/v2.10/bin/bin/../../lib/gcc/pic32c/6.2.1/../../../../pic32c/lib/v7e-m/fpv5/hard\libpic32c.a(_mon_getc.o)
 .debug_info    0x000e31b8      0x28b d:/00_program_installation/microchip/xc32/v2.10/bin/bin/../../lib/gcc/pic32c/6.2.1/../../../../pic32c/lib/v7e-m/fpv5/hard\libpic32c.a(_mon_putc.o)

.debug_abbrev   0x00000000     0xe20a
 .debug_abbrev  0x00000000      0x270 build/default/production/_ext/1360937237/main.o
 .debug_abbrev  0x00000270      0x34a build/default/production/_ext/1360937237/app.o
 .debug_abbrev  0x000005ba      0x33e build/default/production/_ext/1171490990/initialization.o
 .debug_abbrev  0x000008f8      0x276 build/default/production/_ext/1171490990/tasks.o
 .debug_abbrev  0x00000b6e      0x247 build/default/production/_ext/1171490990/interrupts.o
 .debug_abbrev  0x00000db5      0x236 build/default/production/_ext/1171490990/exceptions.o
 .debug_abbrev  0x00000feb       0xfa build/default/production/_ext/60165520/plib_clk.o
 .debug_abbrev  0x000010e5      0x144 build/default/production/_ext/60177924/plib_pio.o
 .debug_abbrev  0x00001229      0x179 build/default/production/_ext/1865468468/plib_nvic.o
 .debug_abbrev  0x000013a2       0xcd build/default/production/_ext/60175264/plib_mpu.o
 .debug_abbrev  0x0000146f      0x366 build/default/production/_ext/1171490990/startup.o
 .debug_abbrev  0x000017d5      0x1f1 build/default/production/_ext/1881668453/sys_int.o
 .debug_abbrev  0x000019c6      0x587 build/default/production/_ext/444070925/drv_ethphy.o
 .debug_abbrev  0x00001f4d      0x2d7 build/default/production/_ext/444070925/drv_extphy_smsc8740.o
 .debug_abbrev  0x00002224      0x69a build/default/production/_ext/438849557/drv_miim.o
 .debug_abbrev  0x000028be      0x624 build/default/production/_ext/1546807373/drv_gmac.o
 .debug_abbrev  0x00002ee2      0x542 build/default/production/_ext/1546807373/drv_gmac_lib.o
 .debug_abbrev  0x00003424      0x50d build/default/production/_ext/101884895/sys_time.o
 .debug_abbrev  0x00003931      0x228 build/default/production/_ext/829342655/plib_tc0.o
 .debug_abbrev  0x00003b59      0x543 build/default/production/_ext/1033058136/arp.o
 .debug_abbrev  0x0000409c      0x5b0 build/default/production/_ext/1033058136/dhcp.o
 .debug_abbrev  0x0000464c      0x5e4 build/default/production/_ext/1033058136/dns.o
 .debug_abbrev  0x00004c30      0x530 build/default/production/_ext/1033058136/ipv4.o
 .debug_abbrev  0x00005160      0x415 build/default/production/_ext/1033058136/icmp.o
 .debug_abbrev  0x00005575      0x299 build/default/production/_ext/1033058136/tcpip_heap_alloc.o
 .debug_abbrev  0x0000580e      0x48f build/default/production/_ext/1033058136/tcpip_heap_internal.o
 .debug_abbrev  0x00005c9d      0x243 build/default/production/_ext/1033058136/helpers.o
 .debug_abbrev  0x00005ee0      0x1d0 build/default/production/_ext/1033058136/hash_fnv.o
 .debug_abbrev  0x000060b0      0x34c build/default/production/_ext/1033058136/oahash.o
 .debug_abbrev  0x000063fc      0x580 build/default/production/_ext/1033058136/tcpip_helpers.o
 .debug_abbrev  0x0000697c      0x67e build/default/production/_ext/1033058136/tcpip_manager.o
 .debug_abbrev  0x00006ffa      0x2eb build/default/production/_ext/1033058136/tcpip_notify.o
 .debug_abbrev  0x000072e5      0x47d build/default/production/_ext/1033058136/tcpip_packet.o
 .debug_abbrev  0x00007762      0x128 build/default/production/_ext/753841488/sys_time_h2_adapter.o
 .debug_abbrev  0x0000788a      0x5dc build/default/production/_ext/1033058136/udp.o
 .debug_abbrev  0x00007e66       0x2a d:/00_program_installation/microchip/xc32/v2.10/bin/bin/../../lib/gcc/pic32c/6.2.1/../../../../pic32c/lib/v7e-m/fpv5/hard\libpic32c.a(data_init.o)
 .debug_abbrev  0x00007e90       0x14 d:/00_program_installation/microchip/xc32/v2.10/bin/bin/../../lib/gcc/pic32c/6.2.1/v7e-m/fpv5/hard\libgcc.a(_aeabi_uldivmod.o)
 .debug_abbrev  0x00007ea4      0x201 d:/00_program_installation/microchip/xc32/v2.10/bin/bin/../../lib/gcc/pic32c/6.2.1/v7e-m/fpv5/hard\libgcc.a(_udivmoddi4.o)
 .debug_abbrev  0x000080a5       0x14 d:/00_program_installation/microchip/xc32/v2.10/bin/bin/../../lib/gcc/pic32c/6.2.1/v7e-m/fpv5/hard\libgcc.a(_dvmd_tls.o)
 .debug_abbrev  0x000080b9      0x1cc d:/00_program_installation/microchip/xc32/v2.10/bin/bin/../../lib/gcc/pic32c/6.2.1/../../../../pic32c/lib/v7e-m/fpv5/hard\libc.a(lib_a-calloc.o)
 .debug_abbrev  0x00008285      0x203 d:/00_program_installation/microchip/xc32/v2.10/bin/bin/../../lib/gcc/pic32c/6.2.1/../../../../pic32c/lib/v7e-m/fpv5/hard\libc.a(lib_a-callocr.o)
 .debug_abbrev  0x00008488      0x176 d:/00_program_installation/microchip/xc32/v2.10/bin/bin/../../lib/gcc/pic32c/6.2.1/../../../../pic32c/lib/v7e-m/fpv5/hard\libc.a(lib_a-impure.o)
 .debug_abbrev  0x000085fe       0xa3 d:/00_program_installation/microchip/xc32/v2.10/bin/bin/../../lib/gcc/pic32c/6.2.1/../../../../pic32c/lib/v7e-m/fpv5/hard\libc.a(lib_a-init.o)
 .debug_abbrev  0x000086a1      0x299 d:/00_program_installation/microchip/xc32/v2.10/bin/bin/../../lib/gcc/pic32c/6.2.1/../../../../pic32c/lib/v7e-m/fpv5/hard\libc.a(lib_a-locale.o)
 .debug_abbrev  0x0000893a      0x1f8 d:/00_program_installation/microchip/xc32/v2.10/bin/bin/../../lib/gcc/pic32c/6.2.1/../../../../pic32c/lib/v7e-m/fpv5/hard\libc.a(lib_a-malloc.o)
 .debug_abbrev  0x00008b32      0x2ad d:/00_program_installation/microchip/xc32/v2.10/bin/bin/../../lib/gcc/pic32c/6.2.1/../../../../pic32c/lib/v7e-m/fpv5/hard\libc.a(lib_a-mallocr.o)
 .debug_abbrev  0x00008ddf      0x203 d:/00_program_installation/microchip/xc32/v2.10/bin/bin/../../lib/gcc/pic32c/6.2.1/../../../../pic32c/lib/v7e-m/fpv5/hard\libc.a(lib_a-mbtowc_r.o)
 .debug_abbrev  0x00008fe2      0x1a3 d:/00_program_installation/microchip/xc32/v2.10/bin/bin/../../lib/gcc/pic32c/6.2.1/../../../../pic32c/lib/v7e-m/fpv5/hard\libc.a(lib_a-memcmp.o)
 .debug_abbrev  0x00009185       0x14 d:/00_program_installation/microchip/xc32/v2.10/bin/bin/../../lib/gcc/pic32c/6.2.1/../../../../pic32c/lib/v7e-m/fpv5/hard\libc.a(lib_a-memcpy.o)
 .debug_abbrev  0x00009199      0x1b7 d:/00_program_installation/microchip/xc32/v2.10/bin/bin/../../lib/gcc/pic32c/6.2.1/../../../../pic32c/lib/v7e-m/fpv5/hard\libc.a(lib_a-memset.o)
 .debug_abbrev  0x00009350      0x1b9 d:/00_program_installation/microchip/xc32/v2.10/bin/bin/../../lib/gcc/pic32c/6.2.1/../../../../pic32c/lib/v7e-m/fpv5/hard\libc.a(lib_a-mlock.o)
 .debug_abbrev  0x00009509      0x1d6 d:/00_program_installation/microchip/xc32/v2.10/bin/bin/../../lib/gcc/pic32c/6.2.1/../../../../pic32c/lib/v7e-m/fpv5/hard\libc.a(lib_a-rand.o)
 .debug_abbrev  0x000096df      0x1ed d:/00_program_installation/microchip/xc32/v2.10/bin/bin/../../lib/gcc/pic32c/6.2.1/../../../../pic32c/lib/v7e-m/fpv5/hard\libc.a(lib_a-sbrkr.o)
 .debug_abbrev  0x000098cc       0x14 d:/00_program_installation/microchip/xc32/v2.10/bin/bin/../../lib/gcc/pic32c/6.2.1/../../../../pic32c/lib/v7e-m/fpv5/hard\libc.a(lib_a-strcmp.o)
 .debug_abbrev  0x000098e0       0x14 d:/00_program_installation/microchip/xc32/v2.10/bin/bin/../../lib/gcc/pic32c/6.2.1/../../../../pic32c/lib/v7e-m/fpv5/hard\libc.a(lib_a-strlen.o)
 .debug_abbrev  0x000098f4      0x1ad d:/00_program_installation/microchip/xc32/v2.10/bin/bin/../../lib/gcc/pic32c/6.2.1/../../../../pic32c/lib/v7e-m/fpv5/hard\libc.a(lib_a-strncpy.o)
 .debug_abbrev  0x00009aa1      0x21f d:/00_program_installation/microchip/xc32/v2.10/bin/bin/../../lib/gcc/pic32c/6.2.1/../../../../pic32c/lib/v7e-m/fpv5/hard\libc.a(lib_a-wctomb_r.o)
 .debug_abbrev  0x00009cc0      0x1ea d:/00_program_installation/microchip/xc32/v2.10/bin/bin/../../lib/gcc/pic32c/6.2.1/../../../../pic32c/lib/v7e-m/fpv5/hard\libc.a(snprintf.cdnopsuxX.o)
 .debug_abbrev  0x00009eaa      0x2ef d:/00_program_installation/microchip/xc32/v2.10/bin/bin/../../lib/gcc/pic32c/6.2.1/../../../../pic32c/lib/v7e-m/fpv5/hard\libc.a(vfprintf.cdnopsuxX.o)
 .debug_abbrev  0x0000a199      0x203 d:/00_program_installation/microchip/xc32/v2.10/bin/bin/../../lib/gcc/pic32c/6.2.1/../../../../pic32c/lib/v7e-m/fpv5/hard\libc.a(vsnprintf.cdnopsuxX.o)
 .debug_abbrev  0x0000a39c      0x242 d:/00_program_installation/microchip/xc32/v2.10/bin/bin/../../lib/gcc/pic32c/6.2.1/../../../../pic32c/lib/v7e-m/fpv5/hard\libc.a(lib_a-__call_atexit.o)
 .debug_abbrev  0x0000a5de      0x1e6 d:/00_program_installation/microchip/xc32/v2.10/bin/bin/../../lib/gcc/pic32c/6.2.1/../../../../pic32c/lib/v7e-m/fpv5/hard\libc.a(lib_a-atexit.o)
 .debug_abbrev  0x0000a7c4      0x176 d:/00_program_installation/microchip/xc32/v2.10/bin/bin/../../lib/gcc/pic32c/6.2.1/../../../../pic32c/lib/v7e-m/fpv5/hard\libc.a(lib_a-ctype_.o)
 .debug_abbrev  0x0000a93a      0x2d2 d:/00_program_installation/microchip/xc32/v2.10/bin/bin/../../lib/gcc/pic32c/6.2.1/../../../../pic32c/lib/v7e-m/fpv5/hard\libc.a(lib_a-fflush.o)
 .debug_abbrev  0x0000ac0c      0x3a1 d:/00_program_installation/microchip/xc32/v2.10/bin/bin/../../lib/gcc/pic32c/6.2.1/../../../../pic32c/lib/v7e-m/fpv5/hard\libc.a(lib_a-findfp.o)
 .debug_abbrev  0x0000afad       0xa6 d:/00_program_installation/microchip/xc32/v2.10/bin/bin/../../lib/gcc/pic32c/6.2.1/../../../../pic32c/lib/v7e-m/fpv5/hard\libc.a(lib_a-fini.o)
 .debug_abbrev  0x0000b053      0x24f d:/00_program_installation/microchip/xc32/v2.10/bin/bin/../../lib/gcc/pic32c/6.2.1/../../../../pic32c/lib/v7e-m/fpv5/hard\libc.a(lib_a-freer.o)
 .debug_abbrev  0x0000b2a2      0x1e3 d:/00_program_installation/microchip/xc32/v2.10/bin/bin/../../lib/gcc/pic32c/6.2.1/../../../../pic32c/lib/v7e-m/fpv5/hard\libc.a(lib_a-fwalk.o)
 .debug_abbrev  0x0000b485       0x14 d:/00_program_installation/microchip/xc32/v2.10/bin/bin/../../lib/gcc/pic32c/6.2.1/../../../../pic32c/lib/v7e-m/fpv5/hard\libc.a(lib_a-memchr.o)
 .debug_abbrev  0x0000b499      0x23f d:/00_program_installation/microchip/xc32/v2.10/bin/bin/../../lib/gcc/pic32c/6.2.1/../../../../pic32c/lib/v7e-m/fpv5/hard\libc.a(lib_a-reent.o)
 .debug_abbrev  0x0000b6d8      0x284 d:/00_program_installation/microchip/xc32/v2.10/bin/bin/../../lib/gcc/pic32c/6.2.1/../../../../pic32c/lib/v7e-m/fpv5/hard\libc.a(lib_a-stdio.o)
 .debug_abbrev  0x0000b95c      0x3a2 d:/00_program_installation/microchip/xc32/v2.10/bin/bin/../../lib/gcc/pic32c/6.2.1/../../../../pic32c/lib/v7e-m/fpv5/hard\libc.a(lib_a-vfiprintf.o)
 .debug_abbrev  0x0000bcfe      0x1fc d:/00_program_installation/microchip/xc32/v2.10/bin/bin/../../lib/gcc/pic32c/6.2.1/../../../../pic32c/lib/v7e-m/fpv5/hard\libc.a(lib_a-writer.o)
 .debug_abbrev  0x0000befa      0x23c d:/00_program_installation/microchip/xc32/v2.10/bin/bin/../../lib/gcc/pic32c/6.2.1/../../../../pic32c/lib/v7e-m/fpv5/hard\libc.a(lib_a-wsetup.o)
 .debug_abbrev  0x0000c136      0x1f2 d:/00_program_installation/microchip/xc32/v2.10/bin/bin/../../lib/gcc/pic32c/6.2.1/../../../../pic32c/lib/v7e-m/fpv5/hard\libc.a(lib_a-__atexit.o)
 .debug_abbrev  0x0000c328      0x1f7 d:/00_program_installation/microchip/xc32/v2.10/bin/bin/../../lib/gcc/pic32c/6.2.1/../../../../pic32c/lib/v7e-m/fpv5/hard\libc.a(lib_a-closer.o)
 .debug_abbrev  0x0000c51f      0x2b9 d:/00_program_installation/microchip/xc32/v2.10/bin/bin/../../lib/gcc/pic32c/6.2.1/../../../../pic32c/lib/v7e-m/fpv5/hard\libc.a(lib_a-fclose.o)
 .debug_abbrev  0x0000c7d8      0x309 d:/00_program_installation/microchip/xc32/v2.10/bin/bin/../../lib/gcc/pic32c/6.2.1/../../../../pic32c/lib/v7e-m/fpv5/hard\libc.a(lib_a-fputwc.o)
 .debug_abbrev  0x0000cae1      0x263 d:/00_program_installation/microchip/xc32/v2.10/bin/bin/../../lib/gcc/pic32c/6.2.1/../../../../pic32c/lib/v7e-m/fpv5/hard\libc.a(lib_a-fvwrite.o)
 .debug_abbrev  0x0000cd44      0x1f7 d:/00_program_installation/microchip/xc32/v2.10/bin/bin/../../lib/gcc/pic32c/6.2.1/../../../../pic32c/lib/v7e-m/fpv5/hard\libc.a(lib_a-lseekr.o)
 .debug_abbrev  0x0000cf3b      0x2b6 d:/00_program_installation/microchip/xc32/v2.10/bin/bin/../../lib/gcc/pic32c/6.2.1/../../../../pic32c/lib/v7e-m/fpv5/hard\libc.a(lib_a-makebuf.o)
 .debug_abbrev  0x0000d1f1      0x1bc d:/00_program_installation/microchip/xc32/v2.10/bin/bin/../../lib/gcc/pic32c/6.2.1/../../../../pic32c/lib/v7e-m/fpv5/hard\libc.a(lib_a-memmove.o)
 .debug_abbrev  0x0000d3ad      0x1f7 d:/00_program_installation/microchip/xc32/v2.10/bin/bin/../../lib/gcc/pic32c/6.2.1/../../../../pic32c/lib/v7e-m/fpv5/hard\libc.a(lib_a-readr.o)
 .debug_abbrev  0x0000d5a4      0x262 d:/00_program_installation/microchip/xc32/v2.10/bin/bin/../../lib/gcc/pic32c/6.2.1/../../../../pic32c/lib/v7e-m/fpv5/hard\libc.a(lib_a-reallocr.o)
 .debug_abbrev  0x0000d806      0x266 d:/00_program_installation/microchip/xc32/v2.10/bin/bin/../../lib/gcc/pic32c/6.2.1/../../../../pic32c/lib/v7e-m/fpv5/hard\libc.a(lib_a-wbuf.o)
 .debug_abbrev  0x0000da6c      0x220 d:/00_program_installation/microchip/xc32/v2.10/bin/bin/../../lib/gcc/pic32c/6.2.1/../../../../pic32c/lib/v7e-m/fpv5/hard\libc.a(lib_a-wcrtomb.o)
 .debug_abbrev  0x0000dc8c      0x1f7 d:/00_program_installation/microchip/xc32/v2.10/bin/bin/../../lib/gcc/pic32c/6.2.1/../../../../pic32c/lib/v7e-m/fpv5/hard\libc.a(lib_a-fstatr.o)
 .debug_abbrev  0x0000de83      0x1f7 d:/00_program_installation/microchip/xc32/v2.10/bin/bin/../../lib/gcc/pic32c/6.2.1/../../../../pic32c/lib/v7e-m/fpv5/hard\libc.a(lib_a-isattyr.o)
 .debug_abbrev  0x0000e07a       0x40 d:/00_program_installation/microchip/xc32/v2.10/bin/bin/../../lib/gcc/pic32c/6.2.1/../../../../pic32c/lib/v7e-m/fpv5/hard\libpic32c.a(close.o)
 .debug_abbrev  0x0000e0ba       0x2a d:/00_program_installation/microchip/xc32/v2.10/bin/bin/../../lib/gcc/pic32c/6.2.1/../../../../pic32c/lib/v7e-m/fpv5/hard\libpic32c.a(fstat.o)
 .debug_abbrev  0x0000e0e4       0x2a d:/00_program_installation/microchip/xc32/v2.10/bin/bin/../../lib/gcc/pic32c/6.2.1/../../../../pic32c/lib/v7e-m/fpv5/hard\libpic32c.a(isatty.o)
 .debug_abbrev  0x0000e10e       0x2a d:/00_program_installation/microchip/xc32/v2.10/bin/bin/../../lib/gcc/pic32c/6.2.1/../../../../pic32c/lib/v7e-m/fpv5/hard\libpic32c.a(lseek.o)
 .debug_abbrev  0x0000e138       0x2a d:/00_program_installation/microchip/xc32/v2.10/bin/bin/../../lib/gcc/pic32c/6.2.1/../../../../pic32c/lib/v7e-m/fpv5/hard\libpic32c.a(read.o)
 .debug_abbrev  0x0000e162       0x2a d:/00_program_installation/microchip/xc32/v2.10/bin/bin/../../lib/gcc/pic32c/6.2.1/../../../../pic32c/lib/v7e-m/fpv5/hard\libpic32c.a(sbrk.o)
 .debug_abbrev  0x0000e18c       0x2a d:/00_program_installation/microchip/xc32/v2.10/bin/bin/../../lib/gcc/pic32c/6.2.1/../../../../pic32c/lib/v7e-m/fpv5/hard\libpic32c.a(write.o)
 .debug_abbrev  0x0000e1b6       0x2a d:/00_program_installation/microchip/xc32/v2.10/bin/bin/../../lib/gcc/pic32c/6.2.1/../../../../pic32c/lib/v7e-m/fpv5/hard\libpic32c.a(_mon_getc.o)
 .debug_abbrev  0x0000e1e0       0x2a d:/00_program_installation/microchip/xc32/v2.10/bin/bin/../../lib/gcc/pic32c/6.2.1/../../../../pic32c/lib/v7e-m/fpv5/hard\libpic32c.a(_mon_putc.o)

.debug_loc      0x00000000    0x2f22e
 .debug_loc     0x00000000       0x20 build/default/production/_ext/1360937237/main.o
 .debug_loc     0x00000020      0x27c build/default/production/_ext/1360937237/app.o
 .debug_loc     0x0000029c       0x79 build/default/production/_ext/1171490990/initialization.o
 .debug_loc     0x00000315       0x20 build/default/production/_ext/1171490990/tasks.o
 .debug_loc     0x00000335       0x84 build/default/production/_ext/60177924/plib_pio.o
 .debug_loc     0x000003b9       0xb7 build/default/production/_ext/1865468468/plib_nvic.o
 .debug_loc     0x00000470       0x6d build/default/production/_ext/1171490990/startup.o
 .debug_loc     0x000004dd       0xaa build/default/production/_ext/1881668453/sys_int.o
 .debug_loc     0x00000587     0x38b6 build/default/production/_ext/444070925/drv_ethphy.o
 .debug_loc     0x00003e3d      0x29b build/default/production/_ext/444070925/drv_extphy_smsc8740.o
 .debug_loc     0x000040d8     0x24c2 build/default/production/_ext/438849557/drv_miim.o
 .debug_loc     0x0000659a     0x1db8 build/default/production/_ext/1546807373/drv_gmac.o
 .debug_loc     0x00008352     0x1847 build/default/production/_ext/1546807373/drv_gmac_lib.o
 .debug_loc     0x00009b99     0x1115 build/default/production/_ext/101884895/sys_time.o
 .debug_loc     0x0000acae       0x8e build/default/production/_ext/829342655/plib_tc0.o
 .debug_loc     0x0000ad3c     0x2a93 build/default/production/_ext/1033058136/arp.o
 .debug_loc     0x0000d7cf     0x2d25 build/default/production/_ext/1033058136/dhcp.o
 .debug_loc     0x000104f4     0x2d55 build/default/production/_ext/1033058136/dns.o
 .debug_loc     0x00013249     0x1edc build/default/production/_ext/1033058136/ipv4.o
 .debug_loc     0x00015125      0x37c build/default/production/_ext/1033058136/icmp.o
 .debug_loc     0x000154a1      0x1fe build/default/production/_ext/1033058136/tcpip_heap_alloc.o
 .debug_loc     0x0001569f      0xe5c build/default/production/_ext/1033058136/tcpip_heap_internal.o
 .debug_loc     0x000164fb      0x3af build/default/production/_ext/1033058136/helpers.o
 .debug_loc     0x000168aa      0x278 build/default/production/_ext/1033058136/hash_fnv.o
 .debug_loc     0x00016b22      0x3ce build/default/production/_ext/1033058136/oahash.o
 .debug_loc     0x00016ef0     0x3b7a build/default/production/_ext/1033058136/tcpip_helpers.o
 .debug_loc     0x0001aa6a     0x5656 build/default/production/_ext/1033058136/tcpip_manager.o
 .debug_loc     0x000200c0      0x2dc build/default/production/_ext/1033058136/tcpip_notify.o
 .debug_loc     0x0002039c      0xa00 build/default/production/_ext/1033058136/tcpip_packet.o
 .debug_loc     0x00020d9c       0xde build/default/production/_ext/753841488/sys_time_h2_adapter.o
 .debug_loc     0x00020e7a     0x417e build/default/production/_ext/1033058136/udp.o
 .debug_loc     0x00024ff8       0x14 d:/00_program_installation/microchip/xc32/v2.10/bin/bin/../../lib/gcc/pic32c/6.2.1/../../../../pic32c/lib/v7e-m/fpv5/hard\libpic32c.a(data_init.o)
 .debug_loc     0x0002500c      0xda6 d:/00_program_installation/microchip/xc32/v2.10/bin/bin/../../lib/gcc/pic32c/6.2.1/v7e-m/fpv5/hard\libgcc.a(_udivmoddi4.o)
 .debug_loc     0x00025db2       0x58 d:/00_program_installation/microchip/xc32/v2.10/bin/bin/../../lib/gcc/pic32c/6.2.1/../../../../pic32c/lib/v7e-m/fpv5/hard\libc.a(lib_a-calloc.o)
 .debug_loc     0x00025e0a      0x2b1 d:/00_program_installation/microchip/xc32/v2.10/bin/bin/../../lib/gcc/pic32c/6.2.1/../../../../pic32c/lib/v7e-m/fpv5/hard\libc.a(lib_a-callocr.o)
 .debug_loc     0x000260bb       0xce d:/00_program_installation/microchip/xc32/v2.10/bin/bin/../../lib/gcc/pic32c/6.2.1/../../../../pic32c/lib/v7e-m/fpv5/hard\libc.a(lib_a-init.o)
 .debug_loc     0x00026189      0x173 d:/00_program_installation/microchip/xc32/v2.10/bin/bin/../../lib/gcc/pic32c/6.2.1/../../../../pic32c/lib/v7e-m/fpv5/hard\libc.a(lib_a-locale.o)
 .debug_loc     0x000262fc       0x58 d:/00_program_installation/microchip/xc32/v2.10/bin/bin/../../lib/gcc/pic32c/6.2.1/../../../../pic32c/lib/v7e-m/fpv5/hard\libc.a(lib_a-malloc.o)
 .debug_loc     0x00026354      0xc66 d:/00_program_installation/microchip/xc32/v2.10/bin/bin/../../lib/gcc/pic32c/6.2.1/../../../../pic32c/lib/v7e-m/fpv5/hard\libc.a(lib_a-mallocr.o)
 .debug_loc     0x00026fba      0x259 d:/00_program_installation/microchip/xc32/v2.10/bin/bin/../../lib/gcc/pic32c/6.2.1/../../../../pic32c/lib/v7e-m/fpv5/hard\libc.a(lib_a-mbtowc_r.o)
 .debug_loc     0x00027213      0x1da d:/00_program_installation/microchip/xc32/v2.10/bin/bin/../../lib/gcc/pic32c/6.2.1/../../../../pic32c/lib/v7e-m/fpv5/hard\libc.a(lib_a-memcmp.o)
 .debug_loc     0x000273ed      0x1f5 d:/00_program_installation/microchip/xc32/v2.10/bin/bin/../../lib/gcc/pic32c/6.2.1/../../../../pic32c/lib/v7e-m/fpv5/hard\libc.a(lib_a-memset.o)
 .debug_loc     0x000275e2       0x4b d:/00_program_installation/microchip/xc32/v2.10/bin/bin/../../lib/gcc/pic32c/6.2.1/../../../../pic32c/lib/v7e-m/fpv5/hard\libc.a(lib_a-rand.o)
 .debug_loc     0x0002762d       0x6d d:/00_program_installation/microchip/xc32/v2.10/bin/bin/../../lib/gcc/pic32c/6.2.1/../../../../pic32c/lib/v7e-m/fpv5/hard\libc.a(lib_a-sbrkr.o)
 .debug_loc     0x0002769a      0x175 d:/00_program_installation/microchip/xc32/v2.10/bin/bin/../../lib/gcc/pic32c/6.2.1/../../../../pic32c/lib/v7e-m/fpv5/hard\libc.a(lib_a-strncpy.o)
 .debug_loc     0x0002780f      0x124 d:/00_program_installation/microchip/xc32/v2.10/bin/bin/../../lib/gcc/pic32c/6.2.1/../../../../pic32c/lib/v7e-m/fpv5/hard\libc.a(lib_a-wctomb_r.o)
 .debug_loc     0x00027933       0x9e d:/00_program_installation/microchip/xc32/v2.10/bin/bin/../../lib/gcc/pic32c/6.2.1/../../../../pic32c/lib/v7e-m/fpv5/hard\libc.a(snprintf.cdnopsuxX.o)
 .debug_loc     0x000279d1     0x1354 d:/00_program_installation/microchip/xc32/v2.10/bin/bin/../../lib/gcc/pic32c/6.2.1/../../../../pic32c/lib/v7e-m/fpv5/hard\libc.a(vfprintf.cdnopsuxX.o)
 .debug_loc     0x00028d25      0x166 d:/00_program_installation/microchip/xc32/v2.10/bin/bin/../../lib/gcc/pic32c/6.2.1/../../../../pic32c/lib/v7e-m/fpv5/hard\libc.a(vsnprintf.cdnopsuxX.o)
 .debug_loc     0x00028e8b      0x1dd d:/00_program_installation/microchip/xc32/v2.10/bin/bin/../../lib/gcc/pic32c/6.2.1/../../../../pic32c/lib/v7e-m/fpv5/hard\libc.a(lib_a-__call_atexit.o)
 .debug_loc     0x00029068       0x2c d:/00_program_installation/microchip/xc32/v2.10/bin/bin/../../lib/gcc/pic32c/6.2.1/../../../../pic32c/lib/v7e-m/fpv5/hard\libc.a(lib_a-atexit.o)
 .debug_loc     0x00029094      0x327 d:/00_program_installation/microchip/xc32/v2.10/bin/bin/../../lib/gcc/pic32c/6.2.1/../../../../pic32c/lib/v7e-m/fpv5/hard\libc.a(lib_a-fflush.o)
 .debug_loc     0x000293bb      0x38a d:/00_program_installation/microchip/xc32/v2.10/bin/bin/../../lib/gcc/pic32c/6.2.1/../../../../pic32c/lib/v7e-m/fpv5/hard\libc.a(lib_a-findfp.o)
 .debug_loc     0x00029745       0x88 d:/00_program_installation/microchip/xc32/v2.10/bin/bin/../../lib/gcc/pic32c/6.2.1/../../../../pic32c/lib/v7e-m/fpv5/hard\libc.a(lib_a-fini.o)
 .debug_loc     0x000297cd      0x5dd d:/00_program_installation/microchip/xc32/v2.10/bin/bin/../../lib/gcc/pic32c/6.2.1/../../../../pic32c/lib/v7e-m/fpv5/hard\libc.a(lib_a-freer.o)
 .debug_loc     0x00029daa      0x247 d:/00_program_installation/microchip/xc32/v2.10/bin/bin/../../lib/gcc/pic32c/6.2.1/../../../../pic32c/lib/v7e-m/fpv5/hard\libc.a(lib_a-fwalk.o)
 .debug_loc     0x00029ff1      0x175 d:/00_program_installation/microchip/xc32/v2.10/bin/bin/../../lib/gcc/pic32c/6.2.1/../../../../pic32c/lib/v7e-m/fpv5/hard\libc.a(lib_a-reent.o)
 .debug_loc     0x0002a166      0x32b d:/00_program_installation/microchip/xc32/v2.10/bin/bin/../../lib/gcc/pic32c/6.2.1/../../../../pic32c/lib/v7e-m/fpv5/hard\libc.a(lib_a-stdio.o)
 .debug_loc     0x0002a491     0x22c8 d:/00_program_installation/microchip/xc32/v2.10/bin/bin/../../lib/gcc/pic32c/6.2.1/../../../../pic32c/lib/v7e-m/fpv5/hard\libc.a(lib_a-vfiprintf.o)
 .debug_loc     0x0002c759       0xd0 d:/00_program_installation/microchip/xc32/v2.10/bin/bin/../../lib/gcc/pic32c/6.2.1/../../../../pic32c/lib/v7e-m/fpv5/hard\libc.a(lib_a-writer.o)
 .debug_loc     0x0002c829       0xc2 d:/00_program_installation/microchip/xc32/v2.10/bin/bin/../../lib/gcc/pic32c/6.2.1/../../../../pic32c/lib/v7e-m/fpv5/hard\libc.a(lib_a-wsetup.o)
 .debug_loc     0x0002c8eb      0x1b7 d:/00_program_installation/microchip/xc32/v2.10/bin/bin/../../lib/gcc/pic32c/6.2.1/../../../../pic32c/lib/v7e-m/fpv5/hard\libc.a(lib_a-__atexit.o)
 .debug_loc     0x0002caa2       0x6d d:/00_program_installation/microchip/xc32/v2.10/bin/bin/../../lib/gcc/pic32c/6.2.1/../../../../pic32c/lib/v7e-m/fpv5/hard\libc.a(lib_a-closer.o)
 .debug_loc     0x0002cb0f      0x18a d:/00_program_installation/microchip/xc32/v2.10/bin/bin/../../lib/gcc/pic32c/6.2.1/../../../../pic32c/lib/v7e-m/fpv5/hard\libc.a(lib_a-fclose.o)
 .debug_loc     0x0002cc99      0x400 d:/00_program_installation/microchip/xc32/v2.10/bin/bin/../../lib/gcc/pic32c/6.2.1/../../../../pic32c/lib/v7e-m/fpv5/hard\libc.a(lib_a-fputwc.o)
 .debug_loc     0x0002d099      0x75c d:/00_program_installation/microchip/xc32/v2.10/bin/bin/../../lib/gcc/pic32c/6.2.1/../../../../pic32c/lib/v7e-m/fpv5/hard\libc.a(lib_a-fvwrite.o)
 .debug_loc     0x0002d7f5       0xd0 d:/00_program_installation/microchip/xc32/v2.10/bin/bin/../../lib/gcc/pic32c/6.2.1/../../../../pic32c/lib/v7e-m/fpv5/hard\libc.a(lib_a-lseekr.o)
 .debug_loc     0x0002d8c5      0x1cf d:/00_program_installation/microchip/xc32/v2.10/bin/bin/../../lib/gcc/pic32c/6.2.1/../../../../pic32c/lib/v7e-m/fpv5/hard\libc.a(lib_a-makebuf.o)
 .debug_loc     0x0002da94      0x289 d:/00_program_installation/microchip/xc32/v2.10/bin/bin/../../lib/gcc/pic32c/6.2.1/../../../../pic32c/lib/v7e-m/fpv5/hard\libc.a(lib_a-memmove.o)
 .debug_loc     0x0002dd1d       0xd0 d:/00_program_installation/microchip/xc32/v2.10/bin/bin/../../lib/gcc/pic32c/6.2.1/../../../../pic32c/lib/v7e-m/fpv5/hard\libc.a(lib_a-readr.o)
 .debug_loc     0x0002dded      0xf24 d:/00_program_installation/microchip/xc32/v2.10/bin/bin/../../lib/gcc/pic32c/6.2.1/../../../../pic32c/lib/v7e-m/fpv5/hard\libc.a(lib_a-reallocr.o)
 .debug_loc     0x0002ed11      0x14b d:/00_program_installation/microchip/xc32/v2.10/bin/bin/../../lib/gcc/pic32c/6.2.1/../../../../pic32c/lib/v7e-m/fpv5/hard\libc.a(lib_a-wbuf.o)
 .debug_loc     0x0002ee5c      0x299 d:/00_program_installation/microchip/xc32/v2.10/bin/bin/../../lib/gcc/pic32c/6.2.1/../../../../pic32c/lib/v7e-m/fpv5/hard\libc.a(lib_a-wcrtomb.o)
 .debug_loc     0x0002f0f5       0xa4 d:/00_program_installation/microchip/xc32/v2.10/bin/bin/../../lib/gcc/pic32c/6.2.1/../../../../pic32c/lib/v7e-m/fpv5/hard\libc.a(lib_a-fstatr.o)
 .debug_loc     0x0002f199       0x6d d:/00_program_installation/microchip/xc32/v2.10/bin/bin/../../lib/gcc/pic32c/6.2.1/../../../../pic32c/lib/v7e-m/fpv5/hard\libc.a(lib_a-isattyr.o)
 .debug_loc     0x0002f206       0x14 d:/00_program_installation/microchip/xc32/v2.10/bin/bin/../../lib/gcc/pic32c/6.2.1/../../../../pic32c/lib/v7e-m/fpv5/hard\libpic32c.a(read.o)
 .debug_loc     0x0002f21a       0x14 d:/00_program_installation/microchip/xc32/v2.10/bin/bin/../../lib/gcc/pic32c/6.2.1/../../../../pic32c/lib/v7e-m/fpv5/hard\libpic32c.a(write.o)

.debug_aranges  0x00000000     0x2188
 .debug_aranges
                0x00000000       0x20 build/default/production/_ext/1360937237/main.o
 .debug_aranges
                0x00000020       0x40 build/default/production/_ext/1360937237/app.o
 .debug_aranges
                0x00000060       0x28 build/default/production/_ext/1171490990/initialization.o
 .debug_aranges
                0x00000088       0x20 build/default/production/_ext/1171490990/tasks.o
 .debug_aranges
                0x000000a8       0x20 build/default/production/_ext/1171490990/interrupts.o
 .debug_aranges
                0x000000c8       0x48 build/default/production/_ext/1171490990/exceptions.o
 .debug_aranges
                0x00000110       0x20 build/default/production/_ext/60165520/plib_clk.o
 .debug_aranges
                0x00000130       0x70 build/default/production/_ext/60177924/plib_pio.o
 .debug_aranges
                0x000001a0       0x20 build/default/production/_ext/1865468468/plib_nvic.o
 .debug_aranges
                0x000001c0       0x20 build/default/production/_ext/60175264/plib_mpu.o
 .debug_aranges
                0x000001e0       0x20 build/default/production/_ext/1171490990/startup.o
 .debug_aranges
                0x00000200       0x38 build/default/production/_ext/1881668453/sys_int.o
 .debug_aranges
                0x00000238      0x278 build/default/production/_ext/444070925/drv_ethphy.o
 .debug_aranges
                0x000004b0       0x30 build/default/production/_ext/444070925/drv_extphy_smsc8740.o
 .debug_aranges
                0x000004e0       0xe8 build/default/production/_ext/438849557/drv_miim.o
 .debug_aranges
                0x000005c8      0x280 build/default/production/_ext/1546807373/drv_gmac.o
 .debug_aranges
                0x00000848       0xa0 build/default/production/_ext/1546807373/drv_gmac_lib.o
 .debug_aranges
                0x000008e8      0x100 build/default/production/_ext/101884895/sys_time.o
 .debug_aranges
                0x000009e8       0x60 build/default/production/_ext/829342655/plib_tc0.o
 .debug_aranges
                0x00000a48      0x110 build/default/production/_ext/1033058136/arp.o
 .debug_aranges
                0x00000b58      0x188 build/default/production/_ext/1033058136/dhcp.o
 .debug_aranges
                0x00000ce0      0x140 build/default/production/_ext/1033058136/dns.o
 .debug_aranges
                0x00000e20       0xc0 build/default/production/_ext/1033058136/ipv4.o
 .debug_aranges
                0x00000ee0       0x38 build/default/production/_ext/1033058136/icmp.o
 .debug_aranges
                0x00000f18       0x48 build/default/production/_ext/1033058136/tcpip_heap_alloc.o
 .debug_aranges
                0x00000f60       0x68 build/default/production/_ext/1033058136/tcpip_heap_internal.o
 .debug_aranges
                0x00000fc8       0x40 build/default/production/_ext/1033058136/helpers.o
 .debug_aranges
                0x00001008       0x28 build/default/production/_ext/1033058136/hash_fnv.o
 .debug_aranges
                0x00001030       0x50 build/default/production/_ext/1033058136/oahash.o
 .debug_aranges
                0x00001080      0x218 build/default/production/_ext/1033058136/tcpip_helpers.o
 .debug_aranges
                0x00001298      0x370 build/default/production/_ext/1033058136/tcpip_manager.o
 .debug_aranges
                0x00001608       0x40 build/default/production/_ext/1033058136/tcpip_notify.o
 .debug_aranges
                0x00001648       0x78 build/default/production/_ext/1033058136/tcpip_packet.o
 .debug_aranges
                0x000016c0       0x28 build/default/production/_ext/753841488/sys_time_h2_adapter.o
 .debug_aranges
                0x000016e8      0x1b8 build/default/production/_ext/1033058136/udp.o
 .debug_aranges
                0x000018a0       0x20 d:/00_program_installation/microchip/xc32/v2.10/bin/bin/../../lib/gcc/pic32c/6.2.1/../../../../pic32c/lib/v7e-m/fpv5/hard\libpic32c.a(data_init.o)
 .debug_aranges
                0x000018c0       0x20 d:/00_program_installation/microchip/xc32/v2.10/bin/bin/../../lib/gcc/pic32c/6.2.1/v7e-m/fpv5/hard\libgcc.a(_aeabi_uldivmod.o)
 .debug_aranges
                0x000018e0       0x20 d:/00_program_installation/microchip/xc32/v2.10/bin/bin/../../lib/gcc/pic32c/6.2.1/v7e-m/fpv5/hard\libgcc.a(_udivmoddi4.o)
 .debug_aranges
                0x00001900       0x20 d:/00_program_installation/microchip/xc32/v2.10/bin/bin/../../lib/gcc/pic32c/6.2.1/v7e-m/fpv5/hard\libgcc.a(_dvmd_tls.o)
 .debug_aranges
                0x00001920       0x20 d:/00_program_installation/microchip/xc32/v2.10/bin/bin/../../lib/gcc/pic32c/6.2.1/../../../../pic32c/lib/v7e-m/fpv5/hard\libc.a(lib_a-calloc.o)
 .debug_aranges
                0x00001940       0x20 d:/00_program_installation/microchip/xc32/v2.10/bin/bin/../../lib/gcc/pic32c/6.2.1/../../../../pic32c/lib/v7e-m/fpv5/hard\libc.a(lib_a-callocr.o)
 .debug_aranges
                0x00001960       0x18 d:/00_program_installation/microchip/xc32/v2.10/bin/bin/../../lib/gcc/pic32c/6.2.1/../../../../pic32c/lib/v7e-m/fpv5/hard\libc.a(lib_a-impure.o)
 .debug_aranges
                0x00001978       0x20 d:/00_program_installation/microchip/xc32/v2.10/bin/bin/../../lib/gcc/pic32c/6.2.1/../../../../pic32c/lib/v7e-m/fpv5/hard\libc.a(lib_a-init.o)
 .debug_aranges
                0x00001998       0x40 d:/00_program_installation/microchip/xc32/v2.10/bin/bin/../../lib/gcc/pic32c/6.2.1/../../../../pic32c/lib/v7e-m/fpv5/hard\libc.a(lib_a-locale.o)
 .debug_aranges
                0x000019d8       0x28 d:/00_program_installation/microchip/xc32/v2.10/bin/bin/../../lib/gcc/pic32c/6.2.1/../../../../pic32c/lib/v7e-m/fpv5/hard\libc.a(lib_a-malloc.o)
 .debug_aranges
                0x00001a00       0x20 d:/00_program_installation/microchip/xc32/v2.10/bin/bin/../../lib/gcc/pic32c/6.2.1/../../../../pic32c/lib/v7e-m/fpv5/hard\libc.a(lib_a-mallocr.o)
 .debug_aranges
                0x00001a20       0x28 d:/00_program_installation/microchip/xc32/v2.10/bin/bin/../../lib/gcc/pic32c/6.2.1/../../../../pic32c/lib/v7e-m/fpv5/hard\libc.a(lib_a-mbtowc_r.o)
 .debug_aranges
                0x00001a48       0x20 d:/00_program_installation/microchip/xc32/v2.10/bin/bin/../../lib/gcc/pic32c/6.2.1/../../../../pic32c/lib/v7e-m/fpv5/hard\libc.a(lib_a-memcmp.o)
 .debug_aranges
                0x00001a68       0x20 d:/00_program_installation/microchip/xc32/v2.10/bin/bin/../../lib/gcc/pic32c/6.2.1/../../../../pic32c/lib/v7e-m/fpv5/hard\libc.a(lib_a-memcpy.o)
 .debug_aranges
                0x00001a88       0x20 d:/00_program_installation/microchip/xc32/v2.10/bin/bin/../../lib/gcc/pic32c/6.2.1/../../../../pic32c/lib/v7e-m/fpv5/hard\libc.a(lib_a-memset.o)
 .debug_aranges
                0x00001aa8       0x20 d:/00_program_installation/microchip/xc32/v2.10/bin/bin/../../lib/gcc/pic32c/6.2.1/../../../../pic32c/lib/v7e-m/fpv5/hard\libc.a(lib_a-mlock.o)
 .debug_aranges
                0x00001ac8       0x28 d:/00_program_installation/microchip/xc32/v2.10/bin/bin/../../lib/gcc/pic32c/6.2.1/../../../../pic32c/lib/v7e-m/fpv5/hard\libc.a(lib_a-rand.o)
 .debug_aranges
                0x00001af0       0x20 d:/00_program_installation/microchip/xc32/v2.10/bin/bin/../../lib/gcc/pic32c/6.2.1/../../../../pic32c/lib/v7e-m/fpv5/hard\libc.a(lib_a-sbrkr.o)
 .debug_aranges
                0x00001b10       0x20 d:/00_program_installation/microchip/xc32/v2.10/bin/bin/../../lib/gcc/pic32c/6.2.1/../../../../pic32c/lib/v7e-m/fpv5/hard\libc.a(lib_a-strcmp.o)
 .debug_aranges
                0x00001b30       0x20 d:/00_program_installation/microchip/xc32/v2.10/bin/bin/../../lib/gcc/pic32c/6.2.1/../../../../pic32c/lib/v7e-m/fpv5/hard\libc.a(lib_a-strlen.o)
 .debug_aranges
                0x00001b50       0x20 d:/00_program_installation/microchip/xc32/v2.10/bin/bin/../../lib/gcc/pic32c/6.2.1/../../../../pic32c/lib/v7e-m/fpv5/hard\libc.a(lib_a-strncpy.o)
 .debug_aranges
                0x00001b70       0x28 d:/00_program_installation/microchip/xc32/v2.10/bin/bin/../../lib/gcc/pic32c/6.2.1/../../../../pic32c/lib/v7e-m/fpv5/hard\libc.a(lib_a-wctomb_r.o)
 .debug_aranges
                0x00001b98       0x20 d:/00_program_installation/microchip/xc32/v2.10/bin/bin/../../lib/gcc/pic32c/6.2.1/../../../../pic32c/lib/v7e-m/fpv5/hard\libc.a(snprintf.cdnopsuxX.o)
 .debug_aranges
                0x00001bb8       0x30 d:/00_program_installation/microchip/xc32/v2.10/bin/bin/../../lib/gcc/pic32c/6.2.1/../../../../pic32c/lib/v7e-m/fpv5/hard\libc.a(vfprintf.cdnopsuxX.o)
 .debug_aranges
                0x00001be8       0x20 d:/00_program_installation/microchip/xc32/v2.10/bin/bin/../../lib/gcc/pic32c/6.2.1/../../../../pic32c/lib/v7e-m/fpv5/hard\libc.a(vsnprintf.cdnopsuxX.o)
 .debug_aranges
                0x00001c08       0x28 d:/00_program_installation/microchip/xc32/v2.10/bin/bin/../../lib/gcc/pic32c/6.2.1/../../../../pic32c/lib/v7e-m/fpv5/hard\libc.a(lib_a-__call_atexit.o)
 .debug_aranges
                0x00001c30       0x20 d:/00_program_installation/microchip/xc32/v2.10/bin/bin/../../lib/gcc/pic32c/6.2.1/../../../../pic32c/lib/v7e-m/fpv5/hard\libc.a(lib_a-atexit.o)
 .debug_aranges
                0x00001c50       0x18 d:/00_program_installation/microchip/xc32/v2.10/bin/bin/../../lib/gcc/pic32c/6.2.1/../../../../pic32c/lib/v7e-m/fpv5/hard\libc.a(lib_a-ctype_.o)
 .debug_aranges
                0x00001c68       0x30 d:/00_program_installation/microchip/xc32/v2.10/bin/bin/../../lib/gcc/pic32c/6.2.1/../../../../pic32c/lib/v7e-m/fpv5/hard\libc.a(lib_a-fflush.o)
 .debug_aranges
                0x00001c98       0x68 d:/00_program_installation/microchip/xc32/v2.10/bin/bin/../../lib/gcc/pic32c/6.2.1/../../../../pic32c/lib/v7e-m/fpv5/hard\libc.a(lib_a-findfp.o)
 .debug_aranges
                0x00001d00       0x20 d:/00_program_installation/microchip/xc32/v2.10/bin/bin/../../lib/gcc/pic32c/6.2.1/../../../../pic32c/lib/v7e-m/fpv5/hard\libc.a(lib_a-fini.o)
 .debug_aranges
                0x00001d20       0x28 d:/00_program_installation/microchip/xc32/v2.10/bin/bin/../../lib/gcc/pic32c/6.2.1/../../../../pic32c/lib/v7e-m/fpv5/hard\libc.a(lib_a-freer.o)
 .debug_aranges
                0x00001d48       0x28 d:/00_program_installation/microchip/xc32/v2.10/bin/bin/../../lib/gcc/pic32c/6.2.1/../../../../pic32c/lib/v7e-m/fpv5/hard\libc.a(lib_a-fwalk.o)
 .debug_aranges
                0x00001d70       0x20 d:/00_program_installation/microchip/xc32/v2.10/bin/bin/../../lib/gcc/pic32c/6.2.1/../../../../pic32c/lib/v7e-m/fpv5/hard\libc.a(lib_a-memchr.o)
 .debug_aranges
                0x00001d90       0x28 d:/00_program_installation/microchip/xc32/v2.10/bin/bin/../../lib/gcc/pic32c/6.2.1/../../../../pic32c/lib/v7e-m/fpv5/hard\libc.a(lib_a-reent.o)
 .debug_aranges
                0x00001db8       0x40 d:/00_program_installation/microchip/xc32/v2.10/bin/bin/../../lib/gcc/pic32c/6.2.1/../../../../pic32c/lib/v7e-m/fpv5/hard\libc.a(lib_a-stdio.o)
 .debug_aranges
                0x00001df8       0x40 d:/00_program_installation/microchip/xc32/v2.10/bin/bin/../../lib/gcc/pic32c/6.2.1/../../../../pic32c/lib/v7e-m/fpv5/hard\libc.a(lib_a-vfiprintf.o)
 .debug_aranges
                0x00001e38       0x20 d:/00_program_installation/microchip/xc32/v2.10/bin/bin/../../lib/gcc/pic32c/6.2.1/../../../../pic32c/lib/v7e-m/fpv5/hard\libc.a(lib_a-writer.o)
 .debug_aranges
                0x00001e58       0x20 d:/00_program_installation/microchip/xc32/v2.10/bin/bin/../../lib/gcc/pic32c/6.2.1/../../../../pic32c/lib/v7e-m/fpv5/hard\libc.a(lib_a-wsetup.o)
 .debug_aranges
                0x00001e78       0x20 d:/00_program_installation/microchip/xc32/v2.10/bin/bin/../../lib/gcc/pic32c/6.2.1/../../../../pic32c/lib/v7e-m/fpv5/hard\libc.a(lib_a-__atexit.o)
 .debug_aranges
                0x00001e98       0x20 d:/00_program_installation/microchip/xc32/v2.10/bin/bin/../../lib/gcc/pic32c/6.2.1/../../../../pic32c/lib/v7e-m/fpv5/hard\libc.a(lib_a-closer.o)
 .debug_aranges
                0x00001eb8       0x28 d:/00_program_installation/microchip/xc32/v2.10/bin/bin/../../lib/gcc/pic32c/6.2.1/../../../../pic32c/lib/v7e-m/fpv5/hard\libc.a(lib_a-fclose.o)
 .debug_aranges
                0x00001ee0       0x30 d:/00_program_installation/microchip/xc32/v2.10/bin/bin/../../lib/gcc/pic32c/6.2.1/../../../../pic32c/lib/v7e-m/fpv5/hard\libc.a(lib_a-fputwc.o)
 .debug_aranges
                0x00001f10       0x20 d:/00_program_installation/microchip/xc32/v2.10/bin/bin/../../lib/gcc/pic32c/6.2.1/../../../../pic32c/lib/v7e-m/fpv5/hard\libc.a(lib_a-fvwrite.o)
 .debug_aranges
                0x00001f30       0x20 d:/00_program_installation/microchip/xc32/v2.10/bin/bin/../../lib/gcc/pic32c/6.2.1/../../../../pic32c/lib/v7e-m/fpv5/hard\libc.a(lib_a-lseekr.o)
 .debug_aranges
                0x00001f50       0x28 d:/00_program_installation/microchip/xc32/v2.10/bin/bin/../../lib/gcc/pic32c/6.2.1/../../../../pic32c/lib/v7e-m/fpv5/hard\libc.a(lib_a-makebuf.o)
 .debug_aranges
                0x00001f78       0x20 d:/00_program_installation/microchip/xc32/v2.10/bin/bin/../../lib/gcc/pic32c/6.2.1/../../../../pic32c/lib/v7e-m/fpv5/hard\libc.a(lib_a-memmove.o)
 .debug_aranges
                0x00001f98       0x20 d:/00_program_installation/microchip/xc32/v2.10/bin/bin/../../lib/gcc/pic32c/6.2.1/../../../../pic32c/lib/v7e-m/fpv5/hard\libc.a(lib_a-readr.o)
 .debug_aranges
                0x00001fb8       0x20 d:/00_program_installation/microchip/xc32/v2.10/bin/bin/../../lib/gcc/pic32c/6.2.1/../../../../pic32c/lib/v7e-m/fpv5/hard\libc.a(lib_a-reallocr.o)
 .debug_aranges
                0x00001fd8       0x28 d:/00_program_installation/microchip/xc32/v2.10/bin/bin/../../lib/gcc/pic32c/6.2.1/../../../../pic32c/lib/v7e-m/fpv5/hard\libc.a(lib_a-wbuf.o)
 .debug_aranges
                0x00002000       0x28 d:/00_program_installation/microchip/xc32/v2.10/bin/bin/../../lib/gcc/pic32c/6.2.1/../../../../pic32c/lib/v7e-m/fpv5/hard\libc.a(lib_a-wcrtomb.o)
 .debug_aranges
                0x00002028       0x20 d:/00_program_installation/microchip/xc32/v2.10/bin/bin/../../lib/gcc/pic32c/6.2.1/../../../../pic32c/lib/v7e-m/fpv5/hard\libc.a(lib_a-fstatr.o)
 .debug_aranges
                0x00002048       0x20 d:/00_program_installation/microchip/xc32/v2.10/bin/bin/../../lib/gcc/pic32c/6.2.1/../../../../pic32c/lib/v7e-m/fpv5/hard\libc.a(lib_a-isattyr.o)
 .debug_aranges
                0x00002068       0x20 d:/00_program_installation/microchip/xc32/v2.10/bin/bin/../../lib/gcc/pic32c/6.2.1/../../../../pic32c/lib/v7e-m/fpv5/hard\libpic32c.a(close.o)
 .debug_aranges
                0x00002088       0x20 d:/00_program_installation/microchip/xc32/v2.10/bin/bin/../../lib/gcc/pic32c/6.2.1/../../../../pic32c/lib/v7e-m/fpv5/hard\libpic32c.a(fstat.o)
 .debug_aranges