Archive member included to satisfy reference by file (symbol)

d:/00_program_installation/microchip/xc32/v2.10/bin/bin/../../lib/gcc/pic32c/6.2.1/../../../../pic32c/lib/v7e-m/fpv5/hard\libpic32c.a(data_init.o)
                              build/default/production/_ext/1171490990/startup.o (__pic32c_data_initialization)
d:/00_program_installation/microchip/xc32/v2.10/bin/bin/../../lib/gcc/pic32c/6.2.1/v7e-m/fpv5/hard\libgcc.a(_aeabi_uldivmod.o)
                              build/default/production/_ext/444070925/drv_ethphy.o (__aeabi_uldivmod)
d:/00_program_installation/microchip/xc32/v2.10/bin/bin/../../lib/gcc/pic32c/6.2.1/v7e-m/fpv5/hard\libgcc.a(_udivmoddi4.o)
                              d:/00_program_installation/microchip/xc32/v2.10/bin/bin/../../lib/gcc/pic32c/6.2.1/v7e-m/fpv5/hard\libgcc.a(_aeabi_uldivmod.o) (__udivmoddi4)
d:/00_program_installation/microchip/xc32/v2.10/bin/bin/../../lib/gcc/pic32c/6.2.1/v7e-m/fpv5/hard\libgcc.a(_dvmd_tls.o)
                              d:/00_program_installation/microchip/xc32/v2.10/bin/bin/../../lib/gcc/pic32c/6.2.1/v7e-m/fpv5/hard\libgcc.a(_aeabi_uldivmod.o) (__aeabi_ldiv0)
d:/00_program_installation/microchip/xc32/v2.10/bin/bin/../../lib/gcc/pic32c/6.2.1/../../../../pic32c/lib/v7e-m/fpv5/hard\libc.a(lib_a-calloc.o)
                              build/default/production/_ext/1171490990/initialization.o (calloc)
d:/00_program_installation/microchip/xc32/v2.10/bin/bin/../../lib/gcc/pic32c/6.2.1/../../../../pic32c/lib/v7e-m/fpv5/hard\libc.a(lib_a-callocr.o)
                              d:/00_program_installation/microchip/xc32/v2.10/bin/bin/../../lib/gcc/pic32c/6.2.1/../../../../pic32c/lib/v7e-m/fpv5/hard\libc.a(lib_a-calloc.o) (_calloc_r)
d:/00_program_installation/microchip/xc32/v2.10/bin/bin/../../lib/gcc/pic32c/6.2.1/../../../../pic32c/lib/v7e-m/fpv5/hard\libc.a(lib_a-errno.o)
                              build/default/production/_ext/1033058136/berkeley_api.o (__errno)
d:/00_program_installation/microchip/xc32/v2.10/bin/bin/../../lib/gcc/pic32c/6.2.1/../../../../pic32c/lib/v7e-m/fpv5/hard\libc.a(lib_a-exit.o)
                              d:/00_program_installation/microchip/xc32/v2.10/bin/bin/../../lib/gcc/pic32c/6.2.1/../../../../pic32c/lib/v7e-m/fpv5/hard/crt0.o (exit)
d:/00_program_installation/microchip/xc32/v2.10/bin/bin/../../lib/gcc/pic32c/6.2.1/../../../../pic32c/lib/v7e-m/fpv5/hard\libc.a(lib_a-impure.o)
                              d:/00_program_installation/microchip/xc32/v2.10/bin/bin/../../lib/gcc/pic32c/6.2.1/../../../../pic32c/lib/v7e-m/fpv5/hard\libc.a(lib_a-exit.o) (_global_impure_ptr)
d:/00_program_installation/microchip/xc32/v2.10/bin/bin/../../lib/gcc/pic32c/6.2.1/../../../../pic32c/lib/v7e-m/fpv5/hard\libc.a(lib_a-init.o)
                              d:/00_program_installation/microchip/xc32/v2.10/bin/bin/../../lib/gcc/pic32c/6.2.1/../../../../pic32c/lib/v7e-m/fpv5/hard/crt0.o (__libc_init_array)
d:/00_program_installation/microchip/xc32/v2.10/bin/bin/../../lib/gcc/pic32c/6.2.1/../../../../pic32c/lib/v7e-m/fpv5/hard\libc.a(lib_a-locale.o)
                              build/default/production/_ext/1033058136/dhcp.o (__locale_ctype_ptr)
d:/00_program_installation/microchip/xc32/v2.10/bin/bin/../../lib/gcc/pic32c/6.2.1/../../../../pic32c/lib/v7e-m/fpv5/hard\libc.a(lib_a-malloc.o)
                              build/default/production/_ext/1171490990/initialization.o (malloc)
d:/00_program_installation/microchip/xc32/v2.10/bin/bin/../../lib/gcc/pic32c/6.2.1/../../../../pic32c/lib/v7e-m/fpv5/hard\libc.a(lib_a-mallocr.o)
                              d:/00_program_installation/microchip/xc32/v2.10/bin/bin/../../lib/gcc/pic32c/6.2.1/../../../../pic32c/lib/v7e-m/fpv5/hard\libc.a(lib_a-callocr.o) (_malloc_r)
d:/00_program_installation/microchip/xc32/v2.10/bin/bin/../../lib/gcc/pic32c/6.2.1/../../../../pic32c/lib/v7e-m/fpv5/hard\libc.a(lib_a-mbtowc_r.o)
                              d:/00_program_installation/microchip/xc32/v2.10/bin/bin/../../lib/gcc/pic32c/6.2.1/../../../../pic32c/lib/v7e-m/fpv5/hard\libc.a(lib_a-locale.o) (__ascii_mbtowc)
d:/00_program_installation/microchip/xc32/v2.10/bin/bin/../../lib/gcc/pic32c/6.2.1/../../../../pic32c/lib/v7e-m/fpv5/hard\libc.a(lib_a-memcmp.o)
                              build/default/production/_ext/1546807373/drv_gmac.o (memcmp)
d:/00_program_installation/microchip/xc32/v2.10/bin/bin/../../lib/gcc/pic32c/6.2.1/../../../../pic32c/lib/v7e-m/fpv5/hard\libc.a(lib_a-memcpy.o)
                              build/default/production/_ext/1546807373/drv_gmac.o (memcpy)
d:/00_program_installation/microchip/xc32/v2.10/bin/bin/../../lib/gcc/pic32c/6.2.1/../../../../pic32c/lib/v7e-m/fpv5/hard\libc.a(lib_a-memset.o)
                              d:/00_program_installation/microchip/xc32/v2.10/bin/bin/../../lib/gcc/pic32c/6.2.1/../../../../pic32c/lib/v7e-m/fpv5/hard/crt0.o (memset)
[...]
Memory Configuration

Name             Origin             Length             Attributes
rom              0x00400000         0x00200000         xr
ram              0x20400000         0x00060000         xrw
itcm             0x00000000         0x00000000         xrw
dtcm             0x20000000         0x00000000         xrw
*default*        0x00000000         0xffffffff
tcm              0x00000000         0xffffffff

Linker script and memory map

LOAD d:/00_program_installation/microchip/xc32/v2.10/bin/bin/../../lib/gcc/pic32c/6.2.1/v7e-m/fpv5/hard/crti.o
LOAD d:/00_program_installation/microchip/xc32/v2.10/bin/bin/../../lib/gcc/pic32c/6.2.1/v7e-m/fpv5/hard/crtbegin.o
LOAD d:/00_program_installation/microchip/xc32/v2.10/bin/bin/../../lib/gcc/pic32c/6.2.1/../../../../pic32c/lib/v7e-m/fpv5/hard/crt0.o
LOAD build/default/production/_ext/1360937237/main.o
LOAD build/default/production/_ext/1360937237/app.o
LOAD build/default/production/_ext/1171490990/initialization.o
LOAD build/default/production/_ext/1171490990/tasks.o
LOAD build/default/production/_ext/1171490990/interrupts.o
LOAD build/default/production/_ext/1171490990/exceptions.o
LOAD build/default/production/_ext/60165520/plib_clk.o
LOAD build/default/production/_ext/60177924/plib_pio.o
LOAD build/default/production/_ext/1865468468/plib_nvic.o
LOAD build/default/production/_ext/60175264/plib_mpu.o
LOAD build/default/production/_ext/1171490990/startup.o
LOAD build/default/production/_ext/1171490990/libc_syscalls.o
LOAD build/default/production/_ext/1881668453/sys_int.o
LOAD build/default/production/_ext/444070925/drv_ethphy.o
LOAD build/default/production/_ext/444070925/drv_extphy_smsc8740.o
LOAD build/default/production/_ext/438849557/drv_miim.o
LOAD build/default/production/_ext/1546807373/drv_gmac.o
LOAD build/default/production/_ext/1546807373/drv_gmac_lib.o
LOAD build/default/production/_ext/718466696/net_pres.o
LOAD build/default/production/_ext/678723491/net_pres_enc_glue.o
LOAD build/default/production/_ext/678723491/net_pres_cert_store.o
LOAD build/default/production/_ext/101884895/sys_time.o
LOAD build/default/production/_ext/829342655/plib_tc0.o
LOAD build/default/production/_ext/1033058136/arp.o
LOAD build/default/production/_ext/1033058136/berkeley_api.o
LOAD build/default/production/_ext/1033058136/dhcp.o
LOAD build/default/production/_ext/1033058136/dns.o
LOAD build/default/production/_ext/1033058136/ipv4.o
LOAD build/default/production/_ext/1033058136/tcpip_heap_alloc.o
LOAD build/default/production/_ext/1033058136/tcpip_heap_internal.o
LOAD build/default/production/_ext/1033058136/helpers.o
LOAD build/default/production/_ext/1033058136/hash_fnv.o
LOAD build/default/production/_ext/1033058136/oahash.o
LOAD build/default/production/_ext/1033058136/tcpip_helpers.o
LOAD build/default/production/_ext/1033058136/tcpip_manager.o
LOAD build/default/production/_ext/1033058136/tcpip_notify.o
LOAD build/default/production/_ext/1033058136/tcpip_packet.o
LOAD build/default/production/_ext/753841488/sys_time_h2_adapter.o
LOAD build/default/production/_ext/1033058136/tcp.o
LOAD build/default/production/_ext/1033058136/udp.o
                0x00000001                __MPLAB_BUILD = 0x1
                0x0000afa0                _min_heap_size = 0xafa0
START GROUP
LOAD d:/00_program_installation/microchip/xc32/v2.10/bin/bin/../../lib/gcc/pic32c/6.2.1/../../../../pic32c/lib/v7e-m/fpv5/hard\libpic32c.a
LOAD d:/00_program_installation/microchip/xc32/v2.10/bin/bin/../../lib/gcc/pic32c/6.2.1/v7e-m/fpv5/hard\libgcc.a
LOAD d:/00_program_installation/microchip/xc32/v2.10/bin/bin/../../lib/gcc/pic32c/6.2.1/../../../../pic32c/lib/v7e-m/fpv5/hard\libc.a
LOAD d:/00_program_installation/microchip/xc32/v2.10/bin/bin/../../lib/gcc/pic32c/6.2.1/../../../../pic32c/lib/v7e-m/fpv5/hard\libm.a
END GROUP
LOAD d:/00_program_installation/microchip/xc32/v2.10/bin/bin/../../lib/gcc/pic32c/6.2.1/v7e-m/fpv5/hard/crtend.o
LOAD d:/00_program_installation/microchip/xc32/v2.10/bin/bin/../../lib/gcc/pic32c/6.2.1/v7e-m/fpv5/hard/crtn.o

.vectors        0x00400000      0x168
                0x00400000                . = ALIGN (0x4)
                0x00400000                _sfixed = .
 *(.vectors .vectors.*)
 .vectors       0x00400000      0x168 build/default/production/_ext/1171490990/interrupts.o
                0x00400000                exception_table

.text           0x00400168       0x24
                0x00400168                . = ALIGN (0x4)
 *(.glue_7t)
 .glue_7t       0x00400168        0x0 linker stubs
 *(.glue_7)
 .glue_7        0x00400168        0x0 linker stubs
 *(.gnu.linkonce.r.*)
 *(.ARM.extab* .gnu.linkonce.armextab.*)
                0x00400168                . = ALIGN (0x4)
 *(.init)
 .init          0x00400168        0x4 d:/00_program_installation/microchip/xc32/v2.10/bin/bin/../../lib/gcc/pic32c/6.2.1/v7e-m/fpv5/hard/crti.o
                0x00400168                _init
 .init          0x0040016c        0x8 d:/00_program_installation/microchip/xc32/v2.10/bin/bin/../../lib/gcc/pic32c/6.2.1/v7e-m/fpv5/hard/crtn.o
                0x00400174                . = ALIGN (0x4)
                0x00400174                __preinit_array_start = .
 *(.preinit_array)
                0x00400174                __preinit_array_end = .
                0x00400174                . = ALIGN (0x4)
                0x00400174                __init_array_start = .
 *(SORT(.init_array.*))
 .init_array.00000
                0x00400174        0x4 d:/00_program_installation/microchip/xc32/v2.10/bin/bin/../../lib/gcc/pic32c/6.2.1/../../../../pic32c/lib/v7e-m/fpv5/hard\libc.a(lib_a-__call_atexit.o)
 *(.init_array)
 .init_array    0x00400178        0x4 d:/00_program_installation/microchip/xc32/v2.10/bin/bin/../../lib/gcc/pic32c/6.2.1/v7e-m/fpv5/hard/crtbegin.o
                0x0040017c                __init_array_end = .
                0x0040017c                . = ALIGN (0x4)
 *crtbegin.o(.ctors)
 *(EXCLUDE_FILE(*crtend.o) .ctors)
 *(SORT(.ctors.*))
 *crtend.o(.ctors)
                0x0040017c                . = ALIGN (0x4)
 *(.fini)
 .fini          0x0040017c        0x4 d:/00_program_installation/microchip/xc32/v2.10/bin/bin/../../lib/gcc/pic32c/6.2.1/v7e-m/fpv5/hard/crti.o
                0x0040017c                _fini
 .fini          0x00400180        0x8 d:/00_program_installation/microchip/xc32/v2.10/bin/bin/../../lib/gcc/pic32c/6.2.1/v7e-m/fpv5/hard/crtn.o
                0x00400188                . = ALIGN (0x4)
                0x00400188                __fini_array_start = .
 *(.fini_array)
 .fini_array    0x00400188        0x4 d:/00_program_installation/microchip/xc32/v2.10/bin/bin/../../lib/gcc/pic32c/6.2.1/v7e-m/fpv5/hard/crtbegin.o
 *(SORT(.fini_array.*))
                0x0040018c                __fini_array_end = .
 *crtbegin.o(.dtors)
 *(EXCLUDE_FILE(*crtend.o) .dtors)
 *(SORT(.dtors.*))
 *crtend.o(.dtors)
                0x0040018c                . = ALIGN (0x4)
                0x0040018c                _efixed = .
                [!provide]                PROVIDE (__exidx_start, .)

.ARM.exidx      0x0040018c        0x8
 *(.ARM.exidx* .gnu.linkonce.armexidx.*)
 .ARM.exidx     0x0040018c        0x8 d:/00_program_installation/microchip/xc32/v2.10/bin/bin/../../lib/gcc/pic32c/6.2.1/v7e-m/fpv5/hard\libgcc.a(_udivmoddi4.o)
                [!provide]                PROVIDE (__exidx_end, .)
                0x00400194                . = ALIGN (0x4)
                0x00400194                _etext = .

.bss            0x20400000      0x334
                0x20400000                . = ALIGN (0x4)
                0x20400000                __bss_start__ = .
                0x20400000                _sbss = .
                0x20400000                _szero = .
 *(COMMON)
 COMMON         0x20400000        0x1 build/default/production/_ext/1360937237/app.o
                0x20400000                appData
 *fill*         0x20400001        0x3 
 COMMON         0x20400004       0x10 build/default/production/_ext/1171490990/initialization.o
                0x20400004                sysObj
 COMMON         0x20400014      0x314 build/default/production/_ext/718466696/net_pres.o
                0x20400014                sNetPresData
                0x20400238                sNetPresSockets
 COMMON         0x20400328        0x8 build/default/production/_ext/829342655/plib_tc0.o
                0x20400328                TC0_CH0_CallbackObj
 COMMON         0x20400330        0x4 d:/00_program_installation/microchip/xc32/v2.10/bin/bin/../../lib/gcc/pic32c/6.2.1/../../../../pic32c/lib/v7e-m/fpv5/hard\libc.a(lib_a-reent.o)
                0x20400330                errno
                0x20400334                . = ALIGN (0x4)
                0x20400334                __bss_end__ = .
                0x20400334                _ebss = .
                0x20400334                _ezero = .
                0x20400334                . = ALIGN (0x4)
                0x20400334                _end = .
                0x2045ffff                _ram_end_ = ((ORIGIN (ram) + LENGTH (ram)) - 0x1)
OUTPUT(dist/default/production/berkeley_udp_relay.X.production.elf elf32-littlearm)
LOAD stack
LOAD data_init

.ARM.attributes
                0x00000000       0x2e
 .ARM.attributes
                0x00000000       0x20 d:/00_program_installation/microchip/xc32/v2.10/bin/bin/../../lib/gcc/pic32c/6.2.1/v7e-m/fpv5/hard/crti.o
 .ARM.attributes
                0x00000020       0x32 d:/00_program_installation/microchip/xc32/v2.10/bin/bin/../../lib/gcc/pic32c/6.2.1/v7e-m/fpv5/hard/crtbegin.o
 .ARM.attributes
                0x00000052       0x37 build/default/production/_ext/1360937237/main.o
 .ARM.attributes
                0x00000089       0x37 build/default/production/_ext/1360937237/app.o
 .ARM.attributes
                0x000000c0       0x37 build/default/production/_ext/1171490990/initialization.o
 .ARM.attributes
                0x000000f7       0x37 build/default/production/_ext/1171490990/tasks.o
 .ARM.attributes
                0x0000012e       0x37 build/default/production/_ext/1171490990/interrupts.o
 .ARM.attributes
                0x00000165       0x37 build/default/production/_ext/1171490990/exceptions.o
 .ARM.attributes
                0x0000019c       0x37 build/default/production/_ext/60165520/plib_clk.o
 .ARM.attributes
                0x000001d3       0x37 build/default/production/_ext/60177924/plib_pio.o
 .ARM.attributes
                0x0000020a       0x37 build/default/production/_ext/1865468468/plib_nvic.o
 .ARM.attributes
                0x00000241       0x37 build/default/production/_ext/60175264/plib_mpu.o
 .ARM.attributes
                0x00000278       0x37 build/default/production/_ext/1171490990/startup.o
 .ARM.attributes
                0x000002af       0x37 build/default/production/_ext/1881668453/sys_int.o
 .ARM.attributes
                0x000002e6       0x37 build/default/production/_ext/444070925/drv_ethphy.o
 .ARM.attributes
                0x0000031d       0x37 build/default/production/_ext/444070925/drv_extphy_smsc8740.o
 .ARM.attributes
                0x00000354       0x37 build/default/production/_ext/438849557/drv_miim.o
 .ARM.attributes
                0x0000038b       0x37 build/default/production/_ext/1546807373/drv_gmac.o
 .ARM.attributes
                0x000003c2       0x37 build/default/production/_ext/1546807373/drv_gmac_lib.o
 .ARM.attributes
                0x000003f9       0x37 build/default/production/_ext/718466696/net_pres.o
 .ARM.attributes
                0x00000430       0x37 build/default/production/_ext/101884895/sys_time.o
 .ARM.attributes
                0x00000467       0x37 build/default/production/_ext/829342655/plib_tc0.o
 .ARM.attributes
                0x0000049e       0x37 build/default/production/_ext/1033058136/arp.o
 .ARM.attributes
                0x000004d5       0x37 build/default/production/_ext/1033058136/berkeley_api.o
 .ARM.attributes
                0x0000050c       0x37 build/default/production/_ext/1033058136/dhcp.o
 .ARM.attributes
                0x00000543       0x37 build/default/production/_ext/1033058136/dns.o
 .ARM.attributes
                0x0000057a       0x37 build/default/production/_ext/1033058136/ipv4.o
 .ARM.attributes
                0x000005b1       0x37 build/default/production/_ext/1033058136/tcpip_heap_alloc.o
 .ARM.attributes
                0x000005e8       0x37 build/default/production/_ext/1033058136/tcpip_heap_internal.o
 .ARM.attributes
                0x0000061f       0x37 build/default/production/_ext/1033058136/helpers.o
 .ARM.attributes
                0x00000656       0x37 build/default/production/_ext/1033058136/hash_fnv.o
 .ARM.attributes
                0x0000068d       0x37 build/default/production/_ext/1033058136/oahash.o
 .ARM.attributes
                0x000006c4       0x37 build/default/production/_ext/1033058136/tcpip_helpers.o
 .ARM.attributes
                0x000006fb       0x37 build/default/production/_ext/1033058136/tcpip_manager.o
 .ARM.attributes
                0x00000732       0x37 build/default/production/_ext/1033058136/tcpip_notify.o
 .ARM.attributes
                0x00000769       0x37 build/default/production/_ext/1033058136/tcpip_packet.o
 .ARM.attributes
                0x000007a0       0x37 build/default/production/_ext/753841488/sys_time_h2_adapter.o
 .ARM.attributes
                0x000007d7       0x37 build/default/production/_ext/1033058136/tcp.o
 .ARM.attributes
                0x0000080e       0x37 build/default/production/_ext/1033058136/udp.o
 .ARM.attributes
                0x00000845       0x32 d:/00_program_installation/microchip/xc32/v2.10/bin/bin/../../lib/gcc/pic32c/6.2.1/../../../../pic32c/lib/v7e-m/fpv5/hard\libpic32c.a(data_init.o)
 .ARM.attributes
                0x00000877       0x20 d:/00_program_installation/microchip/xc32/v2.10/bin/bin/../../lib/gcc/pic32c/6.2.1/v7e-m/fpv5/hard\libgcc.a(_aeabi_uldivmod.o)
 .ARM.attributes
                0x00000897       0x32 d:/00_program_installation/microchip/xc32/v2.10/bin/bin/../../lib/gcc/pic32c/6.2.1/v7e-m/fpv5/hard\libgcc.a(_udivmoddi4.o)
 .ARM.attributes
                0x000008c9       0x20 d:/00_program_installation/microchip/xc32/v2.10/bin/bin/../../lib/gcc/pic32c/6.2.1/v7e-m/fpv5/hard\libgcc.a(_dvmd_tls.o)
 .ARM.attributes
                0x000008e9       0x32 d:/00_program_installation/microchip/xc32/v2.10/bin/bin/../../lib/gcc/pic32c/6.2.1/../../../../pic32c/lib/v7e-m/fpv5/hard\libc.a(lib_a-calloc.o)
 .ARM.attributes
                0x0000091b       0x32 d:/00_program_installation/microchip/xc32/v2.10/bin/bin/../../lib/gcc/pic32c/6.2.1/../../../../pic32c/lib/v7e-m/fpv5/hard\libc.a(lib_a-callocr.o)
 .ARM.attributes
                0x0000094d       0x32 d:/00_program_installation/microchip/xc32/v2.10/bin/bin/../../lib/gcc/pic32c/6.2.1/../../../../pic32c/lib/v7e-m/fpv5/hard\libc.a(lib_a-errno.o)
 .ARM.attributes
                0x0000097f       0x32 d:/00_program_installation/microchip/xc32/v2.10/bin/bin/../../lib/gcc/pic32c/6.2.1/../../../../pic32c/lib/v7e-m/fpv5/hard\libc.a(lib_a-impure.o)
 .ARM.attributes
                0x000009b1       0x32 d:/00_program_installation/microchip/xc32/v2.10/bin/bin/../../lib/gcc/pic32c/6.2.1/../../../../pic32c/lib/v7e-m/fpv5/hard\libc.a(lib_a-init.o)
 .ARM.attributes
                0x000009e3       0x32 d:/00_program_installation/microchip/xc32/v2.10/bin/bin/../../lib/gcc/pic32c/6.2.1/../../../../pic32c/lib/v7e-m/fpv5/hard\libc.a(lib_a-locale.o)
 .ARM.attributes
                0x00000a15       0x32 d:/00_program_installation/microchip/xc32/v2.10/bin/bin/../../lib/gcc/pic32c/6.2.1/../../../../pic32c/lib/v7e-m/fpv5/hard\libc.a(lib_a-malloc.o)
 .ARM.attributes
                0x00000a47       0x32 d:/00_program_installation/microchip/xc32/v2.10/bin/bin/../../lib/gcc/pic32c/6.2.1/../../../../pic32c/lib/v7e-m/fpv5/hard\libc.a(lib_a-mallocr.o)
 .ARM.attributes
                0x00000a79       0x32 d:/00_program_installation/microchip/xc32/v2.10/bin/bin/../../lib/gcc/pic32c/6.2.1/../../../../pic32c/lib/v7e-m/fpv5/hard\libc.a(lib_a-mbtowc_r.o)
 .ARM.attributes
                0x00000aab       0x32 d:/00_program_installation/microchip/xc32/v2.10/bin/bin/../../lib/gcc/pic32c/6.2.1/../../../../pic32c/lib/v7e-m/fpv5/hard\libc.a(lib_a-memcmp.o)
 .ARM.attributes
                0x00000add       0x1e d:/00_program_installation/microchip/xc32/v2.10/bin/bin/../../lib/gcc/pic32c/6.2.1/../../../../pic32c/lib/v7e-m/fpv5/hard\libc.a(lib_a-memcpy.o)
 .ARM.attributes
                0x00000afb       0x32 d:/00_program_installation/microchip/xc32/v2.10/bin/bin/../../lib/gcc/pic32c/6.2.1/../../../../pic32c/lib/v7e-m/fpv5/hard\libc.a(lib_a-memset.o)
 .ARM.attributes
                0x00000b2d       0x32 d:/00_program_installation/microchip/xc32/v2.10/bin/bin/../../lib/gcc/pic32c/6.2.1/../../../../pic32c/lib/v7e-m/fpv5/hard\libc.a(lib_a-mlock.o)
 .ARM.attributes
                0x00000b5f       0x32 d:/00_program_installation/microchip/xc32/v2.10/bin/bin/../../lib/gcc/pic32c/6.2.1/../../../../pic32c/lib/v7e-m/fpv5/hard\libc.a(lib_a-rand.o)
 .ARM.attributes
                0x00000b91       0x32 d:/00_program_installation/microchip/xc32/v2.10/bin/bin/../../lib/gcc/pic32c/6.2.1/../../../../pic32c/lib/v7e-m/fpv5/hard\libc.a(lib_a-sbrkr.o)
 .ARM.attributes
                0x00000bc3       0x1e d:/00_program_installation/microchip/xc32/v2.10/bin/bin/../../lib/gcc/pic32c/6.2.1/../../../../pic32c/lib/v7e-m/fpv5/hard\libc.a(lib_a-strcmp.o)
 .ARM.attributes
                0x00000be1       0x1e d:/00_program_installation/microchip/xc32/v2.10/bin/bin/../../lib/gcc/pic32c/6.2.1/../../../../pic32c/lib/v7e-m/fpv5/hard\libc.a(lib_a-strlen.o)
 .ARM.attributes
                0x00000bff       0x32 d:/00_program_installation/microchip/xc32/v2.10/bin/bin/../../lib/gcc/pic32c/6.2.1/../../../../pic32c/lib/v7e-m/fpv5/hard\libc.a(lib_a-strncpy.o)
 .ARM.attributes
                0x00000c31       0x32 d:/00_program_installation/microchip/xc32/v2.10/bin/bin/../../lib/gcc/pic32c/6.2.1/../../../../pic32c/lib/v7e-m/fpv5/hard\libc.a(lib_a-wctomb_r.o)
 .ARM.attributes
                0x00000c63       0x32 d:/00_program_installation/microchip/xc32/v2.10/bin/bin/../../lib/gcc/pic32c/6.2.1/../../../../pic32c/lib/v7e-m/fpv5/hard\libc.a(snprintf.cdnopsuxX.o)
 .ARM.attributes
                0x00000c95       0x32 d:/00_program_installation/microchip/xc32/v2.10/bin/bin/../../lib/gcc/pic32c/6.2.1/../../../../pic32c/lib/v7e-m/fpv5/hard\libc.a(vfprintf.cdnopsuxX.o)
 .ARM.attributes
                0x00000cc7       0x32 d:/00_program_installation/microchip/xc32/v2.10/bin/bin/../../lib/gcc/pic32c/6.2.1/../../../../pic32c/lib/v7e-m/fpv5/hard\libc.a(vsnprintf.cdnopsuxX.o)
 .ARM.attributes
                0x00000cf9       0x32 d:/00_program_installation/microchip/xc32/v2.10/bin/bin/../../lib/gcc/pic32c/6.2.1/../../../../pic32c/lib/v7e-m/fpv5/hard\libc.a(lib_a-__call_atexit.o)
 .ARM.attributes
                0x00000d2b       0x32 d:/00_program_installation/microchip/xc32/v2.10/bin/bin/../../lib/gcc/pic32c/6.2.1/../../../../pic32c/lib/v7e-m/fpv5/hard\libc.a(lib_a-atexit.o)
 .ARM.attributes
                0x00000d5d       0x32 d:/00_program_installation/microchip/xc32/v2.10/bin/bin/../../lib/gcc/pic32c/6.2.1/../../../../pic32c/lib/v7e-m/fpv5/hard\libc.a(lib_a-ctype_.o)
 .ARM.attributes
                0x00000d8f       0x32 d:/00_program_installation/microchip/xc32/v2.10/bin/bin/../../lib/gcc/pic32c/6.2.1/../../../../pic32c/lib/v7e-m/fpv5/hard\libc.a(lib_a-fflush.o)
 .ARM.attributes
                0x00000dc1       0x32 d:/00_program_installation/microchip/xc32/v2.10/bin/bin/../../lib/gcc/pic32c/6.2.1/../../../../pic32c/lib/v7e-m/fpv5/hard\libc.a(lib_a-findfp.o)
 .ARM.attributes
                0x00000df3       0x32 d:/00_program_installation/microchip/xc32/v2.10/bin/bin/../../lib/gcc/pic32c/6.2.1/../../../../pic32c/lib/v7e-m/fpv5/hard\libc.a(lib_a-fini.o)
 .ARM.attributes
                0x00000e25       0x32 d:/00_program_installation/microchip/xc32/v2.10/bin/bin/../../lib/gcc/pic32c/6.2.1/../../../../pic32c/lib/v7e-m/fpv5/hard\libc.a(lib_a-freer.o)
 .ARM.attributes
                0x00000e57       0x32 d:/00_program_installation/microchip/xc32/v2.10/bin/bin/../../lib/gcc/pic32c/6.2.1/../../../../pic32c/lib/v7e-m/fpv5/hard\libc.a(lib_a-fwalk.o)
 .ARM.attributes
                0x00000e89       0x1e d:/00_program_installation/microchip/xc32/v2.10/bin/bin/../../lib/gcc/pic32c/6.2.1/../../../../pic32c/lib/v7e-m/fpv5/hard\libc.a(lib_a-memchr.o)
 .ARM.attributes
                0x00000ea7       0x32 d:/00_program_installation/microchip/xc32/v2.10/bin/bin/../../lib/gcc/pic32c/6.2.1/../../../../pic32c/lib/v7e-m/fpv5/hard\libc.a(lib_a-reent.o)
 .ARM.attributes
                0x00000ed9       0x32 d:/00_program_installation/microchip/xc32/v2.10/bin/bin/../../lib/gcc/pic32c/6.2.1/../../../../pic32c/lib/v7e-m/fpv5/hard\libc.a(lib_a-stdio.o)
 .ARM.attributes
                0x00000f0b       0x32 d:/00_program_installation/microchip/xc32/v2.10/bin/bin/../../lib/gcc/pic32c/6.2.1/../../../../pic32c/lib/v7e-m/fpv5/hard\libc.a(lib_a-vfiprintf.o)
 .ARM.attributes
                0x00000f3d       0x32 d:/00_program_installation/microchip/xc32/v2.10/bin/bin/../../lib/gcc/pic32c/6.2.1/../../../../pic32c/lib/v7e-m/fpv5/hard\libc.a(lib_a-writer.o)
 .ARM.attributes
                0x00000f6f       0x32 d:/00_program_installation/microchip/xc32/v2.10/bin/bin/../../lib/gcc/pic32c/6.2.1/../../../../pic32c/lib/v7e-m/fpv5/hard\libc.a(lib_a-wsetup.o)
 .ARM.attributes
                0x00000fa1       0x32 d:/00_program_installation/microchip/xc32/v2.10/bin/bin/../../lib/gcc/pic32c/6.2.1/../../../../pic32c/lib/v7e-m/fpv5/hard\libc.a(lib_a-__atexit.o)
 .ARM.attributes
                0x00000fd3       0x32 d:/00_program_installation/microchip/xc32/v2.10/bin/bin/../../lib/gcc/pic32c/6.2.1/../../../../pic32c/lib/v7e-m/fpv5/hard\libc.a(lib_a-closer.o)
 .ARM.attributes
                0x00001005       0x32 d:/00_program_installation/microchip/xc32/v2.10/bin/bin/../../lib/gcc/pic32c/6.2.1/../../../../pic32c/lib/v7e-m/fpv5/hard\libc.a(lib_a-fclose.o)
 .ARM.attributes
                0x00001037       0x32 d:/00_program_installation/microchip/xc32/v2.10/bin/bin/../../lib/gcc/pic32c/6.2.1/../../../../pic32c/lib/v7e-m/fpv5/hard\libc.a(lib_a-fputwc.o)
 .ARM.attributes
                0x00001069       0x32 d:/00_program_installation/microchip/xc32/v2.10/bin/bin/../../lib/gcc/pic32c/6.2.1/../../../../pic32c/lib/v7e-m/fpv5/hard\libc.a(lib_a-fvwrite.o)
 .ARM.attributes
                0x0000109b       0x32 d:/00_program_installation/microchip/xc32/v2.10/bin/bin/../../lib/gcc/pic32c/6.2.1/../../../../pic32c/lib/v7e-m/fpv5/hard\libc.a(lib_a-lseekr.o)
 .ARM.attributes
                0x000010cd       0x32 d:/00_program_installation/microchip/xc32/v2.10/bin/bin/../../lib/gcc/pic32c/6.2.1/../../../../pic32c/lib/v7e-m/fpv5/hard\libc.a(lib_a-makebuf.o)
 .ARM.attributes
                0x000010ff       0x32 d:/00_program_installation/microchip/xc32/v2.10/bin/bin/../../lib/gcc/pic32c/6.2.1/../../../../pic32c/lib/v7e-m/fpv5/hard\libc.a(lib_a-memmove.o)
 .ARM.attributes
                0x00001131       0x32 d:/00_program_installation/microchip/xc32/v2.10/bin/bin/../../lib/gcc/pic32c/6.2.1/../../../../pic32c/lib/v7e-m/fpv5/hard\libc.a(lib_a-readr.o)
 .ARM.attributes
                0x00001163       0x32 d:/00_program_installation/microchip/xc32/v2.10/bin/bin/../../lib/gcc/pic32c/6.2.1/../../../../pic32c/lib/v7e-m/fpv5/hard\libc.a(lib_a-reallocr.o)
 .ARM.attributes
                0x00001195       0x32 d:/00_program_installation/microchip/xc32/v2.10/bin/bin/../../lib/gcc/pic32c/6.2.1/../../../../pic32c/lib/v7e-m/fpv5/hard\libc.a(lib_a-wbuf.o)
 .ARM.attributes
                0x000011c7       0x32 d:/00_program_installation/microchip/xc32/v2.10/bin/bin/../../lib/gcc/pic32c/6.2.1/../../../../pic32c/lib/v7e-m/fpv5/hard\libc.a(lib_a-wcrtomb.o)
 .ARM.attributes
                0x000011f9       0x32 d:/00_program_installation/microchip/xc32/v2.10/bin/bin/../../lib/gcc/pic32c/6.2.1/../../../../pic32c/lib/v7e-m/fpv5/hard\libc.a(lib_a-fstatr.o)
 .ARM.attributes
                0x0000122b       0x32 d:/00_program_installation/microchip/xc32/v2.10/bin/bin/../../lib/gcc/pic32c/6.2.1/../../../../pic32c/lib/v7e-m/fpv5/hard\libc.a(lib_a-isattyr.o)
 .ARM.attributes
                0x0000125d       0x32 d:/00_program_installation/microchip/xc32/v2.10/bin/bin/../../lib/gcc/pic32c/6.2.1/../../../../pic32c/lib/v7e-m/fpv5/hard\libpic32c.a(close.o)
 .ARM.attributes
                0x0000128f       0x32 d:/00_program_installation/microchip/xc32/v2.10/bin/bin/../../lib/gcc/pic32c/6.2.1/../../../../pic32c/lib/v7e-m/fpv5/hard\libpic32c.a(fstat.o)
 .ARM.attributes
                0x000012c1       0x32 d:/00_program_installation/microchip/xc32/v2.10/bin/bin/../../lib/gcc/pic32c/6.2.1/../../../../pic32c/lib/v7e-m/fpv5/hard\libpic32c.a(isatty.o)
 .ARM.attributes
                0x000012f3       0x32 d:/00_program_installation/microchip/xc32/v2.10/bin/bin/../../lib/gcc/pic32c/6.2.1/../../../../pic32c/lib/v7e-m/fpv5/hard\libpic32c.a(lseek.o)
 .ARM.attributes
                0x00001325       0x32 d:/00_program_installation/microchip/xc32/v2.10/bin/bin/../../lib/gcc/pic32c/6.2.1/../../../../pic32c/lib/v7e-m/fpv5/hard\libpic32c.a(read.o)
 .ARM.attributes
                0x00001357       0x32 d:/00_program_installation/microchip/xc32/v2.10/bin/bin/../../lib/gcc/pic32c/6.2.1/../../../../pic32c/lib/v7e-m/fpv5/hard\libpic32c.a(sbrk.o)
 .ARM.attributes
                0x00001389       0x32 d:/00_program_installation/microchip/xc32/v2.10/bin/bin/../../lib/gcc/pic32c/6.2.1/../../../../pic32c/lib/v7e-m/fpv5/hard\libpic32c.a(write.o)
 .ARM.attributes
                0x000013bb       0x32 d:/00_program_installation/microchip/xc32/v2.10/bin/bin/../../lib/gcc/pic32c/6.2.1/../../../../pic32c/lib/v7e-m/fpv5/hard\libpic32c.a(_mon_getc.o)
 .ARM.attributes
                0x000013ed       0x32 d:/00_program_installation/microchip/xc32/v2.10/bin/bin/../../lib/gcc/pic32c/6.2.1/../../../../pic32c/lib/v7e-m/fpv5/hard\libpic32c.a(_mon_putc.o)
 .ARM.attributes
                0x0000141f       0x20 d:/00_program_installation/microchip/xc32/v2.10/bin/bin/../../lib/gcc/pic32c/6.2.1/v7e-m/fpv5/hard/crtn.o

.comment        0x00000000       0x3c
 .comment       0x00000000       0x3c d:/00_program_installation/microchip/xc32/v2.10/bin/bin/../../lib/gcc/pic32c/6.2.1/v7e-m/fpv5/hard/crtbegin.o
                                 0x3d (size before relaxing)
 .comment       0x0000003c       0x3d build/default/production/_ext/1360937237/main.o
 .comment       0x0000003c       0x3d build/default/production/_ext/1360937237/app.o
 .comment       0x0000003c       0x3d build/default/production/_ext/1171490990/initialization.o
 .comment       0x0000003c       0x3d build/default/production/_ext/1171490990/tasks.o
 .comment       0x0000003c       0x3d build/default/production/_ext/1171490990/interrupts.o
 .comment       0x0000003c       0x3d build/default/production/_ext/1171490990/exceptions.o
 .comment       0x0000003c       0x3d build/default/production/_ext/60165520/plib_clk.o
 .comment       0x0000003c       0x3d build/default/production/_ext/60177924/plib_pio.o
 .comment       0x0000003c       0x3d build/default/production/_ext/1865468468/plib_nvic.o
 .comment       0x0000003c       0x3d build/default/production/_ext/60175264/plib_mpu.o
 .comment       0x0000003c       0x3d build/default/production/_ext/1171490990/startup.o
 .comment       0x0000003c       0x3d build/default/production/_ext/1881668453/sys_int.o
 .comment       0x0000003c       0x3d build/default/production/_ext/444070925/drv_ethphy.o
 .comment       0x0000003c       0x3d build/default/production/_ext/444070925/drv_extphy_smsc8740.o
 .comment       0x0000003c       0x3d build/default/production/_ext/438849557/drv_miim.o
 .comment       0x0000003c       0x3d build/default/production/_ext/1546807373/drv_gmac.o
 .comment       0x0000003c       0x3d build/default/production/_ext/1546807373/drv_gmac_lib.o
 .comment       0x0000003c       0x3d build/default/production/_ext/718466696/net_pres.o
 .comment       0x0000003c       0x3d build/default/production/_ext/101884895/sys_time.o
 .comment       0x0000003c       0x3d build/default/production/_ext/829342655/plib_tc0.o
 .comment       0x0000003c       0x3d build/default/production/_ext/1033058136/arp.o
 .comment       0x0000003c       0x3d build/default/production/_ext/1033058136/berkeley_api.o
 .comment       0x0000003c       0x3d build/default/production/_ext/1033058136/dhcp.o
 .comment       0x0000003c       0x3d build/default/production/_ext/1033058136/dns.o
 .comment       0x0000003c       0x3d build/default/production/_ext/1033058136/ipv4.o
 .comment       0x0000003c       0x3d build/default/production/_ext/1033058136/tcpip_heap_alloc.o
 .comment       0x0000003c       0x3d build/default/production/_ext/1033058136/tcpip_heap_internal.o
 .comment       0x0000003c       0x3d build/default/production/_ext/1033058136/helpers.o
 .comment       0x0000003c       0x3d build/default/production/_ext/1033058136/hash_fnv.o
 .comment       0x0000003c       0x3d build/default/production/_ext/1033058136/oahash.o
 .comment       0x0000003c       0x3d build/default/production/_ext/1033058136/tcpip_helpers.o
 .comment       0x0000003c       0x3d build/default/production/_ext/1033058136/tcpip_manager.o
 .comment       0x0000003c       0x3d build/default/production/_ext/1033058136/tcpip_notify.o
 .comment       0x0000003c       0x3d build/default/production/_ext/1033058136/tcpip_packet.o
 .comment       0x0000003c       0x3d build/default/production/_ext/753841488/sys_time_h2_adapter.o
 .comment       0x0000003c       0x3d build/default/production/_ext/1033058136/tcp.o
 .comment       0x0000003c       0x3d build/default/production/_ext/1033058136/udp.o
 .comment       0x0000003c       0x3d d:/00_program_installation/microchip/xc32/v2.10/bin/bin/../../lib/gcc/pic32c/6.2.1/../../../../pic32c/lib/v7e-m/fpv5/hard\libpic32c.a(data_init.o)
 .comment       0x0000003c       0x3d d:/00_program_installation/microchip/xc32/v2.10/bin/bin/../../lib/gcc/pic32c/6.2.1/v7e-m/fpv5/hard\libgcc.a(_udivmoddi4.o)
 .comment       0x0000003c       0x3d d:/00_program_installation/microchip/xc32/v2.10/bin/bin/../../lib/gcc/pic32c/6.2.1/../../../../pic32c/lib/v7e-m/fpv5/hard\libc.a(lib_a-calloc.o)
 .comment       0x0000003c       0x3d d:/00_program_installation/microchip/xc32/v2.10/bin/bin/../../lib/gcc/pic32c/6.2.1/../../../../pic32c/lib/v7e-m/fpv5/hard\libc.a(lib_a-callocr.o)
 .comment       0x0000003c       0x3d d:/00_program_installation/microchip/xc32/v2.10/bin/bin/../../lib/gcc/pic32c/6.2.1/../../../../pic32c/lib/v7e-m/fpv5/hard\libc.a(lib_a-errno.o)
 .comment       0x0000003c       0x3d d:/00_program_installation/microchip/xc32/v2.10/bin/bin/../../lib/gcc/pic32c/6.2.1/../../../../pic32c/lib/v7e-m/fpv5/hard\libc.a(lib_a-impure.o)
 .comment       0x0000003c       0x3d d:/00_program_installation/microchip/xc32/v2.10/bin/bin/../../lib/gcc/pic32c/6.2.1/../../../../pic32c/lib/v7e-m/fpv5/hard\libc.a(lib_a-init.o)
 .comment       0x0000003c       0x3d d:/00_program_installation/microchip/xc32/v2.10/bin/bin/../../lib/gcc/pic32c/6.2.1/../../../../pic32c/lib/v7e-m/fpv5/hard\libc.a(lib_a-locale.o)
 .comment       0x0000003c       0x3d d:/00_program_installation/microchip/xc32/v2.10/bin/bin/../../lib/gcc/pic32c/6.2.1/../../../../pic32c/lib/v7e-m/fpv5/hard\libc.a(lib_a-malloc.o)
 .comment       0x0000003c       0x3d d:/00_program_installation/microchip/xc32/v2.10/bin/bin/../../lib/gcc/pic32c/6.2.1/../../../../pic32c/lib/v7e-m/fpv5/hard\libc.a(lib_a-mallocr.o)
 .comment       0x0000003c       0x3d d:/00_program_installation/microchip/xc32/v2.10/bin/bin/../../lib/gcc/pic32c/6.2.1/../../../../pic32c/lib/v7e-m/fpv5/hard\libc.a(lib_a-mbtowc_r.o)
 .comment       0x0000003c       0x3d d:/00_program_installation/microchip/xc32/v2.10/bin/bin/../../lib/gcc/pic32c/6.2.1/../../../../pic32c/lib/v7e-m/fpv5/hard\libc.a(lib_a-memcmp.o)
 .comment       0x0000003c       0x3d d:/00_program_installation/microchip/xc32/v2.10/bin/bin/../../lib/gcc/pic32c/6.2.1/../../../../pic32c/lib/v7e-m/fpv5/hard\libc.a(lib_a-memset.o)
 .comment       0x0000003c       0x3d d:/00_program_installation/microchip/xc32/v2.10/bin/bin/../../lib/gcc/pic32c/6.2.1/../../../../pic32c/lib/v7e-m/fpv5/hard\libc.a(lib_a-mlock.o)
 .comment       0x0000003c       0x3d d:/00_program_installation/microchip/xc32/v2.10/bin/bin/../../lib/gcc/pic32c/6.2.1/../../../../pic32c/lib/v7e-m/fpv5/hard\libc.a(lib_a-rand.o)
 .comment       0x0000003c       0x3d d:/00_program_installation/microchip/xc32/v2.10/bin/bin/../../lib/gcc/pic32c/6.2.1/../../../../pic32c/lib/v7e-m/fpv5/hard\libc.a(lib_a-sbrkr.o)
 .comment       0x0000003c       0x3d d:/00_program_installation/microchip/xc32/v2.10/bin/bin/../../lib/gcc/pic32c/6.2.1/../../../../pic32c/lib/v7e-m/fpv5/hard\libc.a(lib_a-strncpy.o)
 .comment       0x0000003c       0x3d d:/00_program_installation/microchip/xc32/v2.10/bin/bin/../../lib/gcc/pic32c/6.2.1/../../../../pic32c/lib/v7e-m/fpv5/hard\libc.a(lib_a-wctomb_r.o)
 .comment       0x0000003c       0x3d d:/00_program_installation/microchip/xc32/v2.10/bin/bin/../../lib/gcc/pic32c/6.2.1/../../../../pic32c/lib/v7e-m/fpv5/hard\libc.a(snprintf.cdnopsuxX.o)
 .comment       0x0000003c       0x3d d:/00_program_installation/microchip/xc32/v2.10/bin/bin/../../lib/gcc/pic32c/6.2.1/../../../../pic32c/lib/v7e-m/fpv5/hard\libc.a(vfprintf.cdnopsuxX.o)
 .comment       0x0000003c       0x3d d:/00_program_installation/microchip/xc32/v2.10/bin/bin/../../lib/gcc/pic32c/6.2.1/../../../../pic32c/lib/v7e-m/fpv5/hard\libc.a(vsnprintf.cdnopsuxX.o)
 .comment       0x0000003c       0x3d d:/00_program_installation/microchip/xc32/v2.10/bin/bin/../../lib/gcc/pic32c/6.2.1/../../../../pic32c/lib/v7e-m/fpv5/hard\libc.a(lib_a-__call_atexit.o)
 .comment       0x0000003c       0x3d d:/00_program_installation/microchip/xc32/v2.10/bin/bin/../../lib/gcc/pic32c/6.2.1/../../../../pic32c/lib/v7e-m/fpv5/hard\libc.a(lib_a-atexit.o)
 .comment       0x0000003c       0x3d d:/00_program_installation/microchip/xc32/v2.10/bin/bin/../../lib/gcc/pic32c/6.2.1/../../../../pic32c/lib/v7e-m/fpv5/hard\libc.a(lib_a-ctype_.o)
 .comment       0x0000003c       0x3d d:/00_program_installation/microchip/xc32/v2.10/bin/bin/../../lib/gcc/pic32c/6.2.1/../../../../pic32c/lib/v7e-m/fpv5/hard\libc.a(lib_a-fflush.o)
 .comment       0x0000003c       0x3d d:/00_program_installation/microchip/xc32/v2.10/bin/bin/../../lib/gcc/pic32c/6.2.1/../../../../pic32c/lib/v7e-m/fpv5/hard\libc.a(lib_a-findfp.o)
 .comment       0x0000003c       0x3d d:/00_program_installation/microchip/xc32/v2.10/bin/bin/../../lib/gcc/pic32c/6.2.1/../../../../pic32c/lib/v7e-m/fpv5/hard\libc.a(lib_a-fini.o)
 .comment       0x0000003c       0x3d d:/00_program_installation/microchip/xc32/v2.10/bin/bin/../../lib/gcc/pic32c/6.2.1/../../../../pic32c/lib/v7e-m/fpv5/hard\libc.a(lib_a-freer.o)
 .comment       0x0000003c       0x3d d:/00_program_installation/microchip/xc32/v2.10/bin/bin/../../lib/gcc/pic32c/6.2.1/../../../../pic32c/lib/v7e-m/fpv5/hard\libc.a(lib_a-fwalk.o)
 .comment       0x0000003c       0x3d d:/00_program_installation/microchip/xc32/v2.10/bin/bin/../../lib/gcc/pic32c/6.2.1/../../../../pic32c/lib/v7e-m/fpv5/hard\libc.a(lib_a-reent.o)
 .comment       0x0000003c       0x3d d:/00_program_installation/microchip/xc32/v2.10/bin/bin/../../lib/gcc/pic32c/6.2.1/../../../../pic32c/lib/v7e-m/fpv5/hard\libc.a(lib_a-stdio.o)
 .comment       0x0000003c       0x3d d:/00_program_installation/microchip/xc32/v2.10/bin/bin/../../lib/gcc/pic32c/6.2.1/../../../../pic32c/lib/v7e-m/fpv5/hard\libc.a(lib_a-vfiprintf.o)
 .comment       0x0000003c       0x3d d:/00_program_installation/microchip/xc32/v2.10/bin/bin/../../lib/gcc/pic32c/6.2.1/../../../../pic32c/lib/v7e-m/fpv5/hard\libc.a(lib_a-writer.o)
 .comment       0x0000003c       0x3d d:/00_program_installation/microchip/xc32/v2.10/bin/bin/../../lib/gcc/pic32c/6.2.1/../../../../pic32c/lib/v7e-m/fpv5/hard\libc.a(lib_a-wsetup.o)
 .comment       0x0000003c       0x3d d:/00_program_installation/microchip/xc32/v2.10/bin/bin/../../lib/gcc/pic32c/6.2.1/../../../../pic32c/lib/v7e-m/fpv5/hard\libc.a(lib_a-__atexit.o)
 .comment       0x0000003c       0x3d d:/00_program_installation/microchip/xc32/v2.10/bin/bin/../../lib/gcc/pic32c/6.2.1/../../../../pic32c/lib/v7e-m/fpv5/hard\libc.a(lib_a-closer.o)
 .comment       0x0000003c       0x3d d:/00_program_installation/microchip/xc32/v2.10/bin/bin/../../lib/gcc/pic32c/6.2.1/../../../../pic32c/lib/v7e-m/fpv5/hard\libc.a(lib_a-fclose.o)
 .comment       0x0000003c       0x3d d:/00_program_installation/microchip/xc32/v2.10/bin/bin/../../lib/gcc/pic32c/6.2.1/../../../../pic32c/lib/v7e-m/fpv5/hard\libc.a(lib_a-fputwc.o)
 .comment       0x0000003c       0x3d d:/00_program_installation/microchip/xc32/v2.10/bin/bin/../../lib/gcc/pic32c/6.2.1/../../../../pic32c/lib/v7e-m/fpv5/hard\libc.a(lib_a-fvwrite.o)
 .comment       0x0000003c       0x3d d:/00_program_installation/microchip/xc32/v2.10/bin/bin/../../lib/gcc/pic32c/6.2.1/../../../../pic32c/lib/v7e-m/fpv5/hard\libc.a(lib_a-lseekr.o)
 .comment       0x0000003c       0x3d d:/00_program_installation/microchip/xc32/v2.10/bin/bin/../../lib/gcc/pic32c/6.2.1/../../../../pic32c/lib/v7e-m/fpv5/hard\libc.a(lib_a-makebuf.o)
 .comment       0x0000003c       0x3d d:/00_program_installation/microchip/xc32/v2.10/bin/bin/../../lib/gcc/pic32c/6.2.1/../../../../pic32c/lib/v7e-m/fpv5/hard\libc.a(lib_a-memmove.o)
 .comment       0x0000003c       0x3d d:/00_program_installation/microchip/xc32/v2.10/bin/bin/../../lib/gcc/pic32c/6.2.1/../../../../pic32c/lib/v7e-m/fpv5/hard\libc.a(lib_a-readr.o)
 .comment       0x0000003c       0x3d d:/00_program_installation/microchip/xc32/v2.10/bin/bin/../../lib/gcc/pic32c/6.2.1/../../../../pic32c/lib/v7e-m/fpv5/hard\libc.a(lib_a-reallocr.o)
 .comment       0x0000003c       0x3d d:/00_program_installation/microchip/xc32/v2.10/bin/bin/../../lib/gcc/pic32c/6.2.1/../../../../pic32c/lib/v7e-m/fpv5/hard\libc.a(lib_a-wbuf.o)
 .comment       0x0000003c       0x3d d:/00_program_installation/microchip/xc32/v2.10/bin/bin/../../lib/gcc/pic32c/6.2.1/../../../../pic32c/lib/v7e-m/fpv5/hard\libc.a(lib_a-wcrtomb.o)
 .comment       0x0000003c       0x3d d:/00_program_installation/microchip/xc32/v2.10/bin/bin/../../lib/gcc/pic32c/6.2.1/../../../../pic32c/lib/v7e-m/fpv5/hard\libc.a(lib_a-fstatr.o)
 .comment       0x0000003c       0x3d d:/00_program_installation/microchip/xc32/v2.10/bin/bin/../../lib/gcc/pic32c/6.2.1/../../../../pic32c/lib/v7e-m/fpv5/hard\libc.a(lib_a-isattyr.o)
 .comment       0x0000003c       0x3d d:/00_program_installation/microchip/xc32/v2.10/bin/bin/../../lib/gcc/pic32c/6.2.1/../../../../pic32c/lib/v7e-m/fpv5/hard\libpic32c.a(close.o)
 .comment       0x0000003c       0x3d d:/00_program_installation/microchip/xc32/v2.10/bin/bin/../../lib/gcc/pic32c/6.2.1/../../../../pic32c/lib/v7e-m/fpv5/hard\libpic32c.a(fstat.o)
 .comment       0x0000003c       0x3d d:/00_program_installation/microchip/xc32/v2.10/bin/bin/../../lib/gcc/pic32c/6.2.1/../../../../pic32c/lib/v7e-m/fpv5/hard\libpic32c.a(isatty.o)
 .comment       0x0000003c       0x3d d:/00_program_installation/microchip/xc32/v2.10/bin/bin/../../lib/gcc/pic32c/6.2.1/../../../../pic32c/lib/v7e-m/fpv5/hard\libpic32c.a(lseek.o)
 .comment       0x0000003c       0x3d d:/00_program_installation/microchip/xc32/v2.10/bin/bin/../../lib/gcc/pic32c/6.2.1/../../../../pic32c/lib/v7e-m/fpv5/hard\libpic32c.a(read.o)
 .comment       0x0000003c       0x3d d:/00_program_installation/microchip/xc32/v2.10/bin/bin/../../lib/gcc/pic32c/6.2.1/../../../../pic32c/lib/v7e-m/fpv5/hard\libpic32c.a(sbrk.o)
 .comment       0x0000003c       0x3d d:/00_program_installation/microchip/xc32/v2.10/bin/bin/../../lib/gcc/pic32c/6.2.1/../../../../pic32c/lib/v7e-m/fpv5/hard\libpic32c.a(write.o)
 .comment       0x0000003c       0x3d d:/00_program_installation/microchip/xc32/v2.10/bin/bin/../../lib/gcc/pic32c/6.2.1/../../../../pic32c/lib/v7e-m/fpv5/hard\libpic32c.a(_mon_getc.o)
 .comment       0x0000003c       0x3d d:/00_program_installation/microchip/xc32/v2.10/bin/bin/../../lib/gcc/pic32c/6.2.1/../../../../pic32c/lib/v7e-m/fpv5/hard\libpic32c.a(_mon_putc.o)

.debug_info     0x00000000    0xf4dbd
 .debug_info    0x00000000     0x437e build/default/production/_ext/1360937237/main.o
 .debug_info    0x0000437e      0xea3 build/default/production/_ext/1360937237/app.o
 .debug_info    0x00005221     0x70e3 build/default/production/_ext/1171490990/initialization.o
 .debug_info    0x0000c304     0x43a9 build/default/production/_ext/1171490990/tasks.o
 .debug_info    0x000106ad     0x4e3f build/default/production/_ext/1171490990/interrupts.o
 .debug_info    0x000154ec     0x441e build/default/production/_ext/1171490990/exceptions.o
 .debug_info    0x0001990a      0x911 build/default/production/_ext/60165520/plib_clk.o
 .debug_info    0x0001a21b      0xcc3 build/default/production/_ext/60177924/plib_pio.o
 .debug_info    0x0001aede      0xf22 build/default/production/_ext/1865468468/plib_nvic.o
 .debug_info    0x0001be00      0x8a2 build/default/production/_ext/60175264/plib_mpu.o
 .debug_info    0x0001c6a2     0x4d22 build/default/production/_ext/1171490990/startup.o
 .debug_info    0x000213c4      0xbeb build/default/production/_ext/1881668453/sys_int.o
 .debug_info    0x00021faf     0x85bd build/default/production/_ext/444070925/drv_ethphy.o
 .debug_info    0x0002a56c     0x31c9 build/default/production/_ext/444070925/drv_extphy_smsc8740.o
 .debug_info    0x0002d735     0x591a build/default/production/_ext/438849557/drv_miim.o
 .debug_info    0x0003304f     0xa63a build/default/production/_ext/1546807373/drv_gmac.o
 .debug_info    0x0003d689     0x8c34 build/default/production/_ext/1546807373/drv_gmac_lib.o
 .debug_info    0x000462bd     0x3adc build/default/production/_ext/718466696/net_pres.o
 .debug_info    0x00049d99     0x2b9d build/default/production/_ext/101884895/sys_time.o
 .debug_info    0x0004c936      0xefd build/default/production/_ext/829342655/plib_tc0.o
 .debug_info    0x0004d833     0x8541 build/default/production/_ext/1033058136/arp.o
 .debug_info    0x00055d74     0x8b5b build/default/production/_ext/1033058136/berkeley_api.o
 .debug_info    0x0005e8cf     0xad3f build/default/production/_ext/1033058136/dhcp.o
 .debug_info    0x0006960e     0x916a build/default/production/_ext/1033058136/dns.o
 .debug_info    0x00072778     0x7de5 build/default/production/_ext/1033058136/ipv4.o
 .debug_info    0x0007a55d     0x4533 build/default/production/_ext/1033058136/tcpip_heap_alloc.o
 .debug_info    0x0007ea90     0x5437 build/default/production/_ext/1033058136/tcpip_heap_internal.o
 .debug_info    0x00083ec7     0x10f9 build/default/production/_ext/1033058136/helpers.o
 .debug_info    0x00084fc0      0xf16 build/default/production/_ext/1033058136/hash_fnv.o
 .debug_info    0x00085ed6     0x1590 build/default/production/_ext/1033058136/oahash.o
 .debug_info    0x00087466     0x81cd build/default/production/_ext/1033058136/tcpip_helpers.o
 .debug_info    0x0008f633     0xca02 build/default/production/_ext/1033058136/tcpip_manager.o
 .debug_info    0x0009c035     0x4382 build/default/production/_ext/1033058136/tcpip_notify.o
 .debug_info    0x000a03b7     0x539f build/default/production/_ext/1033058136/tcpip_packet.o
 .debug_info    0x000a5756      0x4fb build/default/production/_ext/753841488/sys_time_h2_adapter.o
 .debug_info    0x000a5c51     0xc986 build/default/production/_ext/1033058136/tcp.o
 .debug_info    0x000b25d7     0xa75e build/default/production/_ext/1033058136/udp.o
 .debug_info    0x000bcd35      0x29f d:/00_program_installation/microchip/xc32/v2.10/bin/bin/../../lib/gcc/pic32c/6.2.1/../../../../pic32c/lib/v7e-m/fpv5/hard\libpic32c.a(data_init.o)
 .debug_info    0x000bcfd4      0x10f d:/00_program_installation/microchip/xc32/v2.10/bin/bin/../../lib/gcc/pic32c/6.2.1/v7e-m/fpv5/hard\libgcc.a(_aeabi_uldivmod.o)
 .debug_info    0x000bd0e3     0x2288 d:/00_program_installation/microchip/xc32/v2.10/bin/bin/../../lib/gcc/pic32c/6.2.1/v7e-m/fpv5/hard\libgcc.a(_udivmoddi4.o)
 .debug_info    0x000bf36b      0x113 d:/00_program_installation/microchip/xc32/v2.10/bin/bin/../../lib/gcc/pic32c/6.2.1/v7e-m/fpv5/hard\libgcc.a(_dvmd_tls.o)
 .debug_info    0x000bf47e      0xe42 d:/00_program_installation/microchip/xc32/v2.10/bin/bin/../../lib/gcc/pic32c/6.2.1/../../../../pic32c/lib/v7e-m/fpv5/hard\libc.a(lib_a-calloc.o)
 .debug_info    0x000c02c0     0x1248 d:/00_program_installation/microchip/xc32/v2.10/bin/bin/../../lib/gcc/pic32c/6.2.1/../../../../pic32c/lib/v7e-m/fpv5/hard\libc.a(lib_a-callocr.o)
 .debug_info    0x000c1508      0xe1b d:/00_program_installation/microchip/xc32/v2.10/bin/bin/../../lib/gcc/pic32c/6.2.1/../../../../pic32c/lib/v7e-m/fpv5/hard\libc.a(lib_a-errno.o)
 .debug_info    0x000c2323      0xdde d:/00_program_installation/microchip/xc32/v2.10/bin/bin/../../lib/gcc/pic32c/6.2.1/../../../../pic32c/lib/v7e-m/fpv5/hard\libc.a(lib_a-impure.o)
 .debug_info    0x000c3101      0x40a d:/00_program_installation/microchip/xc32/v2.10/bin/bin/../../lib/gcc/pic32c/6.2.1/../../../../pic32c/lib/v7e-m/fpv5/hard\libc.a(lib_a-init.o)
 .debug_info    0x000c350b     0x1884 d:/00_program_installation/microchip/xc32/v2.10/bin/bin/../../lib/gcc/pic32c/6.2.1/../../../../pic32c/lib/v7e-m/fpv5/hard\libc.a(lib_a-locale.o)
 .debug_info    0x000c4d8f      0xe81 d:/00_program_installation/microchip/xc32/v2.10/bin/bin/../../lib/gcc/pic32c/6.2.1/../../../../pic32c/lib/v7e-m/fpv5/hard\libc.a(lib_a-malloc.o)
 .debug_info    0x000c5c10     0x155d d:/00_program_installation/microchip/xc32/v2.10/bin/bin/../../lib/gcc/pic32c/6.2.1/../../../../pic32c/lib/v7e-m/fpv5/hard\libc.a(lib_a-mallocr.o)
 .debug_info    0x000c716d     0x176c d:/00_program_installation/microchip/xc32/v2.10/bin/bin/../../lib/gcc/pic32c/6.2.1/../../../../pic32c/lib/v7e-m/fpv5/hard\libc.a(lib_a-mbtowc_r.o)
 .debug_info    0x000c88d9      0xe5a d:/00_program_installation/microchip/xc32/v2.10/bin/bin/../../lib/gcc/pic32c/6.2.1/../../../../pic32c/lib/v7e-m/fpv5/hard\libc.a(lib_a-memcmp.o)
 .debug_info    0x000c9733      0x129 d:/00_program_installation/microchip/xc32/v2.10/bin/bin/../../lib/gcc/pic32c/6.2.1/../../../../pic32c/lib/v7e-m/fpv5/hard\libc.a(lib_a-memcpy.o)
 .debug_info    0x000c985c     0x15e9 d:/00_program_installation/microchip/xc32/v2.10/bin/bin/../../lib/gcc/pic32c/6.2.1/../../../../pic32c/lib/v7e-m/fpv5/hard\libc.a(lib_a-memset.o)
 .debug_info    0x000cae45      0xe38 d:/00_program_installation/microchip/xc32/v2.10/bin/bin/../../lib/gcc/pic32c/6.2.1/../../../../pic32c/lib/v7e-m/fpv5/hard\libc.a(lib_a-mlock.o)
 .debug_info    0x000cbc7d      0xe33 d:/00_program_installation/microchip/xc32/v2.10/bin/bin/../../lib/gcc/pic32c/6.2.1/../../../../pic32c/lib/v7e-m/fpv5/hard\libc.a(lib_a-rand.o)
 .debug_info    0x000ccab0      0xece d:/00_program_installation/microchip/xc32/v2.10/bin/bin/../../lib/gcc/pic32c/6.2.1/../../../../pic32c/lib/v7e-m/fpv5/hard\libc.a(lib_a-sbrkr.o)
 .debug_info    0x000cd97e      0x128 d:/00_program_installation/microchip/xc32/v2.10/bin/bin/../../lib/gcc/pic32c/6.2.1/../../../../pic32c/lib/v7e-m/fpv5/hard\libc.a(lib_a-strcmp.o)
 .debug_info    0x000cdaa6      0x128 d:/00_program_installation/microchip/xc32/v2.10/bin/bin/../../lib/gcc/pic32c/6.2.1/../../../../pic32c/lib/v7e-m/fpv5/hard\libc.a(lib_a-strlen.o)
 .debug_info    0x000cdbce      0xe7a d:/00_program_installation/microchip/xc32/v2.10/bin/bin/../../lib/gcc/pic32c/6.2.1/../../../../pic32c/lib/v7e-m/fpv5/hard\libc.a(lib_a-strncpy.o)
 .debug_info    0x000cea48     0x1737 d:/00_program_installation/microchip/xc32/v2.10/bin/bin/../../lib/gcc/pic32c/6.2.1/../../../../pic32c/lib/v7e-m/fpv5/hard\libc.a(lib_a-wctomb_r.o)
 .debug_info    0x000d017f      0xf36 d:/00_program_installation/microchip/xc32/v2.10/bin/bin/../../lib/gcc/pic32c/6.2.1/../../../../pic32c/lib/v7e-m/fpv5/hard\libc.a(snprintf.cdnopsuxX.o)
 .debug_info    0x000d10b5     0x2137 d:/00_program_installation/microchip/xc32/v2.10/bin/bin/../../lib/gcc/pic32c/6.2.1/../../../../pic32c/lib/v7e-m/fpv5/hard\libc.a(vfprintf.cdnopsuxX.o)
 .debug_info    0x000d31ec      0xf75 d:/00_program_installation/microchip/xc32/v2.10/bin/bin/../../lib/gcc/pic32c/6.2.1/../../../../pic32c/lib/v7e-m/fpv5/hard\libc.a(vsnprintf.cdnopsuxX.o)
 .debug_info    0x000d4161      0xf5a d:/00_program_installation/microchip/xc32/v2.10/bin/bin/../../lib/gcc/pic32c/6.2.1/../../../../pic32c/lib/v7e-m/fpv5/hard\libc.a(lib_a-__call_atexit.o)
 .debug_info    0x000d50bb      0xe6f d:/00_program_installation/microchip/xc32/v2.10/bin/bin/../../lib/gcc/pic32c/6.2.1/../../../../pic32c/lib/v7e-m/fpv5/hard\libc.a(lib_a-atexit.o)
 .debug_info    0x000d5f2a     0x1569 d:/00_program_installation/microchip/xc32/v2.10/bin/bin/../../lib/gcc/pic32c/6.2.1/../../../../pic32c/lib/v7e-m/fpv5/hard\libc.a(lib_a-ctype_.o)
 .debug_info    0x000d7493     0x1342 d:/00_program_installation/microchip/xc32/v2.10/bin/bin/../../lib/gcc/pic32c/6.2.1/../../../../pic32c/lib/v7e-m/fpv5/hard\libc.a(lib_a-fflush.o)
 .debug_info    0x000d87d5     0x170a d:/00_program_installation/microchip/xc32/v2.10/bin/bin/../../lib/gcc/pic32c/6.2.1/../../../../pic32c/lib/v7e-m/fpv5/hard\libc.a(lib_a-findfp.o)
 .debug_info    0x000d9edf      0x3cf d:/00_program_installation/microchip/xc32/v2.10/bin/bin/../../lib/gcc/pic32c/6.2.1/../../../../pic32c/lib/v7e-m/fpv5/hard\libc.a(lib_a-fini.o)
 .debug_info    0x000da2ae     0x13bc d:/00_program_installation/microchip/xc32/v2.10/bin/bin/../../lib/gcc/pic32c/6.2.1/../../../../pic32c/lib/v7e-m/fpv5/hard\libc.a(lib_a-freer.o)
 .debug_info    0x000db66a     0x1255 d:/00_program_installation/microchip/xc32/v2.10/bin/bin/../../lib/gcc/pic32c/6.2.1/../../../../pic32c/lib/v7e-m/fpv5/hard\libc.a(lib_a-fwalk.o)
 .debug_info    0x000dc8bf      0x122 d:/00_program_installation/microchip/xc32/v2.10/bin/bin/../../lib/gcc/pic32c/6.2.1/../../../../pic32c/lib/v7e-m/fpv5/hard\libc.a(lib_a-memchr.o)
 .debug_info    0x000dc9e1      0xf8a d:/00_program_installation/microchip/xc32/v2.10/bin/bin/../../lib/gcc/pic32c/6.2.1/../../../../pic32c/lib/v7e-m/fpv5/hard\libc.a(lib_a-reent.o)
 .debug_info    0x000dd96b     0x140c d:/00_program_installation/microchip/xc32/v2.10/bin/bin/../../lib/gcc/pic32c/6.2.1/../../../../pic32c/lib/v7e-m/fpv5/hard\libc.a(lib_a-stdio.o)
 .debug_info    0x000ded77     0x2682 d:/00_program_installation/microchip/xc32/v2.10/bin/bin/../../lib/gcc/pic32c/6.2.1/../../../../pic32c/lib/v7e-m/fpv5/hard\libc.a(lib_a-vfiprintf.o)
 .debug_info    0x000e13f9      0xf05 d:/00_program_installation/microchip/xc32/v2.10/bin/bin/../../lib/gcc/pic32c/6.2.1/../../../../pic32c/lib/v7e-m/fpv5/hard\libc.a(lib_a-writer.o)
 .debug_info    0x000e22fe     0x11d7 d:/00_program_installation/microchip/xc32/v2.10/bin/bin/../../lib/gcc/pic32c/6.2.1/../../../../pic32c/lib/v7e-m/fpv5/hard\libc.a(lib_a-wsetup.o)
 .debug_info    0x000e34d5      0xedb d:/00_program_installation/microchip/xc32/v2.10/bin/bin/../../lib/gcc/pic32c/6.2.1/../../../../pic32c/lib/v7e-m/fpv5/hard\libc.a(lib_a-__atexit.o)
 .debug_info    0x000e43b0      0xeb5 d:/00_program_installation/microchip/xc32/v2.10/bin/bin/../../lib/gcc/pic32c/6.2.1/../../../../pic32c/lib/v7e-m/fpv5/hard\libc.a(lib_a-closer.o)
 .debug_info    0x000e5265     0x1291 d:/00_program_installation/microchip/xc32/v2.10/bin/bin/../../lib/gcc/pic32c/6.2.1/../../../../pic32c/lib/v7e-m/fpv5/hard\libc.a(lib_a-fclose.o)
 .debug_info    0x000e64f6     0x13fc d:/00_program_installation/microchip/xc32/v2.10/bin/bin/../../lib/gcc/pic32c/6.2.1/../../../../pic32c/lib/v7e-m/fpv5/hard\libc.a(lib_a-fputwc.o)
 .debug_info    0x000e78f2     0x14ef d:/00_program_installation/microchip/xc32/v2.10/bin/bin/../../lib/gcc/pic32c/6.2.1/../../../../pic32c/lib/v7e-m/fpv5/hard\libc.a(lib_a-fvwrite.o)
 .debug_info    0x000e8de1      0xee6 d:/00_program_installation/microchip/xc32/v2.10/bin/bin/../../lib/gcc/pic32c/6.2.1/../../../../pic32c/lib/v7e-m/fpv5/hard\libc.a(lib_a-lseekr.o)
 .debug_info    0x000e9cc7     0x15a4 d:/00_program_installation/microchip/xc32/v2.10/bin/bin/../../lib/gcc/pic32c/6.2.1/../../../../pic32c/lib/v7e-m/fpv5/hard\libc.a(lib_a-makebuf.o)
 .debug_info    0x000eb26b     0x160b d:/00_program_installation/microchip/xc32/v2.10/bin/bin/../../lib/gcc/pic32c/6.2.1/../../../../pic32c/lib/v7e-m/fpv5/hard\libc.a(lib_a-memmove.o)
 .debug_info    0x000ec876      0xefd d:/00_program_installation/microchip/xc32/v2.10/bin/bin/../../lib/gcc/pic32c/6.2.1/../../../../pic32c/lib/v7e-m/fpv5/hard\libc.a(lib_a-readr.o)
 .debug_info    0x000ed773     0x14db d:/00_program_installation/microchip/xc32/v2.10/bin/bin/../../lib/gcc/pic32c/6.2.1/../../../../pic32c/lib/v7e-m/fpv5/hard\libc.a(lib_a-reallocr.o)
 .debug_info    0x000eec4e     0x125c d:/00_program_installation/microchip/xc32/v2.10/bin/bin/../../lib/gcc/pic32c/6.2.1/../../../../pic32c/lib/v7e-m/fpv5/hard\libc.a(lib_a-wbuf.o)
 .debug_info    0x000efeaa     0x17ed d:/00_program_installation/microchip/xc32/v2.10/bin/bin/../../lib/gcc/pic32c/6.2.1/../../../../pic32c/lib/v7e-m/fpv5/hard\libc.a(lib_a-wcrtomb.o)
 .debug_info    0x000f1697     0x11aa d:/00_program_installation/microchip/xc32/v2.10/bin/bin/../../lib/gcc/pic32c/6.2.1/../../../../pic32c/lib/v7e-m/fpv5/hard\libc.a(lib_a-fstatr.o)
 .debug_info    0x000f2841      0xeba d:/00_program_installation/microchip/xc32/v2.10/bin/bin/../../lib/gcc/pic32c/6.2.1/../../../../pic32c/lib/v7e-m/fpv5/hard\libc.a(lib_a-isattyr.o)
 .debug_info    0x000f36fb      0x294 d:/00_program_installation/microchip/xc32/v2.10/bin/bin/../../lib/gcc/pic32c/6.2.1/../../../../pic32c/lib/v7e-m/fpv5/hard\libpic32c.a(close.o)
 .debug_info    0x000f398f      0x284 d:/00_program_installation/microchip/xc32/v2.10/bin/bin/../../lib/gcc/pic32c/6.2.1/../../../../pic32c/lib/v7e-m/fpv5/hard\libpic32c.a(fstat.o)
 .debug_info    0x000f3c13      0x286 d:/00_program_installation/microchip/xc32/v2.10/bin/bin/../../lib/gcc/pic32c/6.2.1/../../../../pic32c/lib/v7e-m/fpv5/hard\libpic32c.a(isatty.o)
 .debug_info    0x000f3e99      0x284 d:/00_program_installation/microchip/xc32/v2.10/bin/bin/../../lib/gcc/pic32c/6.2.1/../../../../pic32c/lib/v7e-m/fpv5/hard\libpic32c.a(lseek.o)
 .debug_info    0x000f411d      0x283 d:/00_program_installation/microchip/xc32/v2.10/bin/bin/../../lib/gcc/pic32c/6.2.1/../../../../pic32c/lib/v7e-m/fpv5/hard\libpic32c.a(read.o)
 .debug_info    0x000f43a0      0x282 d:/00_program_installation/microchip/xc32/v2.10/bin/bin/../../lib/gcc/pic32c/6.2.1/../../../../pic32c/lib/v7e-m/fpv5/hard\libpic32c.a(sbrk.o)
 .debug_info    0x000f4622      0x285 d:/00_program_installation/microchip/xc32/v2.10/bin/bin/../../lib/gcc/pic32c/6.2.1/../../../../pic32c/lib/v7e-m/fpv5/hard\libpic32c.a(write.o)
 .debug_info    0x000f48a7      0x28b d:/00_program_installation/microchip/xc32/v2.10/bin/bin/../../lib/gcc/pic32c/6.2.1/../../../../pic32c/lib/v7e-m/fpv5/hard\libpic32c.a(_mon_getc.o)
 .debug_info    0x000f4b32      0x28b d:/00_program_installation/microchip/xc32/v2.10/bin/bin/../../lib/gcc/pic32c/6.2.1/../../../../pic32c/lib/v7e-m/fpv5/hard\libpic32c.a(_mon_putc.o)

.debug_abbrev   0x00000000     0xee64
 .debug_abbrev  0x00000000      0x270 build/default/production/_ext/1360937237/main.o
 .debug_abbrev  0x00000270      0x1ea build/default/production/_ext/1360937237/app.o
 .debug_abbrev  0x0000045a      0x341 build/default/production/_ext/1171490990/initialization.o
 .debug_abbrev  0x0000079b      0x276 build/default/production/_ext/1171490990/tasks.o
 .debug_abbrev  0x00000a11      0x247 build/default/production/_ext/1171490990/interrupts.o
 .debug_abbrev  0x00000c58      0x236 build/default/production/_ext/1171490990/exceptions.o
 .debug_abbrev  0x00000e8e       0xfa build/default/production/_ext/60165520/plib_clk.o
 .debug_abbrev  0x00000f88      0x144 build/default/production/_ext/60177924/plib_pio.o
 .debug_abbrev  0x000010cc      0x179 build/default/production/_ext/1865468468/plib_nvic.o
 .debug_abbrev  0x00001245       0xcd build/default/production/_ext/60175264/plib_mpu.o
 .debug_abbrev  0x00001312      0x366 build/default/production/_ext/1171490990/startup.o
 .debug_abbrev  0x00001678      0x1f1 build/default/production/_ext/1881668453/sys_int.o
 .debug_abbrev  0x00001869      0x587 build/default/production/_ext/444070925/drv_ethphy.o
 .debug_abbrev  0x00001df0      0x2d7 build/default/production/_ext/444070925/drv_extphy_smsc8740.o
 .debug_abbrev  0x000020c7      0x69a build/default/production/_ext/438849557/drv_miim.o
 .debug_abbrev  0x00002761      0x624 build/default/production/_ext/1546807373/drv_gmac.o
 .debug_abbrev  0x00002d85      0x542 build/default/production/_ext/1546807373/drv_gmac_lib.o
 .debug_abbrev  0x000032c7      0x45e build/default/production/_ext/718466696/net_pres.o
 .debug_abbrev  0x00003725      0x50d build/default/production/_ext/101884895/sys_time.o
 .debug_abbrev  0x00003c32      0x228 build/default/production/_ext/829342655/plib_tc0.o
 .debug_abbrev  0x00003e5a      0x543 build/default/production/_ext/1033058136/arp.o
 .debug_abbrev  0x0000439d      0x5ad build/default/production/_ext/1033058136/berkeley_api.o
 .debug_abbrev  0x0000494a      0x5b0 build/default/production/_ext/1033058136/dhcp.o
 .debug_abbrev  0x00004efa      0x5e4 build/default/production/_ext/1033058136/dns.o
 .debug_abbrev  0x000054de      0x530 build/default/production/_ext/1033058136/ipv4.o
 .debug_abbrev  0x00005a0e      0x299 build/default/production/_ext/1033058136/tcpip_heap_alloc.o
 .debug_abbrev  0x00005ca7      0x48f build/default/production/_ext/1033058136/tcpip_heap_internal.o
 .debug_abbrev  0x00006136      0x243 build/default/production/_ext/1033058136/helpers.o
 .debug_abbrev  0x00006379      0x1d0 build/default/production/_ext/1033058136/hash_fnv.o
 .debug_abbrev  0x00006549      0x34c build/default/production/_ext/1033058136/oahash.o
 .debug_abbrev  0x00006895      0x580 build/default/production/_ext/1033058136/tcpip_helpers.o
 .debug_abbrev  0x00006e15      0x67e build/default/production/_ext/1033058136/tcpip_manager.o
 .debug_abbrev  0x00007493      0x2eb build/default/production/_ext/1033058136/tcpip_notify.o
 .debug_abbrev  0x0000777e      0x47d build/default/production/_ext/1033058136/tcpip_packet.o
 .debug_abbrev  0x00007bfb      0x128 build/default/production/_ext/753841488/sys_time_h2_adapter.o
 .debug_abbrev  0x00007d23      0x62d build/default/production/_ext/1033058136/tcp.o
 .debug_abbrev  0x00008350      0x5dc build/default/production/_ext/1033058136/udp.o
 .debug_abbrev  0x0000892c       0x2a d:/00_program_installation/microchip/xc32/v2.10/bin/bin/../../lib/gcc/pic32c/6.2.1/../../../../pic32c/lib/v7e-m/fpv5/hard\libpic32c.a(data_init.o)
 .debug_abbrev  0x00008956       0x14 d:/00_program_installation/microchip/xc32/v2.10/bin/bin/../../lib/gcc/pic32c/6.2.1/v7e-m/fpv5/hard\libgcc.a(_aeabi_uldivmod.o)
 .debug_abbrev  0x0000896a      0x201 d:/00_program_installation/microchip/xc32/v2.10/bin/bin/../../lib/gcc/pic32c/6.2.1/v7e-m/fpv5/hard\libgcc.a(_udivmoddi4.o)
 .debug_abbrev  0x00008b6b       0x14 d:/00_program_installation/microchip/xc32/v2.10/bin/bin/../../lib/gcc/pic32c/6.2.1/v7e-m/fpv5/hard\libgcc.a(_dvmd_tls.o)
 .debug_abbrev  0x00008b7f      0x1cc d:/00_program_installation/microchip/xc32/v2.10/bin/bin/../../lib/gcc/pic32c/6.2.1/../../../../pic32c/lib/v7e-m/fpv5/hard\libc.a(lib_a-calloc.o)
 .debug_abbrev  0x00008d4b      0x203 d:/00_program_installation/microchip/xc32/v2.10/bin/bin/../../lib/gcc/pic32c/6.2.1/../../../../pic32c/lib/v7e-m/fpv5/hard\libc.a(lib_a-callocr.o)
 .debug_abbrev  0x00008f4e      0x194 d:/00_program_installation/microchip/xc32/v2.10/bin/bin/../../lib/gcc/pic32c/6.2.1/../../../../pic32c/lib/v7e-m/fpv5/hard\libc.a(lib_a-errno.o)
 .debug_abbrev  0x000090e2      0x176 d:/00_program_installation/microchip/xc32/v2.10/bin/bin/../../lib/gcc/pic32c/6.2.1/../../../../pic32c/lib/v7e-m/fpv5/hard\libc.a(lib_a-impure.o)
 .debug_abbrev  0x00009258       0xa3 d:/00_program_installation/microchip/xc32/v2.10/bin/bin/../../lib/gcc/pic32c/6.2.1/../../../../pic32c/lib/v7e-m/fpv5/hard\libc.a(lib_a-init.o)
 .debug_abbrev  0x000092fb      0x299 d:/00_program_installation/microchip/xc32/v2.10/bin/bin/../../lib/gcc/pic32c/6.2.1/../../../../pic32c/lib/v7e-m/fpv5/hard\libc.a(lib_a-locale.o)
 .debug_abbrev  0x00009594      0x1f8 d:/00_program_installation/microchip/xc32/v2.10/bin/bin/../../lib/gcc/pic32c/6.2.1/../../../../pic32c/lib/v7e-m/fpv5/hard\libc.a(lib_a-malloc.o)
 .debug_abbrev  0x0000978c      0x2ad d:/00_program_installation/microchip/xc32/v2.10/bin/bin/../../lib/gcc/pic32c/6.2.1/../../../../pic32c/lib/v7e-m/fpv5/hard\libc.a(lib_a-mallocr.o)
 .debug_abbrev  0x00009a39      0x203 d:/00_program_installation/microchip/xc32/v2.10/bin/bin/../../lib/gcc/pic32c/6.2.1/../../../../pic32c/lib/v7e-m/fpv5/hard\libc.a(lib_a-mbtowc_r.o)
 .debug_abbrev  0x00009c3c      0x1a3 d:/00_program_installation/microchip/xc32/v2.10/bin/bin/../../lib/gcc/pic32c/6.2.1/../../../../pic32c/lib/v7e-m/fpv5/hard\libc.a(lib_a-memcmp.o)
 .debug_abbrev  0x00009ddf       0x14 d:/00_program_installation/microchip/xc32/v2.10/bin/bin/../../lib/gcc/pic32c/6.2.1/../../../../pic32c/lib/v7e-m/fpv5/hard\libc.a(lib_a-memcpy.o)
 .debug_abbrev  0x00009df3      0x1b7 d:/00_program_installation/microchip/xc32/v2.10/bin/bin/../../lib/gcc/pic32c/6.2.1/../../../../pic32c/lib/v7e-m/fpv5/hard\libc.a(lib_a-memset.o)
 .debug_abbrev  0x00009faa      0x1b9 d:/00_program_installation/microchip/xc32/v2.10/bin/bin/../../lib/gcc/pic32c/6.2.1/../../../../pic32c/lib/v7e-m/fpv5/hard\libc.a(lib_a-mlock.o)
 .debug_abbrev  0x0000a163      0x1d6 d:/00_program_installation/microchip/xc32/v2.10/bin/bin/../../lib/gcc/pic32c/6.2.1/../../../../pic32c/lib/v7e-m/fpv5/hard\libc.a(lib_a-rand.o)
 .debug_abbrev  0x0000a339      0x1ed d:/00_program_installation/microchip/xc32/v2.10/bin/bin/../../lib/gcc/pic32c/6.2.1/../../../../pic32c/lib/v7e-m/fpv5/hard\libc.a(lib_a-sbrkr.o)
 .debug_abbrev  0x0000a526       0x14 d:/00_program_installation/microchip/xc32/v2.10/bin/bin/../../lib/gcc/pic32c/6.2.1/../../../../pic32c/lib/v7e-m/fpv5/hard\libc.a(lib_a-strcmp.o)
 .debug_abbrev  0x0000a53a       0x14 d:/00_program_installation/microchip/xc32/v2.10/bin/bin/../../lib/gcc/pic32c/6.2.1/../../../../pic32c/lib/v7e-m/fpv5/hard\libc.a(lib_a-strlen.o)
 .debug_abbrev  0x0000a54e      0x1ad d:/00_program_installation/microchip/xc32/v2.10/bin/bin/../../lib/gcc/pic32c/6.2.1/../../../../pic32c/lib/v7e-m/fpv5/hard\libc.a(lib_a-strncpy.o)
 .debug_abbrev  0x0000a6fb      0x21f d:/00_program_installation/microchip/xc32/v2.10/bin/bin/../../lib/gcc/pic32c/6.2.1/../../../../pic32c/lib/v7e-m/fpv5/hard\libc.a(lib_a-wctomb_r.o)
 .debug_abbrev  0x0000a91a      0x1ea d:/00_program_installation/microchip/xc32/v2.10/bin/bin/../../lib/gcc/pic32c/6.2.1/../../../../pic32c/lib/v7e-m/fpv5/hard\libc.a(snprintf.cdnopsuxX.o)
 .debug_abbrev  0x0000ab04      0x2ef d:/00_program_installation/microchip/xc32/v2.10/bin/bin/../../lib/gcc/pic32c/6.2.1/../../../../pic32c/lib/v7e-m/fpv5/hard\libc.a(vfprintf.cdnopsuxX.o)
 .debug_abbrev  0x0000adf3      0x203 d:/00_program_installation/microchip/xc32/v2.10/bin/bin/../../lib/gcc/pic32c/6.2.1/../../../../pic32c/lib/v7e-m/fpv5/hard\libc.a(vsnprintf.cdnopsuxX.o)
 .debug_abbrev  0x0000aff6      0x242 d:/00_program_installation/microchip/xc32/v2.10/bin/bin/../../lib/gcc/pic32c/6.2.1/../../../../pic32c/lib/v7e-m/fpv5/hard\libc.a(lib_a-__call_atexit.o)
 .debug_abbrev  0x0000b238      0x1e6 d:/00_program_installation/microchip/xc32/v2.10/bin/bin/../../lib/gcc/pic32c/6.2.1/../../../../pic32c/lib/v7e-m/fpv5/hard\libc.a(lib_a-atexit.o)
 .debug_abbrev  0x0000b41e      0x176 d:/00_program_installation/microchip/xc32/v2.10/bin/bin/../../lib/gcc/pic32c/6.2.1/../../../../pic32c/lib/v7e-m/fpv5/hard\libc.a(lib_a-ctype_.o)
 .debug_abbrev  0x0000b594      0x2d2 d:/00_program_installation/microchip/xc32/v2.10/bin/bin/../../lib/gcc/pic32c/6.2.1/../../../../pic32c/lib/v7e-m/fpv5/hard\libc.a(lib_a-fflush.o)
 .debug_abbrev  0x0000b866      0x3a1 d:/00_program_installation/microchip/xc32/v2.10/bin/bin/../../lib/gcc/pic32c/6.2.1/../../../../pic32c/lib/v7e-m/fpv5/hard\libc.a(lib_a-findfp.o)
 .debug_abbrev  0x0000bc07       0xa6 d:/00_program_installation/microchip/xc32/v2.10/bin/bin/../../lib/gcc/pic32c/6.2.1/../../../../pic32c/lib/v7e-m/fpv5/hard\libc.a(lib_a-fini.o)
 .debug_abbrev  0x0000bcad      0x24f d:/00_program_installation/microchip/xc32/v2.10/bin/bin/../../lib/gcc/pic32c/6.2.1/../../../../pic32c/lib/v7e-m/fpv5/hard\libc.a(lib_a-freer.o)
 .debug_abbrev  0x0000befc      0x1e3 d:/00_program_installation/microchip/xc32/v2.10/bin/bin/../../lib/gcc/pic32c/6.2.1/../../../../pic32c/lib/v7e-m/fpv5/hard\libc.a(lib_a-fwalk.o)
 .debug_abbrev  0x0000c0df       0x14 d:/00_program_installation/microchip/xc32/v2.10/bin/bin/../../lib/gcc/pic32c/6.2.1/../../../../pic32c/lib/v7e-m/fpv5/hard\libc.a(lib_a-memchr.o)
 .debug_abbrev  0x0000c0f3      0x23f d:/00_program_installation/microchip/xc32/v2.10/bin/bin/../../lib/gcc/pic32c/6.2.1/../../../../pic32c/lib/v7e-m/fpv5/hard\libc.a(lib_a-reent.o)
 .debug_abbrev  0x0000c332      0x284 d:/00_program_installation/microchip/xc32/v2.10/bin/bin/../../lib/gcc/pic32c/6.2.1/../../../../pic32c/lib/v7e-m/fpv5/hard\libc.a(lib_a-stdio.o)
 .debug_abbrev  0x0000c5b6      0x3a2 d:/00_program_installation/microchip/xc32/v2.10/bin/bin/../../lib/gcc/pic32c/6.2.1/../../../../pic32c/lib/v7e-m/fpv5/hard\libc.a(lib_a-vfiprintf.o)
 .debug_abbrev  0x0000c958      0x1fc d:/00_program_installation/microchip/xc32/v2.10/bin/bin/../../lib/gcc/pic32c/6.2.1/../../../../pic32c/lib/v7e-m/fpv5/hard\libc.a(lib_a-writer.o)
 .debug_abbrev  0x0000cb54      0x23c d:/00_program_installation/microchip/xc32/v2.10/bin/bin/../../lib/gcc/pic32c/6.2.1/../../../../pic32c/lib/v7e-m/fpv5/hard\libc.a(lib_a-wsetup.o)
 .debug_abbrev  0x0000cd90      0x1f2 d:/00_program_installation/microchip/xc32/v2.10/bin/bin/../../lib/gcc/pic32c/6.2.1/../../../../pic32c/lib/v7e-m/fpv5/hard\libc.a(lib_a-__atexit.o)
 .debug_abbrev  0x0000cf82      0x1f7 d:/00_program_installation/microchip/xc32/v2.10/bin/bin/../../lib/gcc/pic32c/6.2.1/../../../../pic32c/lib/v7e-m/fpv5/hard\libc.a(lib_a-closer.o)
 .debug_abbrev  0x0000d179      0x2b9 d:/00_program_installation/microchip/xc32/v2.10/bin/bin/../../lib/gcc/pic32c/6.2.1/../../../../pic32c/lib/v7e-m/fpv5/hard\libc.a(lib_a-fclose.o)
 .debug_abbrev  0x0000d432      0x309 d:/00_program_installation/microchip/xc32/v2.10/bin/bin/../../lib/gcc/pic32c/6.2.1/../../../../pic32c/lib/v7e-m/fpv5/hard\libc.a(lib_a-fputwc.o)
 .debug_abbrev  0x0000d73b      0x263 d:/00_program_installation/microchip/xc32/v2.10/bin/bin/../../lib/gcc/pic32c/6.2.1/../../../../pic32c/lib/v7e-m/fpv5/hard\libc.a(lib_a-fvwrite.o)
 .debug_abbrev  0x0000d99e      0x1f7 d:/00_program_installation/microchip/xc32/v2.10/bin/bin/../../lib/gcc/pic32c/6.2.1/../../../../pic32c/lib/v7e-m/fpv5/hard\libc.a(lib_a-lseekr.o)
 .debug_abbrev  0x0000db95      0x2b6 d:/00_program_installation/microchip/xc32/v2.10/bin/bin/../../lib/gcc/pic32c/6.2.1/../../../../pic32c/lib/v7e-m/fpv5/hard\libc.a(lib_a-makebuf.o)
 .debug_abbrev  0x0000de4b      0x1bc d:/00_program_installation/microchip/xc32/v2.10/bin/bin/../../lib/gcc/pic32c/6.2.1/../../../../pic32c/lib/v7e-m/fpv5/hard\libc.a(lib_a-memmove.o)
 .debug_abbrev  0x0000e007      0x1f7 d:/00_program_installation/microchip/xc32/v2.10/bin/bin/../../lib/gcc/pic32c/6.2.1/../../../../pic32c/lib/v7e-m/fpv5/hard\libc.a(lib_a-readr.o)
 .debug_abbrev  0x0000e1fe      0x262 d:/00_program_installation/microchip/xc32/v2.10/bin/bin/../../lib/gcc/pic32c/6.2.1/../../../../pic32c/lib/v7e-m/fpv5/hard\libc.a(lib_a-reallocr.o)
 .debug_abbrev  0x0000e460      0x266 d:/00_program_installation/microchip/xc32/v2.10/bin/bin/../../lib/gcc/pic32c/6.2.1/../../../../pic32c/lib/v7e-m/fpv5/hard\libc.a(lib_a-wbuf.o)
 .debug_abbrev  0x0000e6c6      0x220 d:/00_program_installation/microchip/xc32/v2.10/bin/bin/../../lib/gcc/pic32c/6.2.1/../../../../pic32c/lib/v7e-m/fpv5/hard\libc.a(lib_a-wcrtomb.o)
 .debug_abbrev  0x0000e8e6      0x1f7 d:/00_program_installation/microchip/xc32/v2.10/bin/bin/../../lib/gcc/pic32c/6.2.1/../../../../pic32c/lib/v7e-m/fpv5/hard\libc.a(lib_a-fstatr.o)
 .debug_abbrev  0x0000eadd      0x1f7 d:/00_program_installation/microchip/xc32/v2.10/bin/bin/../../lib/gcc/pic32c/6.2.1/../../../../pic32c/lib/v7e-m/fpv5/hard\libc.a(lib_a-isattyr.o)
 .debug_abbrev  0x0000ecd4       0x40 d:/00_program_installation/microchip/xc32/v2.10/bin/bin/../../lib/gcc/pic32c/6.2.1/../../../../pic32c/lib/v7e-m/fpv5/hard\libpic32c.a(close.o)
 .debug_abbrev  0x0000ed14       0x2a d:/00_program_installation/microchip/xc32/v2.10/bin/bin/../../lib/gcc/pic32c/6.2.1/../../../../pic32c/lib/v7e-m/fpv5/hard\libpic32c.a(fstat.o)
 .debug_abbrev  0x0000ed3e       0x2a d:/00_program_installation/microchip/xc32/v2.10/bin/bin/../../lib/gcc/pic32c/6.2.1/../../../../pic32c/lib/v7e-m/fpv5/hard\libpic32c.a(isatty.o)
 .debug_abbrev  0x0000ed68       0x2a d:/00_program_installation/microchip/xc32/v2.10/bin/bin/../../lib/gcc/pic32c/6.2.1/../../../../pic32c/lib/v7e-m/fpv5/hard\libpic32c.a(lseek.o)
 .debug_abbrev  0x0000ed92       0x2a d:/00_program_installation/microchip/xc32/v2.10/bin/bin/../../lib/gcc/pic32c/6.2.1/../../../../pic32c/lib/v7e-m/fpv5/hard\libpic32c.a(read.o)
 .debug_abbrev  0x0000edbc       0x2a d:/00_program_installation/microchip/xc32/v2.10/bin/bin/../../lib/gcc/pic32c/6.2.1/../../../../pic32c/lib/v7e-m/fpv5/hard\libpic32c.a(sbrk.o)
 .debug_abbrev  0x0000ede6       0x2a d:/00_program_installation/microchip/xc32/v2.10/bin/bin/../../lib/gcc/pic32c/6.2.1/../../../../pic32c/lib/v7e-m/fpv5/hard\libpic32c.a(write.o)
 .debug_abbrev  0x0000ee10       0x2a d:/00_program_installation/microchip/xc32/v2.10/bin/bin/../../lib/gcc/pic32c/6.2.1/../../../../pic32c/lib/v7e-m/fpv5/hard\libpic32c.a(_mon_getc.o)
 .debug_abbrev  0x0000ee3a       0x2a d:/00_program_installation/microchip/xc32/v2.10/bin/bin/../../lib/gcc/pic32c/6.2.1/../../../../pic32c/lib/v7e-m/fpv5/hard\libpic32c.a(_mon_putc.o)

.debug_loc      0x00000000    0x3a442
 .debug_loc     0x00000000       0x20 build/default/production/_ext/1360937237/main.o
 .debug_loc     0x00000020       0x14 build/default/production/_ext/1360937237/app.o
 .debug_loc     0x00000034       0x79 build/default/production/_ext/1171490990/initialization.o
 .debug_loc     0x000000ad       0x20 build/default/production/_ext/1171490990/tasks.o
 .debug_loc     0x000000cd       0x84 build/default/production/_ext/60177924/plib_pio.o
 .debug_loc     0x00000151       0xb7 build/default/production/_ext/1865468468/plib_nvic.o
 .debug_loc     0x00000208       0x6d build/default/production/_ext/1171490990/startup.o
 .debug_loc     0x00000275       0xaa build/default/production/_ext/1881668453/sys_int.o
 .debug_loc     0x0000031f     0x38b6 build/default/production/_ext/444070925/drv_ethphy.o
 .debug_loc     0x00003bd5      0x29b build/default/production/_ext/444070925/drv_extphy_smsc8740.o
 .debug_loc     0x00003e70     0x24c2 build/default/production/_ext/438849557/drv_miim.o
 .debug_loc     0x00006332     0x1db8 build/default/production/_ext/1546807373/drv_gmac.o
 .debug_loc     0x000080ea     0x1847 build/default/production/_ext/1546807373/drv_gmac_lib.o
 .debug_loc     0x00009931     0x1fb6 build/default/production/_ext/718466696/net_pres.o
 .debug_loc     0x0000b8e7     0x1115 build/default/production/_ext/101884895/sys_time.o
 .debug_loc     0x0000c9fc       0x8e build/default/production/_ext/829342655/plib_tc0.o
 .debug_loc     0x0000ca8a     0x2a93 build/default/production/_ext/1033058136/arp.o
 .debug_loc     0x0000f51d     0x3326 build/default/production/_ext/1033058136/berkeley_api.o
 .debug_loc     0x00012843     0x2d25 build/default/production/_ext/1033058136/dhcp.o
 .debug_loc     0x00015568     0x2d55 build/default/production/_ext/1033058136/dns.o
 .debug_loc     0x000182bd     0x1edc build/default/production/_ext/1033058136/ipv4.o
 .debug_loc     0x0001a199      0x1fe build/default/production/_ext/1033058136/tcpip_heap_alloc.o
 .debug_loc     0x0001a397      0xe5c build/default/production/_ext/1033058136/tcpip_heap_internal.o
 .debug_loc     0x0001b1f3      0x3af build/default/production/_ext/1033058136/helpers.o
 .debug_loc     0x0001b5a2      0x278 build/default/production/_ext/1033058136/hash_fnv.o
 .debug_loc     0x0001b81a      0x3ce build/default/production/_ext/1033058136/oahash.o
 .debug_loc     0x0001bbe8     0x3b7a build/default/production/_ext/1033058136/tcpip_helpers.o
 .debug_loc     0x0001f762     0x5656 build/default/production/_ext/1033058136/tcpip_manager.o
 .debug_loc     0x00024db8      0x2dc build/default/production/_ext/1033058136/tcpip_notify.o
 .debug_loc     0x00025094      0xa00 build/default/production/_ext/1033058136/tcpip_packet.o
 .debug_loc     0x00025a94       0xde build/default/production/_ext/753841488/sys_time_h2_adapter.o
 .debug_loc     0x00025b72     0x651c build/default/production/_ext/1033058136/tcp.o
 .debug_loc     0x0002c08e     0x417e build/default/production/_ext/1033058136/udp.o
 .debug_loc     0x0003020c       0x14 d:/00_program_installation/microchip/xc32/v2.10/bin/bin/../../lib/gcc/pic32c/6.2.1/../../../../pic32c/lib/v7e-m/fpv5/hard\libpic32c.a(data_init.o)
 .debug_loc     0x00030220      0xda6 d:/00_program_installation/microchip/xc32/v2.10/bin/bin/../../lib/gcc/pic32c/6.2.1/v7e-m/fpv5/hard\libgcc.a(_udivmoddi4.o)
 .debug_loc     0x00030fc6       0x58 d:/00_program_installation/microchip/xc32/v2.10/bin/bin/../../lib/gcc/pic32c/6.2.1/../../../../pic32c/lib/v7e-m/fpv5/hard\libc.a(lib_a-calloc.o)
 .debug_loc     0x0003101e      0x2b1 d:/00_program_installation/microchip/xc32/v2.10/bin/bin/../../lib/gcc/pic32c/6.2.1/../../../../pic32c/lib/v7e-m/fpv5/hard\libc.a(lib_a-callocr.o)
 .debug_loc     0x000312cf       0xce d:/00_program_installation/microchip/xc32/v2.10/bin/bin/../../lib/gcc/pic32c/6.2.1/../../../../pic32c/lib/v7e-m/fpv5/hard\libc.a(lib_a-init.o)
 .debug_loc     0x0003139d      0x173 d:/00_program_installation/microchip/xc32/v2.10/bin/bin/../../lib/gcc/pic32c/6.2.1/../../../../pic32c/lib/v7e-m/fpv5/hard\libc.a(lib_a-locale.o)
 .debug_loc     0x00031510       0x58 d:/00_program_installation/microchip/xc32/v2.10/bin/bin/../../lib/gcc/pic32c/6.2.1/../../../../pic32c/lib/v7e-m/fpv5/hard\libc.a(lib_a-malloc.o)
 .debug_loc     0x00031568      0xc66 d:/00_program_installation/microchip/xc32/v2.10/bin/bin/../../lib/gcc/pic32c/6.2.1/../../../../pic32c/lib/v7e-m/fpv5/hard\libc.a(lib_a-mallocr.o)
 .debug_loc     0x000321ce      0x259 d:/00_program_installation/microchip/xc32/v2.10/bin/bin/../../lib/gcc/pic32c/6.2.1/../../../../pic32c/lib/v7e-m/fpv5/hard\libc.a(lib_a-mbtowc_r.o)
 .debug_loc     0x00032427      0x1da d:/00_program_installation/microchip/xc32/v2.10/bin/bin/../../lib/gcc/pic32c/6.2.1/../../../../pic32c/lib/v7e-m/fpv5/hard\libc.a(lib_a-memcmp.o)
 .debug_loc     0x00032601      0x1f5 d:/00_program_installation/microchip/xc32/v2.10/bin/bin/../../lib/gcc/pic32c/6.2.1/../../../../pic32c/lib/v7e-m/fpv5/hard\libc.a(lib_a-memset.o)
 .debug_loc     0x000327f6       0x4b d:/00_program_installation/microchip/xc32/v2.10/bin/bin/../../lib/gcc/pic32c/6.2.1/../../../../pic32c/lib/v7e-m/fpv5/hard\libc.a(lib_a-rand.o)
 .debug_loc     0x00032841       0x6d d:/00_program_installation/microchip/xc32/v2.10/bin/bin/../../lib/gcc/pic32c/6.2.1/../../../../pic32c/lib/v7e-m/fpv5/hard\libc.a(lib_a-sbrkr.o)
 .debug_loc     0x000328ae      0x175 d:/00_program_installation/microchip/xc32/v2.10/bin/bin/../../lib/gcc/pic32c/6.2.1/../../../../pic32c/lib/v7e-m/fpv5/hard\libc.a(lib_a-strncpy.o)
 .debug_loc     0x00032a23      0x124 d:/00_program_installation/microchip/xc32/v2.10/bin/bin/../../lib/gcc/pic32c/6.2.1/../../../../pic32c/lib/v7e-m/fpv5/hard\libc.a(lib_a-wctomb_r.o)
 .debug_loc     0x00032b47       0x9e d:/00_program_installation/microchip/xc32/v2.10/bin/bin/../../lib/gcc/pic32c/6.2.1/../../../../pic32c/lib/v7e-m/fpv5/hard\libc.a(snprintf.cdnopsuxX.o)
 .debug_loc     0x00032be5     0x1354 d:/00_program_installation/microchip/xc32/v2.10/bin/bin/../../lib/gcc/pic32c/6.2.1/../../../../pic32c/lib/v7e-m/fpv5/hard\libc.a(vfprintf.cdnopsuxX.o)
 .debug_loc     0x00033f39      0x166 d:/00_program_installation/microchip/xc32/v2.10/bin/bin/../../lib/gcc/pic32c/6.2.1/../../../../pic32c/lib/v7e-m/fpv5/hard\libc.a(vsnprintf.cdnopsuxX.o)
 .debug_loc     0x0003409f      0x1dd d:/00_program_installation/microchip/xc32/v2.10/bin/bin/../../lib/gcc/pic32c/6.2.1/../../../../pic32c/lib/v7e-m/fpv5/hard\libc.a(lib_a-__call_atexit.o)
 .debug_loc     0x0003427c       0x2c d:/00_program_installation/microchip/xc32/v2.10/bin/bin/../../lib/gcc/pic32c/6.2.1/../../../../pic32c/lib/v7e-m/fpv5/hard\libc.a(lib_a-atexit.o)
 .debug_loc     0x000342a8      0x327 d:/00_program_installation/microchip/xc32/v2.10/bin/bin/../../lib/gcc/pic32c/6.2.1/../../../../pic32c/lib/v7e-m/fpv5/hard\libc.a(lib_a-fflush.o)
 .debug_loc     0x000345cf      0x38a d:/00_program_installation/microchip/xc32/v2.10/bin/bin/../../lib/gcc/pic32c/6.2.1/../../../../pic32c/lib/v7e-m/fpv5/hard\libc.a(lib_a-findfp.o)
 .debug_loc     0x00034959       0x88 d:/00_program_installation/microchip/xc32/v2.10/bin/bin/../../lib/gcc/pic32c/6.2.1/../../../../pic32c/lib/v7e-m/fpv5/hard\libc.a(lib_a-fini.o)
 .debug_loc     0x000349e1      0x5dd d:/00_program_installation/microchip/xc32/v2.10/bin/bin/../../lib/gcc/pic32c/6.2.1/../../../../pic32c/lib/v7e-m/fpv5/hard\libc.a(lib_a-freer.o)
 .debug_loc     0x00034fbe      0x247 d:/00_program_installation/microchip/xc32/v2.10/bin/bin/../../lib/gcc/pic32c/6.2.1/../../../../pic32c/lib/v7e-m/fpv5/hard\libc.a(lib_a-fwalk.o)
 .debug_loc     0x00035205      0x175 d:/00_program_installation/microchip/xc32/v2.10/bin/bin/../../lib/gcc/pic32c/6.2.1/../../../../pic32c/lib/v7e-m/fpv5/hard\libc.a(lib_a-reent.o)
 .debug_loc     0x0003537a      0x32b d:/00_program_installation/microchip/xc32/v2.10/bin/bin/../../lib/gcc/pic32c/6.2.1/../../../../pic32c/lib/v7e-m/fpv5/hard\libc.a(lib_a-stdio.o)
 .debug_loc     0x000356a5     0x22c8 d:/00_program_installation/microchip/xc32/v2.10/bin/bin/../../lib/gcc/pic32c/6.2.1/../../../../pic32c/lib/v7e-m/fpv5/hard\libc.a(lib_a-vfiprintf.o)
 .debug_loc     0x0003796d       0xd0 d:/00_program_installation/microchip/xc32/v2.10/bin/bin/../../lib/gcc/pic32c/6.2.1/../../../../pic32c/lib/v7e-m/fpv5/hard\libc.a(lib_a-writer.o)
 .debug_loc     0x00037a3d       0xc2 d:/00_program_installation/microchip/xc32/v2.10/bin/bin/../../lib/gcc/pic32c/6.2.1/../../../../pic32c/lib/v7e-m/fpv5/hard\libc.a(lib_a-wsetup.o)
 .debug_loc     0x00037aff      0x1b7 d:/00_program_installation/microchip/xc32/v2.10/bin/bin/../../lib/gcc/pic32c/6.2.1/../../../../pic32c/lib/v7e-m/fpv5/hard\libc.a(lib_a-__atexit.o)
 .debug_loc     0x00037cb6       0x6d d:/00_program_installation/microchip/xc32/v2.10/bin/bin/../../lib/gcc/pic32c/6.2.1/../../../../pic32c/lib/v7e-m/fpv5/hard\libc.a(lib_a-closer.o)
 .debug_loc     0x00037d23      0x18a d:/00_program_installation/microchip/xc32/v2.10/bin/bin/../../lib/gcc/pic32c/6.2.1/../../../../pic32c/lib/v7e-m/fpv5/hard\libc.a(lib_a-fclose.o)
 .debug_loc     0x00037ead      0x400 d:/00_program_installation/microchip/xc32/v2.10/bin/bin/../../lib/gcc/pic32c/6.2.1/../../../../pic32c/lib/v7e-m/fpv5/hard\libc.a(lib_a-fputwc.o)
 .debug_loc     0x000382ad      0x75c d:/00_program_installation/microchip/xc32/v2.10/bin/bin/../../lib/gcc/pic32c/6.2.1/../../../../pic32c/lib/v7e-m/fpv5/hard\libc.a(lib_a-fvwrite.o)
 .debug_loc     0x00038a09       0xd0 d:/00_program_installation/microchip/xc32/v2.10/bin/bin/../../lib/gcc/pic32c/6.2.1/../../../../pic32c/lib/v7e-m/fpv5/hard\libc.a(lib_a-lseekr.o)
 .debug_loc     0x00038ad9      0x1cf d:/00_program_installation/microchip/xc32/v2.10/bin/bin/../../lib/gcc/pic32c/6.2.1/../../../../pic32c/lib/v7e-m/fpv5/hard\libc.a(lib_a-makebuf.o)
 .debug_loc     0x00038ca8      0x289 d:/00_program_installation/microchip/xc32/v2.10/bin/bin/../../lib/gcc/pic32c/6.2.1/../../../../pic32c/lib/v7e-m/fpv5/hard\libc.a(lib_a-memmove.o)
 .debug_loc     0x00038f31       0xd0 d:/00_program_installation/microchip/xc32/v2.10/bin/bin/../../lib/gcc/pic32c/6.2.1/../../../../pic32c/lib/v7e-m/fpv5/hard\libc.a(lib_a-readr.o)
 .debug_loc     0x00039001      0xf24 d:/00_program_installation/microchip/xc32/v2.10/bin/bin/../../lib/gcc/pic32c/6.2.1/../../../../pic32c/lib/v7e-m/fpv5/hard\libc.a(lib_a-reallocr.o)
 .debug_loc     0x00039f25      0x14b d:/00_program_installation/microchip/xc32/v2.10/bin/bin/../../lib/gcc/pic32c/6.2.1/../../../../pic32c/lib/v7e-m/fpv5/hard\libc.a(lib_a-wbuf.o)
 .debug_loc     0x0003a070      0x299 d:/00_program_installation/microchip/xc32/v2.10/bin/bin/../../lib/gcc/pic32c/6.2.1/../../../../pic32c/lib/v7e-m/fpv5/hard\libc.a(lib_a-wcrtomb.o)
 .debug_loc     0x0003a309       0xa4 d:/00_program_installation/microchip/xc32/v2.10/bin/bin/../../lib/gcc/pic32c/6.2.1/../../../../pic32c/lib/v7e-m/fpv5/hard\libc.a(lib_a-fstatr.o)
 .debug_loc     0x0003a3ad       0x6d d:/00_program_installation/microchip/xc32/v2.10/bin/bin/../../lib/gcc/pic32c/6.2.1/../../../../pic32c/lib/v7e-m/fpv5/hard\libc.a(lib_a-isattyr.o)
 .debug_loc     0x0003a41a       0x14 d:/00_program_installation/microchip/xc32/v2.10/bin/bin/../../lib/gcc/pic32c/6.2.1/../../../../pic32c/lib/v7e-m/fpv5/hard\libpic32c.a(read.o)
 .debug_loc     0x0003a42e       0x14 d:/00_program_installation/microchip/xc32/v2.10/bin/bin/../../lib/gcc/pic32c/6.2.1/../../../../pic32c/lib/v7e-m/fpv5/hard\libpic32c.a(write.o)

.debug_aranges  0x00000000     0x25b8
 .debug_aranges
                0x00000000       0x20 build/default/production/_ext/1360937237/main.o
 .debug_aranges
                0x00000020       0x28 build/default/production/_ext/1360937237/app.o
 .debug_aranges
                0x00000048       0x28 build/default/production/_ext/1171490990/initialization.o
 .debug_aranges
                0x00000070       0x20 build/default/production/_ext/1171490990/tasks.o
 .debug_aranges
                0x00000090       0x20 build/default/production/_ext/1171490990/interrupts.o
 .debug_aranges
                0x000000b0       0x48 build/default/production/_ext/1171490990/exceptions.o
 .debug_aranges
                0x000000f8       0x20 build/default/production/_ext/60165520/plib_clk.o
 .debug_aranges
                0x00000118       0x70 build/default/production/_ext/60177924/plib_pio.o
 .debug_aranges
                0x00000188       0x20 build/default/production/_ext/1865468468/plib_nvic.o
 .debug_aranges
                0x000001a8       0x20 build/default/production/_ext/60175264/plib_mpu.o
 .debug_aranges
                0x000001c8       0x20 build/default/production/_ext/1171490990/startup.o
 .debug_aranges
                0x000001e8       0x38 build/default/production/_ext/1881668453/sys_int.o
 .debug_aranges
                0x00000220      0x278 build/default/production/_ext/444070925/drv_ethphy.o
 .debug_aranges
                0x00000498       0x30 build/default/production/_ext/444070925/drv_extphy_smsc8740.o
 .debug_aranges
                0x000004c8       0xe8 build/default/production/_ext/438849557/drv_miim.o
 .debug_aranges
                0x000005b0      0x280 build/default/production/_ext/1546807373/drv_gmac.o
 .debug_aranges
                0x00000830       0xa0 build/default/production/_ext/1546807373/drv_gmac_lib.o
 .debug_aranges
                0x000008d0      0x110 build/default/production/_ext/718466696/net_pres.o
 .debug_aranges
                0x000009e0      0x100 build/default/production/_ext/101884895/sys_time.o
 .debug_aranges
                0x00000ae0       0x60 build/default/production/_ext/829342655/plib_tc0.o
 .debug_aranges
                0x00000b40      0x110 build/default/production/_ext/1033058136/arp.o
 .debug_aranges
                0x00000c50      0x130 build/default/production/_ext/1033058136/berkeley_api.o
 .debug_aranges
                0x00000d80      0x188 build/default/production/_ext/1033058136/dhcp.o
 .debug_aranges
                0x00000f08      0x140 build/default/production/_ext/1033058136/dns.o
 .debug_aranges
                0x00001048       0xc0 build/default/production/_ext/1033058136/ipv4.o
 .debug_aranges
                0x00001108       0x48 build/default/production/_ext/1033058136/tcpip_heap_alloc.o
 .debug_aranges
                0x00001150       0x68 build/default/production/_ext/1033058136/tcpip_heap_internal.o
 .debug_aranges
                0x000011b8       0x40 build/default/production/_ext/1033058136/helpers.o
 .debug_aranges
                0x000011f8       0x28 build/default/production/_ext/1033058136/hash_fnv.o
 .debug_aranges
                0x00001220       0x50 build/default/production/_ext/1033058136/oahash.o
 .debug_aranges
                0x00001270      0x218 build/default/production/_ext/1033058136/tcpip_helpers.o
 .debug_aranges
                0x00001488      0x370 build/default/production/_ext/1033058136/tcpip_manager.o
 .debug_aranges
                0x000017f8       0x40 build/default/production/_ext/1033058136/tcpip_notify.o
 .debug_aranges
                0x00001838       0x78 build/default/production/_ext/1033058136/tcpip_packet.o
 .debug_aranges
                0x000018b0       0x28 build/default/production/_ext/753841488/sys_time_h2_adapter.o
 .debug_aranges
                0x000018d8      0x220 build/default/production/_ext/1033058136/tcp.o
 .debug_aranges
                0x00001af8      0x1b8 build/default/production/_ext/1033058136/udp.o
 .debug_aranges
                0x00001cb0       0x20 d:/00_program_installation/microchip/xc32/v2.10/bin/bin/../../lib/gcc/pic32c/6.2.1/../../../../pic32c/lib/v7e-m/fpv5/hard\libpic32c.a(data_init.o)
 .debug_aranges
                0x00001cd0       0x20 d:/00_program_installation/microchip/xc32/v2.10/bin/bin/../../lib/gcc/pic32c/6.2.1/v7e-m/fpv5/hard\libgcc.a(_aeabi_uldivmod.o)
 .debug_aranges
                0x00001cf0       0x20 d:/00_program_installation/microchip/xc32/v2.10/bin/bin/../../lib/gcc/pic32c/6.2.1/v7e-m/fpv5/hard\libgcc.a(_udivmoddi4.o)
 .debug_aranges
                0x00001d10       0x20 d:/00_program_installation/microchip/xc32/v2.10/bin/bin/../../lib/gcc/pic32c/6.2.1/v7e-m/fpv5/hard\libgcc.a(_dvmd_tls.o)
 .debug_aranges
                0x00001d30       0x20 d:/00_program_installation/microchip/xc32/v2.10/bin/bin/../../lib/gcc/pic32c/6.2.1/../../../../pic32c/lib/v7e-m/fpv5/hard\libc.a(lib_a-calloc.o)
 .debug_aranges
                0x00001d50       0x20 d:/00_program_installation/microchip/xc32/v2.10/bin/bin/../../lib/gcc/pic32c/6.2.1/../../../../pic32c/lib/v7e-m/fpv5/hard\libc.a(lib_a-callocr.o)
 .debug_aranges
                0x00001d70       0x20 d:/00_program_installation/microchip/xc32/v2.10/bin/bin/../../lib/gcc/pic32c/6.2.1/../../../../pic32c/lib/v7e-m/fpv5/hard\libc.a(lib_a-errno.o)
 .debug_aranges
                0x00001d90       0x18 d:/00_program_installation/microchip/xc32/v2.10/bin/bin/../../lib/gcc/pic32c/6.2.1/../../../../pic32c/lib/v7e-m/fpv5/hard\libc.a(lib_a-impure.o)
 .debug_aranges
                0x00001da8       0x20 d:/00_program_installation/microchip/xc32/v2.10/bin/bin/../../lib/gcc/pic32c/6.2.1/../../../../pic32c/lib/v7e-m/fpv5/hard\libc.a(lib_a-init.o)
 .debug_aranges
                0x00001dc8       0x40 d:/00_program_installation/microchip/xc32/v2.10/bin/bin/../../lib/gcc/pic32c/6.2.1/../../../../pic32c/lib/v7e-m/fpv5/hard\libc.a(lib_a-locale.o)
 .debug_aranges
                0x00001e08       0x28 d:/00_program_installation/microchip/xc32/v2.10/bin/bin/../../lib/gcc/pic32c/6.2.1/../../../../pic32c/lib/v7e-m/fpv5/hard\libc.a(lib_a-malloc.o)
 .debug_aranges
                0x00001e30       0x20 d:/00_program_installation/microchip/xc32/v2.10/bin/bin/../../lib/gcc/pic32c/6.2.1/../../../../pic32c/lib/v7e-m/fpv5/hard\libc.a(lib_a-mallocr.o)
 .debug_aranges
                0x00001e50       0x28 d:/00_program_installation/microchip/xc32/v2.10/bin/bin/../../lib/gcc/pic32c/6.2.1/../../../../pic32c/lib/v7e-m/fpv5/hard\libc.a(lib_a-mbtowc_r.o)
 .debug_aranges
                0x00001e78       0x20 d:/00_program_installation/microchip/xc32/v2.10/bin/bin/../../lib/gcc/pic32c/6.2.1/../../../../pic32c/lib/v7e-m/fpv5/hard\libc.a(lib_a-memcmp.o)
 .debug_aranges
                0x00001e98       0x20 d:/00_program_installation/microchip/xc32/v2.10/bin/bin/../../lib/gcc/pic32c/6.2.1/../../../../pic32c/lib/v7e-m/fpv5/hard\libc.a(lib_a-memcpy.o)
 .debug_aranges
                0x00001eb8       0x20 d:/00_program_installation/microchip/xc32/v2.10/bin/bin/../../lib/gcc/pic32c/6.2.1/../../../../pic32c/lib/v7e-m/fpv5/hard\libc.a(lib_a-memset.o)
 .debug_aranges
                0x00001ed8       0x20 d:/00_program_installation/microchip/xc32/v2.10/bin/bin/../../lib/gcc/pic32c/6.2.1/../../../../pic32c/lib/v7e-m/fpv5/hard\libc.a(lib_a-mlock.o)
 .debug_aranges
                0x00001ef8       0x28 d:/00_program_installation/microchip/xc32/v2.10/bin/bin/../../lib/gcc/pic32c/6.2.1/../../../../pic32c/lib/v7e-m/fpv5/hard\libc.a(lib_a-rand.o)
 .debug_aranges
                0x00001f20       0x20 d:/00_program_installation/microchip/xc32/v2.10/bin/bin/../../lib/gcc/pic32c/6.2.1/../../../../pic32c/lib/v7e-m/fpv5/hard\libc.a(lib_a-sbrkr.o)
 .debug_aranges
                0x00001f40       0x20 d:/00_program_installation/microchip/xc32/v2.10/bin/bin/../../lib/gcc/pic32c/6.2.1/../../../../pic32c/lib/v7e-m/fpv5/hard\libc.a(lib_a-strcmp.o)
 .debug_aranges
                0x00001f60       0x20 d:/00_program_installation/microchip/xc32/v2.10/bin/bin/../../lib/gcc/pic32c/6.2.1/../../../../pic32c/lib/v7e-m/fpv5/hard\libc.a(lib_a-strlen.o)
 .debug_aranges
                0x00001f80       0x20 d:/00_program_installation/microchip/xc32/v2.10/bin/bin/../../lib/gcc/pic32c/6.2.1/../../../../pic32c/lib/v7e-m/fpv5/hard\libc.a(lib_a-strncpy.o)
 .debug_aranges
                0x00001fa0       0x28 d:/00_program_installation/microchip/xc32/v2.10/bin/bin/../../lib/gcc/pic32c/6.2.1/../../../../pic32c/lib/v7e-m/fpv5/hard\libc.a(lib_a-wctomb_r.o)
 .debug_aranges
                0x00001fc8       0x20 d:/00_program_installation/microchip/xc32/v2.10/bin/bin/../../lib/gcc/pic32c/6.2.1/../../../../pic32c/lib/v7e-m/fpv5/hard\libc.a(snprintf.cdnopsuxX.o)
 .debug_aranges
                0x00001fe8       0x30 d:/00_program_installation/microchip/xc32/v2.10/bin/bin/../../lib/gcc/pic32c/6.2.1/../../../../pic32c/lib/v7e-m/fpv5/hard\libc.a(vfprintf.cdnopsuxX.o)
 .debug_aranges
                0x00002018       0x20 d:/00_program_installation/microchip/xc32/v2.10/bin/bin/../../lib/gcc/pic32c/6.2.1/../../../../pic32c/lib/v7e-m/fpv5/hard\libc.a(vsnprintf.cdnopsuxX.o)
 .debug_aranges
                0x00002038       0x28 d:/00_program_installation/microchip/xc32/v2.10/bin/bin/../../lib/gcc/pic32c/6.2.1/../../../../pic32c/lib/v7e-m/fpv5/hard\libc.a(lib_a-__call_atexit.o)
 .debug_aranges
                0x00002060       0x20 d:/00_program_installation/microchip/xc32/v2.10/bin/bin/../../lib/gcc/pic32c/6.2.1/../../../../pic32c/lib/v7e-m/fpv5/hard\libc.a(lib_a-atexit.o)
 .debug_aranges
                0x00002080       0x18 d:/00_program_installation/microchip/xc32/v2.10/bin/bin/../../lib/gcc/pic32c/6.2.1/../../../../pic32c/lib/v7e-m/fpv5/hard\libc.a(lib_a-ctype_.o)
 .debug_aranges
                0x00002098       0x30 d:/00_program_installation/microchip/xc32/v2.10/bin/bin/../../lib/gcc/pic32c/6.2.1/../../../../pic32c/lib/v7e-m/fpv5/hard\libc.a(lib_a-fflush.o)
 .debug_aranges
                0x000020c8       0x68 d:/00_program_installation/microchip/xc32/v2.10/bin/bin/../../lib/gcc/pic32c/6.2.1/../../../../pic32c/lib/v7e-m/fpv5/hard\libc.a(lib_a-findfp.o)
 .debug_aranges
                0x00002130       0x20 d:/00_program_installation/microchip/xc32/v2.10/bin/bin/../../lib/gcc/pic32c/6.2.1/../../../../pic32c/lib/v7e-m/fpv5/hard\libc.a(lib_a-fini.o)
 .debug_aranges
                0x00002150       0x28 d:/00_program_installation/microchip/xc32/v2.10/bin/bin/../../lib/gcc/pic32c/6.2.1/../../../../pic32c/lib/v7e-m/fpv5/hard\libc.a(lib_a-freer.o)
 .debug_aranges
                0x00002178       0x28 d:/00_program_installation/microchip/xc32/v2.10/bin/bin/../../lib/gcc/pic32c/6.2.1/../../../../pic32c/lib/v7e-m/fpv5/hard\libc.a(lib_a-fwalk.o)
 .debug_aranges
                0x000021a0       0x20 d:/00_program_installation/microchip/xc32/v2.10/bin/bin/../../lib/gcc/pic32c/6.2.1/../../../../pic32c/lib/v7e-m/fpv5/hard\libc.a(lib_a-memchr.o)
 .debug_aranges
                0x000021c0       0x28 d:/00_program_installation/microchip/xc32/v2.10/bin/bin/../../lib/gcc/pic32c/6.2.1/../../../../pic32c/lib/v7e-m/fpv5/hard\libc.a(lib_a-reent.o)
 .debug_aranges
                0x000021e8       0x40 d:/00_program_installation/microchip/xc32/v2.10/bin/bin/../../lib/gcc/pic32c/6.2.1/../../../../pic32c/lib/v7e-m/fpv5/hard\libc.a(lib_a-stdio.o)
 .debug_aranges
                0x00002228       0x40 d:/00_program_installation/microchip/xc32/v2.10/bin/bin/../../lib/gcc/pic32c/6.2.1/../../../../pic32c/lib/v7e-m/fpv5/hard\libc.a(lib_a-vfiprintf.o)
 .debug_aranges
                0x00002268       0x20 d:/00_program_installation/microchip/xc32/v2.10/bin/bin/../../lib/gcc/pic32c/6.2.1/../../../../pic32c/lib/v7e-m/fpv5/hard\libc.a(lib_a-writer.o)
 .debug_aranges
                0x00002288       0x20 d:/00_program_installation/microchip/xc32/v2.10/bin/bin/../../lib/gcc/pic32c/6.2.1/../../../../pic32c/lib/v7e-m/fpv5/hard\libc.a(lib_a-wsetup.o)
 .debug_aranges
                0x000022a8       0x20 d:/00_program_installation/microchip/xc32/v2.10/bin/bin/../../lib/gcc/pic32c/6.2.1/../../../../pic32c/lib/v7e-m/fpv5/hard\libc.a(lib_a-__atexit.o)
 .debug_aranges
                0x000022c8       0x20 d:/00_program_installation/microchip/xc32/v2.10/bin/bin/../../lib/gcc/pic32c/6.2.1/../../../../pic32c/lib/v7e-m/fpv5/hard\libc.a(lib_a-closer.o)
 .debug_aranges
                0x000022e8       0x28 d:/00_program_installation/microchip/xc32/v2.10/bin/bin/../../lib/gcc/pic32c/6.2.1/../../../../pic32c/lib/v7e-m/fpv5/hard\libc.a(lib_a-fclose.o)
 .debug_aranges